Archive member included to satisfy reference by file (symbol)

/home/ghazi/Ac6/SystemWorkbench/plugins/fr.ac6.mcu.externaltools.arm-none.linux64_1.13.1.201707031232/tools/compiler/bin/../lib/gcc/arm-none-eabi/5.4.1/../../../../arm-none-eabi/lib/armv7e-m/fpu/libc.a(lib_a-errno.o)
                              src/syscalls.o (__errno)
/home/ghazi/Ac6/SystemWorkbench/plugins/fr.ac6.mcu.externaltools.arm-none.linux64_1.13.1.201707031232/tools/compiler/bin/../lib/gcc/arm-none-eabi/5.4.1/../../../../arm-none-eabi/lib/armv7e-m/fpu/libc.a(lib_a-exit.o)
                              /home/ghazi/Ac6/SystemWorkbench/plugins/fr.ac6.mcu.externaltools.arm-none.linux64_1.13.1.201707031232/tools/compiler/bin/../lib/gcc/arm-none-eabi/5.4.1/../../../../arm-none-eabi/lib/armv7e-m/fpu/crt0.o (exit)
/home/ghazi/Ac6/SystemWorkbench/plugins/fr.ac6.mcu.externaltools.arm-none.linux64_1.13.1.201707031232/tools/compiler/bin/../lib/gcc/arm-none-eabi/5.4.1/../../../../arm-none-eabi/lib/armv7e-m/fpu/libc.a(lib_a-impure.o)
                              /home/ghazi/Ac6/SystemWorkbench/plugins/fr.ac6.mcu.externaltools.arm-none.linux64_1.13.1.201707031232/tools/compiler/bin/../lib/gcc/arm-none-eabi/5.4.1/../../../../arm-none-eabi/lib/armv7e-m/fpu/libc.a(lib_a-exit.o) (_global_impure_ptr)
/home/ghazi/Ac6/SystemWorkbench/plugins/fr.ac6.mcu.externaltools.arm-none.linux64_1.13.1.201707031232/tools/compiler/bin/../lib/gcc/arm-none-eabi/5.4.1/../../../../arm-none-eabi/lib/armv7e-m/fpu/libc.a(lib_a-init.o)
                              /home/ghazi/Ac6/SystemWorkbench/plugins/fr.ac6.mcu.externaltools.arm-none.linux64_1.13.1.201707031232/tools/compiler/bin/../lib/gcc/arm-none-eabi/5.4.1/../../../../arm-none-eabi/lib/armv7e-m/fpu/crt0.o (__libc_init_array)
/home/ghazi/Ac6/SystemWorkbench/plugins/fr.ac6.mcu.externaltools.arm-none.linux64_1.13.1.201707031232/tools/compiler/bin/../lib/gcc/arm-none-eabi/5.4.1/../../../../arm-none-eabi/lib/armv7e-m/fpu/libc.a(lib_a-memset.o)
                              /home/ghazi/Ac6/SystemWorkbench/plugins/fr.ac6.mcu.externaltools.arm-none.linux64_1.13.1.201707031232/tools/compiler/bin/../lib/gcc/arm-none-eabi/5.4.1/../../../../arm-none-eabi/lib/armv7e-m/fpu/crt0.o (memset)
/home/ghazi/Ac6/SystemWorkbench/plugins/fr.ac6.mcu.externaltools.arm-none.linux64_1.13.1.201707031232/tools/compiler/bin/../lib/gcc/arm-none-eabi/5.4.1/../../../../arm-none-eabi/lib/armv7e-m/fpu/libc.a(lib_a-strcmp.o)
                              src/usbh_usr.o (strcmp)
/home/ghazi/Ac6/SystemWorkbench/plugins/fr.ac6.mcu.externaltools.arm-none.linux64_1.13.1.201707031232/tools/compiler/bin/../lib/gcc/arm-none-eabi/5.4.1/../../../../arm-none-eabi/lib/armv7e-m/fpu/libc.a(lib_a-__call_atexit.o)
                              /home/ghazi/Ac6/SystemWorkbench/plugins/fr.ac6.mcu.externaltools.arm-none.linux64_1.13.1.201707031232/tools/compiler/bin/../lib/gcc/arm-none-eabi/5.4.1/../../../../arm-none-eabi/lib/armv7e-m/fpu/libc.a(lib_a-exit.o) (__call_exitprocs)
/home/ghazi/Ac6/SystemWorkbench/plugins/fr.ac6.mcu.externaltools.arm-none.linux64_1.13.1.201707031232/tools/compiler/bin/../lib/gcc/arm-none-eabi/5.4.1/../../../../arm-none-eabi/lib/armv7e-m/fpu/libc.a(lib_a-atexit.o)
                              /home/ghazi/Ac6/SystemWorkbench/plugins/fr.ac6.mcu.externaltools.arm-none.linux64_1.13.1.201707031232/tools/compiler/bin/../lib/gcc/arm-none-eabi/5.4.1/../../../../arm-none-eabi/lib/armv7e-m/fpu/libc.a(lib_a-__call_atexit.o) (atexit)
/home/ghazi/Ac6/SystemWorkbench/plugins/fr.ac6.mcu.externaltools.arm-none.linux64_1.13.1.201707031232/tools/compiler/bin/../lib/gcc/arm-none-eabi/5.4.1/../../../../arm-none-eabi/lib/armv7e-m/fpu/libc.a(lib_a-fini.o)
                              /home/ghazi/Ac6/SystemWorkbench/plugins/fr.ac6.mcu.externaltools.arm-none.linux64_1.13.1.201707031232/tools/compiler/bin/../lib/gcc/arm-none-eabi/5.4.1/../../../../arm-none-eabi/lib/armv7e-m/fpu/libc.a(lib_a-__call_atexit.o) (__libc_fini_array)
/home/ghazi/Ac6/SystemWorkbench/plugins/fr.ac6.mcu.externaltools.arm-none.linux64_1.13.1.201707031232/tools/compiler/bin/../lib/gcc/arm-none-eabi/5.4.1/../../../../arm-none-eabi/lib/armv7e-m/fpu/libc.a(lib_a-__atexit.o)
                              /home/ghazi/Ac6/SystemWorkbench/plugins/fr.ac6.mcu.externaltools.arm-none.linux64_1.13.1.201707031232/tools/compiler/bin/../lib/gcc/arm-none-eabi/5.4.1/../../../../arm-none-eabi/lib/armv7e-m/fpu/libc.a(lib_a-atexit.o) (__register_exitproc)

Allocating common symbols
Common symbol       size              file

HSEStartUpStatus    0x1               USB_OTG_Driver/src/usb_bsp.o
fileR               0x424             src/usbh_usr.o
USBH_MSC_CSWData    0x10              USB_HOST_Library/Class/MSC/src/usbh_msc_bot.o
bytesWritten        0x2               src/usbh_usr.o
MSC_Machine         0x4a              USB_HOST_Library/Class/MSC/src/usbh_msc_core.o
fno                 0x18              src/usbh_usr.o
USBH_DataInBuffer   0x200             USB_HOST_Library/Class/MSC/src/usbh_msc_scsi.o
[...]
Memory Configuration

Name             Origin             Length             Attributes
FLASH            0x08000000         0x00100000         xr
RAM              0x20000000         0x00030000         xrw
MEMORY_B1        0x60000000         0x00000000         xr
*default*        0x00000000         0xffffffff

Linker script and memory map

LOAD /home/ghazi/Ac6/SystemWorkbench/plugins/fr.ac6.mcu.externaltools.arm-none.linux64_1.13.1.201707031232/tools/compiler/bin/../lib/gcc/arm-none-eabi/5.4.1/armv7e-m/fpu/crti.o
LOAD /home/ghazi/Ac6/SystemWorkbench/plugins/fr.ac6.mcu.externaltools.arm-none.linux64_1.13.1.201707031232/tools/compiler/bin/../lib/gcc/arm-none-eabi/5.4.1/armv7e-m/fpu/crtbegin.o
LOAD /home/ghazi/Ac6/SystemWorkbench/plugins/fr.ac6.mcu.externaltools.arm-none.linux64_1.13.1.201707031232/tools/compiler/bin/../lib/gcc/arm-none-eabi/5.4.1/../../../../arm-none-eabi/lib/armv7e-m/fpu/crt0.o
LOAD StdPeriph_Driver/src/misc.o
LOAD StdPeriph_Driver/src/stm32f4xx_adc.o
LOAD StdPeriph_Driver/src/stm32f4xx_can.o
LOAD StdPeriph_Driver/src/stm32f4xx_crc.o
LOAD StdPeriph_Driver/src/stm32f4xx_cryp.o
LOAD StdPeriph_Driver/src/stm32f4xx_cryp_aes.o
LOAD StdPeriph_Driver/src/stm32f4xx_cryp_des.o
LOAD StdPeriph_Driver/src/stm32f4xx_cryp_tdes.o
LOAD StdPeriph_Driver/src/stm32f4xx_dac.o
LOAD StdPeriph_Driver/src/stm32f4xx_dbgmcu.o
LOAD StdPeriph_Driver/src/stm32f4xx_dcmi.o
LOAD StdPeriph_Driver/src/stm32f4xx_dma.o
LOAD StdPeriph_Driver/src/stm32f4xx_exti.o
LOAD StdPeriph_Driver/src/stm32f4xx_flash.o
LOAD StdPeriph_Driver/src/stm32f4xx_fsmc.o
LOAD StdPeriph_Driver/src/stm32f4xx_gpio.o
LOAD StdPeriph_Driver/src/stm32f4xx_hash.o
LOAD StdPeriph_Driver/src/stm32f4xx_hash_md5.o
LOAD StdPeriph_Driver/src/stm32f4xx_hash_sha1.o
LOAD StdPeriph_Driver/src/stm32f4xx_i2c.o
LOAD StdPeriph_Driver/src/stm32f4xx_iwdg.o
LOAD StdPeriph_Driver/src/stm32f4xx_pwr.o
LOAD StdPeriph_Driver/src/stm32f4xx_rcc.o
LOAD StdPeriph_Driver/src/stm32f4xx_rng.o
LOAD StdPeriph_Driver/src/stm32f4xx_rtc.o
LOAD StdPeriph_Driver/src/stm32f4xx_sdio.o
LOAD StdPeriph_Driver/src/stm32f4xx_spi.o
LOAD StdPeriph_Driver/src/stm32f4xx_syscfg.o
LOAD StdPeriph_Driver/src/stm32f4xx_tim.o
LOAD StdPeriph_Driver/src/stm32f4xx_usart.o
LOAD StdPeriph_Driver/src/stm32f4xx_wwdg.o
LOAD USB_HOST_Library/Class/MSC/src/usbh_msc_bot.o
LOAD USB_HOST_Library/Class/MSC/src/usbh_msc_core.o
LOAD USB_HOST_Library/Class/MSC/src/usbh_msc_fatfs.o
LOAD USB_HOST_Library/Class/MSC/src/usbh_msc_scsi.o
LOAD USB_HOST_Library/Core/src/usbh_core.o
LOAD USB_HOST_Library/Core/src/usbh_hcs.o
LOAD USB_HOST_Library/Core/src/usbh_ioreq.o
LOAD USB_HOST_Library/Core/src/usbh_stdreq.o
LOAD USB_OTG_Driver/src/usb_bsp.o
LOAD USB_OTG_Driver/src/usb_core.o
LOAD USB_OTG_Driver/src/usb_hcd.o
LOAD USB_OTG_Driver/src/usb_hcd_int.o
LOAD Utilities/stm32f4_discovery.o
LOAD Utilities/stm32f4_discovery_lis302dl.o
LOAD fat_fs/src/fattime.o
LOAD fat_fs/src/ff.o
LOAD src/flash_api.o
LOAD src/main.o
LOAD src/stm32f4xx_it.o
LOAD src/syscalls.o
LOAD src/system_stm32f4xx.o
LOAD src/usbh_usr.o
LOAD startup/startup_stm32f4xx.o
LOAD /home/ghazi/Ac6/SystemWorkbench/plugins/fr.ac6.mcu.externaltools.arm-none.linux64_1.13.1.201707031232/tools/compiler/bin/../lib/gcc/arm-none-eabi/5.4.1/../../../../arm-none-eabi/lib/armv7e-m/fpu/libm.a
START GROUP
LOAD /home/ghazi/Ac6/SystemWorkbench/plugins/fr.ac6.mcu.externaltools.arm-none.linux64_1.13.1.201707031232/tools/compiler/bin/../lib/gcc/arm-none-eabi/5.4.1/armv7e-m/fpu/libgcc.a
LOAD /home/ghazi/Ac6/SystemWorkbench/plugins/fr.ac6.mcu.externaltools.arm-none.linux64_1.13.1.201707031232/tools/compiler/bin/../lib/gcc/arm-none-eabi/5.4.1/../../../../arm-none-eabi/lib/armv7e-m/fpu/libc.a
END GROUP
LOAD /home/ghazi/Ac6/SystemWorkbench/plugins/fr.ac6.mcu.externaltools.arm-none.linux64_1.13.1.201707031232/tools/compiler/bin/../lib/gcc/arm-none-eabi/5.4.1/armv7e-m/fpu/crtend.o
LOAD /home/ghazi/Ac6/SystemWorkbench/plugins/fr.ac6.mcu.externaltools.arm-none.linux64_1.13.1.201707031232/tools/compiler/bin/../lib/gcc/arm-none-eabi/5.4.1/armv7e-m/fpu/crtn.o
                0x20020000                _estack = 0x20020000
                0x00000000                _Min_Heap_Size = 0x0
                0x00000400                _Min_Stack_Size = 0x400

.isr_vector     0x08000000      0x188
                0x08000000                . = ALIGN (0x4)
 *(.isr_vector)
 .isr_vector    0x08000000      0x188 startup/startup_stm32f4xx.o
                0x08000000                g_pfnVectors
                0x08000188                . = ALIGN (0x4)

.text           0x080001a0     0x89bc
                0x080001a0                . = ALIGN (0x4)
 *(.text)
 .text          0x080001a0       0x5c /home/ghazi/Ac6/SystemWorkbench/plugins/fr.ac6.mcu.externaltools.arm-none.linux64_1.13.1.201707031232/tools/compiler/bin/../lib/gcc/arm-none-eabi/5.4.1/armv7e-m/fpu/crtbegin.o
 *fill*         0x080001fc        0x4 
 .text          0x08000200      0x2dc /home/ghazi/Ac6/SystemWorkbench/plugins/fr.ac6.mcu.externaltools.arm-none.linux64_1.13.1.201707031232/tools/compiler/bin/../lib/gcc/arm-none-eabi/5.4.1/../../../../arm-none-eabi/lib/armv7e-m/fpu/libc.a(lib_a-strcmp.o)
                0x08000208                strcmp
 *(.text*)
 .text.NVIC_PriorityGroupConfig
                0x080004dc       0x28 StdPeriph_Driver/src/misc.o
                0x080004dc                NVIC_PriorityGroupConfig
 .text.NVIC_Init
                0x08000504       0xc4 StdPeriph_Driver/src/misc.o
                0x08000504                NVIC_Init
 .text.NVIC_SetVectorTable
                0x080005c8       0x2c StdPeriph_Driver/src/misc.o
                0x080005c8                NVIC_SetVectorTable
 .text.EXTI_GetITStatus
                0x080005f4       0x48 StdPeriph_Driver/src/stm32f4xx_exti.o
                0x080005f4                EXTI_GetITStatus
 .text.EXTI_ClearITPendingBit
                0x0800063c       0x20 StdPeriph_Driver/src/stm32f4xx_exti.o
                0x0800063c                EXTI_ClearITPendingBit
 .text.GPIO_Init
                0x0800065c      0x11c StdPeriph_Driver/src/stm32f4xx_gpio.o
                0x0800065c                GPIO_Init
 .text.GPIO_SetBits
                0x08000778       0x20 StdPeriph_Driver/src/stm32f4xx_gpio.o
                0x08000778                GPIO_SetBits
 .text.GPIO_ResetBits
                0x08000798       0x20 StdPeriph_Driver/src/stm32f4xx_gpio.o
                0x08000798                GPIO_ResetBits
 .text.GPIO_PinAFConfig
                0x080007b8       0x94 StdPeriph_Driver/src/stm32f4xx_gpio.o
                0x080007b8                GPIO_PinAFConfig
 .text.RCC_GetClocksFreq
                0x0800084c      0x154 StdPeriph_Driver/src/stm32f4xx_rcc.o
                0x0800084c                RCC_GetClocksFreq
 .text.RCC_AHB1PeriphClockCmd
                0x080009a0       0x40 StdPeriph_Driver/src/stm32f4xx_rcc.o
                0x080009a0                RCC_AHB1PeriphClockCmd
 .text.RCC_AHB2PeriphClockCmd
                0x080009e0       0x40 StdPeriph_Driver/src/stm32f4xx_rcc.o
                0x080009e0                RCC_AHB2PeriphClockCmd
 .text.RCC_APB1PeriphClockCmd
                0x08000a20       0x40 StdPeriph_Driver/src/stm32f4xx_rcc.o
                0x08000a20                RCC_APB1PeriphClockCmd
 .text.RCC_APB2PeriphClockCmd
                0x08000a60       0x40 StdPeriph_Driver/src/stm32f4xx_rcc.o
                0x08000a60                RCC_APB2PeriphClockCmd
 .text.TIM_TimeBaseInit
                0x08000aa0       0xd8 StdPeriph_Driver/src/stm32f4xx_tim.o
                0x08000aa0                TIM_TimeBaseInit
 .text.TIM_ARRPreloadConfig
                0x08000b78       0x40 StdPeriph_Driver/src/stm32f4xx_tim.o
                0x08000b78                TIM_ARRPreloadConfig
 .text.TIM_Cmd  0x08000bb8       0x40 StdPeriph_Driver/src/stm32f4xx_tim.o
                0x08000bb8                TIM_Cmd
 .text.TIM_OC1Init
                0x08000bf8       0xf4 StdPeriph_Driver/src/stm32f4xx_tim.o
                0x08000bf8                TIM_OC1Init
 .text.TIM_SetCompare1
                0x08000cec       0x1c StdPeriph_Driver/src/stm32f4xx_tim.o
                0x08000cec                TIM_SetCompare1
 .text.TIM_OC1PreloadConfig
                0x08000d08       0x38 StdPeriph_Driver/src/stm32f4xx_tim.o
                0x08000d08                TIM_OC1PreloadConfig
 .text.TIM_GetCapture1
                0x08000d40       0x18 StdPeriph_Driver/src/stm32f4xx_tim.o
                0x08000d40                TIM_GetCapture1
 .text.TIM_ITConfig
                0x08000d58       0x48 StdPeriph_Driver/src/stm32f4xx_tim.o
                0x08000d58                TIM_ITConfig
 .text.TIM_GetITStatus
                0x08000da0       0x54 StdPeriph_Driver/src/stm32f4xx_tim.o
                0x08000da0                TIM_GetITStatus
 .text.TIM_ClearITPendingBit
                0x08000df4       0x24 StdPeriph_Driver/src/stm32f4xx_tim.o
                0x08000df4                TIM_ClearITPendingBit
 .text.USBH_MSC_Init
                0x08000e18       0x58 USB_HOST_Library/Class/MSC/src/usbh_msc_bot.o
                0x08000e18                USBH_MSC_Init
 .text.USBH_MSC_HandleBOTXfer
                0x08000e70      0x3a0 USB_HOST_Library/Class/MSC/src/usbh_msc_bot.o
                0x08000e70                USBH_MSC_HandleBOTXfer
 .text.USBH_MSC_BOT_Abort
                0x08001210       0x74 USB_HOST_Library/Class/MSC/src/usbh_msc_bot.o
                0x08001210                USBH_MSC_BOT_Abort
 .text.USBH_MSC_DecodeCSW
                0x08001284       0xa0 USB_HOST_Library/Class/MSC/src/usbh_msc_bot.o
                0x08001284                USBH_MSC_DecodeCSW
 .text.USBH_MSC_InterfaceInit
                0x08001324      0x114 USB_HOST_Library/Class/MSC/src/usbh_msc_core.o
 .text.USBH_MSC_InterfaceDeInit
                0x08001438       0x64 USB_HOST_Library/Class/MSC/src/usbh_msc_core.o
 .text.USBH_MSC_ClassRequest
                0x0800149c       0x28 USB_HOST_Library/Class/MSC/src/usbh_msc_core.o
 .text.USBH_MSC_Handle
                0x080014c4      0x238 USB_HOST_Library/Class/MSC/src/usbh_msc_core.o
 .text.USBH_MSC_BOTReset
                0x080016fc       0x40 USB_HOST_Library/Class/MSC/src/usbh_msc_core.o
 .text.USBH_MSC_GETMaxLUN
                0x0800173c       0x44 USB_HOST_Library/Class/MSC/src/usbh_msc_core.o
 .text.USBH_MSC_ErrorHandle
                0x08001780       0x5c USB_HOST_Library/Class/MSC/src/usbh_msc_core.o
                0x08001780                USBH_MSC_ErrorHandle
 .text.disk_initialize
                0x080017dc       0x3c USB_HOST_Library/Class/MSC/src/usbh_msc_fatfs.o
                0x080017dc                disk_initialize
 .text.disk_status
                0x08001818       0x2c USB_HOST_Library/Class/MSC/src/usbh_msc_fatfs.o
                0x08001818                disk_status
 .text.disk_read
                0x08001844       0x98 USB_HOST_Library/Class/MSC/src/usbh_msc_fatfs.o
                0x08001844                disk_read
 .text.disk_write
                0x080018dc       0xa8 USB_HOST_Library/Class/MSC/src/usbh_msc_fatfs.o
                0x080018dc                disk_write
 .text.disk_ioctl
                0x08001984       0x98 USB_HOST_Library/Class/MSC/src/usbh_msc_fatfs.o
                0x08001984                disk_ioctl
 .text.USBH_MSC_TestUnitReady
                0x08001a1c       0xdc USB_HOST_Library/Class/MSC/src/usbh_msc_scsi.o
                0x08001a1c                USBH_MSC_TestUnitReady
 .text.USBH_MSC_ReadCapacity10
                0x08001af8      0x120 USB_HOST_Library/Class/MSC/src/usbh_msc_scsi.o
                0x08001af8                USBH_MSC_ReadCapacity10
 .text.USBH_MSC_ModeSense6
                0x08001c18      0x100 USB_HOST_Library/Class/MSC/src/usbh_msc_scsi.o
                0x08001c18                USBH_MSC_ModeSense6
 .text.USBH_MSC_RequestSense
                0x08001d18      0x11c USB_HOST_Library/Class/MSC/src/usbh_msc_scsi.o
                0x08001d18                USBH_MSC_RequestSense
 .text.USBH_MSC_Write10
                0x08001e34      0x100 USB_HOST_Library/Class/MSC/src/usbh_msc_scsi.o
                0x08001e34                USBH_MSC_Write10
 .text.USBH_MSC_Read10
                0x08001f34      0x128 USB_HOST_Library/Class/MSC/src/usbh_msc_scsi.o
                0x08001f34                USBH_MSC_Read10
 .text.USBH_Connect
                0x0800205c       0x2c USB_HOST_Library/Core/src/usbh_core.o
                0x0800205c                USBH_Connect
 .text.USBH_Disconnect
                0x08002088       0x2c USB_HOST_Library/Core/src/usbh_core.o
                0x08002088                USBH_Disconnect
 .text.USBH_Init
                0x080020b4       0x74 USB_HOST_Library/Core/src/usbh_core.o
                0x080020b4                USBH_Init
 .text.USBH_DeInit
                0x08002128       0x60 USB_HOST_Library/Core/src/usbh_core.o
                0x08002128                USBH_DeInit
 .text.USBH_Process
                0x08002188      0x280 USB_HOST_Library/Core/src/usbh_core.o
                0x08002188                USBH_Process
 .text.USBH_ErrorHandle
                0x08002408       0x48 USB_HOST_Library/Core/src/usbh_core.o
                0x08002408                USBH_ErrorHandle
 .text.USBH_HandleEnum
                0x08002450      0x2e0 USB_HOST_Library/Core/src/usbh_core.o
 .text.USBH_HandleControl
                0x08002730      0x350 USB_HOST_Library/Core/src/usbh_core.o
                0x08002730                USBH_HandleControl
 .text.USBH_Open_Channel
                0x08002a80       0xf8 USB_HOST_Library/Core/src/usbh_hcs.o
                0x08002a80                USBH_Open_Channel
 .text.USBH_Modify_Channel
                0x08002b78       0x98 USB_HOST_Library/Core/src/usbh_hcs.o
                0x08002b78                USBH_Modify_Channel
 .text.USBH_Alloc_Channel
                0x08002c10       0x4c USB_HOST_Library/Core/src/usbh_hcs.o
                0x08002c10                USBH_Alloc_Channel
 .text.USBH_Free_Channel
                0x08002c5c       0x44 USB_HOST_Library/Core/src/usbh_hcs.o
                0x08002c5c                USBH_Free_Channel
 .text.USBH_DeAllocate_AllChannel
                0x08002ca0       0x38 USB_HOST_Library/Core/src/usbh_hcs.o
                0x08002ca0                USBH_DeAllocate_AllChannel
 .text.USBH_GetFreeChannel
                0x08002cd8       0x48 USB_HOST_Library/Core/src/usbh_hcs.o
 .text.USBH_CtlReq
                0x08002d20       0x8c USB_HOST_Library/Core/src/usbh_ioreq.o
                0x08002d20                USBH_CtlReq
 .text.USBH_CtlSendSetup
                0x08002dac       0x68 USB_HOST_Library/Core/src/usbh_ioreq.o
                0x08002dac                USBH_CtlSendSetup
 .text.USBH_CtlSendData
                0x08002e14       0xac USB_HOST_Library/Core/src/usbh_ioreq.o
                0x08002e14                USBH_CtlSendData
 .text.USBH_CtlReceiveData
                0x08002ec0       0x70 USB_HOST_Library/Core/src/usbh_ioreq.o
                0x08002ec0                USBH_CtlReceiveData
 .text.USBH_BulkSendData
                0x08002f30       0x94 USB_HOST_Library/Core/src/usbh_ioreq.o
                0x08002f30                USBH_BulkSendData
 .text.USBH_BulkReceiveData
                0x08002fc4       0x94 USB_HOST_Library/Core/src/usbh_ioreq.o
                0x08002fc4                USBH_BulkReceiveData
 .text.USBH_SubmitSetupRequest
                0x08003058       0x3c USB_HOST_Library/Core/src/usbh_ioreq.o
 .text.USBH_Get_DevDesc
                0x08003094       0x54 USB_HOST_Library/Core/src/usbh_stdreq.o
                0x08003094                USBH_Get_DevDesc
 .text.USBH_Get_CfgDesc
                0x080030e8       0x60 USB_HOST_Library/Core/src/usbh_stdreq.o
                0x080030e8                USBH_Get_CfgDesc
 .text.USBH_Get_StringDesc
                0x08003148       0x58 USB_HOST_Library/Core/src/usbh_stdreq.o
                0x08003148                USBH_Get_StringDesc
 .text.USBH_GetDescriptor
                0x080031a0       0x68 USB_HOST_Library/Core/src/usbh_stdreq.o
                0x080031a0                USBH_GetDescriptor
 .text.USBH_SetAddress
                0x08003208       0x44 USB_HOST_Library/Core/src/usbh_stdreq.o
                0x08003208                USBH_SetAddress
 .text.USBH_SetCfg
                0x0800324c       0x44 USB_HOST_Library/Core/src/usbh_stdreq.o
                0x0800324c                USBH_SetCfg
 .text.USBH_ClrFeature
                0x08003290       0x78 USB_HOST_Library/Core/src/usbh_stdreq.o
                0x08003290                USBH_ClrFeature
 .text.USBH_ParseDevDesc
                0x08003308       0xe0 USB_HOST_Library/Core/src/usbh_stdreq.o
 .text.USBH_ParseCfgDesc
                0x080033e8      0x154 USB_HOST_Library/Core/src/usbh_stdreq.o
 .text.USBH_ParseInterfaceDesc
                0x0800353c       0x60 USB_HOST_Library/Core/src/usbh_stdreq.o
 .text.USBH_ParseEPDesc
                0x0800359c       0x5c USB_HOST_Library/Core/src/usbh_stdreq.o
 .text.USBH_ParseStringDesc
                0x080035f8       0x68 USB_HOST_Library/Core/src/usbh_stdreq.o
 .text.USBH_GetNextDesc
                0x08003660       0x38 USB_HOST_Library/Core/src/usbh_stdreq.o
 .text.USB_OTG_BSP_Init
                0x08003698       0x9c USB_OTG_Driver/src/usb_bsp.o
                0x08003698                USB_OTG_BSP_Init
 .text.USB_OTG_BSP_EnableInterrupt
                0x08003734       0x4c USB_OTG_Driver/src/usb_bsp.o
                0x08003734                USB_OTG_BSP_EnableInterrupt
 .text.USB_OTG_BSP_DriveVBUS
                0x08003780       0x30 USB_OTG_Driver/src/usb_bsp.o
                0x08003780                USB_OTG_BSP_DriveVBUS
 .text.USB_OTG_BSP_ConfigVBUS
                0x080037b0       0x4c USB_OTG_Driver/src/usb_bsp.o
                0x080037b0                USB_OTG_BSP_ConfigVBUS
 .text.USB_OTG_BSP_TimeInit
                0x080037fc       0x40 USB_OTG_Driver/src/usb_bsp.o
 .text.USB_OTG_BSP_uDelay
                0x0800383c       0x18 USB_OTG_Driver/src/usb_bsp.o
                0x0800383c                USB_OTG_BSP_uDelay
 .text.USB_OTG_BSP_mDelay
                0x08003854       0x18 USB_OTG_Driver/src/usb_bsp.o
                0x08003854                USB_OTG_BSP_mDelay
 .text.USB_OTG_BSP_TimerIRQ
                0x0800386c       0x44 USB_OTG_Driver/src/usb_bsp.o
                0x0800386c                USB_OTG_BSP_TimerIRQ
 .text.BSP_Delay
                0x080038b0       0x3c USB_OTG_Driver/src/usb_bsp.o
 .text.BSP_SetTime
                0x080038ec       0x84 USB_OTG_Driver/src/usb_bsp.o
 .text.USB_OTG_EnableCommonInt
                0x08003970       0x44 USB_OTG_Driver/src/usb_core.o
 .text.USB_OTG_CoreReset
                0x080039b4       0x90 USB_OTG_Driver/src/usb_core.o
 .text.USB_OTG_WritePacket
                0x08003a44       0x78 USB_OTG_Driver/src/usb_core.o
                0x08003a44                USB_OTG_WritePacket
 .text.USB_OTG_ReadPacket
                0x08003abc       0x58 USB_OTG_Driver/src/usb_core.o
                0x08003abc                USB_OTG_ReadPacket
 .text.USB_OTG_SelectCore
                0x08003b14      0x174 USB_OTG_Driver/src/usb_core.o
                0x08003b14                USB_OTG_SelectCore
 .text.USB_OTG_CoreInit
                0x08003c88      0x1dc USB_OTG_Driver/src/usb_core.o
                0x08003c88                USB_OTG_CoreInit
 .text.USB_OTG_EnableGlobalInt
                0x08003e64       0x38 USB_OTG_Driver/src/usb_core.o
                0x08003e64                USB_OTG_EnableGlobalInt
 .text.USB_OTG_DisableGlobalInt
                0x08003e9c       0x38 USB_OTG_Driver/src/usb_core.o
                0x08003e9c                USB_OTG_DisableGlobalInt
 .text.USB_OTG_FlushTxFifo
                0x08003ed4       0x74 USB_OTG_Driver/src/usb_core.o
                0x08003ed4                USB_OTG_FlushTxFifo
 .text.USB_OTG_FlushRxFifo
                0x08003f48       0x60 USB_OTG_Driver/src/usb_core.o
                0x08003f48                USB_OTG_FlushRxFifo
 .text.USB_OTG_SetCurrentMode
                0x08003fa8       0x60 USB_OTG_Driver/src/usb_core.o
                0x08003fa8                USB_OTG_SetCurrentMode
 .text.USB_OTG_GetMode
                0x08004008       0x20 USB_OTG_Driver/src/usb_core.o
                0x08004008                USB_OTG_GetMode
 .text.USB_OTG_IsHostMode
                0x08004028       0x24 USB_OTG_Driver/src/usb_core.o
                0x08004028                USB_OTG_IsHostMode
 .text.USB_OTG_ReadCoreItr
                0x0800404c       0x30 USB_OTG_Driver/src/usb_core.o
                0x0800404c                USB_OTG_ReadCoreItr
 .text.USB_OTG_CoreInitHost
                0x0800407c       0xe0 USB_OTG_Driver/src/usb_core.o
                0x0800407c                USB_OTG_CoreInitHost
 .text.USB_OTG_IsEvenFrame
                0x0800415c       0x28 USB_OTG_Driver/src/usb_core.o
                0x0800415c                USB_OTG_IsEvenFrame
 .text.USB_OTG_DriveVbus
                0x08004184       0x7c USB_OTG_Driver/src/usb_core.o
                0x08004184                USB_OTG_DriveVbus
 .text.USB_OTG_EnableHostInt
                0x08004200       0x80 USB_OTG_Driver/src/usb_core.o
                0x08004200                USB_OTG_EnableHostInt
 .text.USB_OTG_InitFSLSPClkSel
                0x08004280       0x38 USB_OTG_Driver/src/usb_core.o
                0x08004280                USB_OTG_InitFSLSPClkSel
 .text.USB_OTG_ReadHPRT0
                0x080042b8       0x40 USB_OTG_Driver/src/usb_core.o
                0x080042b8                USB_OTG_ReadHPRT0
 .text.USB_OTG_ReadHostAllChannels_intr
                0x080042f8       0x1c USB_OTG_Driver/src/usb_core.o
                0x080042f8                USB_OTG_ReadHostAllChannels_intr
 .text.USB_OTG_ResetPort
                0x08004314       0x4c USB_OTG_Driver/src/usb_core.o
                0x08004314                USB_OTG_ResetPort
 .text.USB_OTG_HC_Init
                0x08004360      0x298 USB_OTG_Driver/src/usb_core.o
                0x08004360                USB_OTG_HC_Init
 .text.USB_OTG_HC_StartXfer
                0x080045f8      0x2b0 USB_OTG_Driver/src/usb_core.o
                0x080045f8                USB_OTG_HC_StartXfer
 .text.USB_OTG_HC_Halt
                0x080048a8       0x9c USB_OTG_Driver/src/usb_core.o
                0x080048a8                USB_OTG_HC_Halt
 .text.USB_OTG_HC_DoPing
                0x08004944       0x74 USB_OTG_Driver/src/usb_core.o
                0x08004944                USB_OTG_HC_DoPing
 .text.HCD_Init
                0x080049b8       0x8c USB_OTG_Driver/src/usb_hcd.o
                0x080049b8                HCD_Init
 .text.HCD_GetCurrentSpeed
                0x08004a44       0x28 USB_OTG_Driver/src/usb_hcd.o
                0x08004a44                HCD_GetCurrentSpeed
 .text.HCD_ResetPort
                0x08004a6c       0x18 USB_OTG_Driver/src/usb_hcd.o
                0x08004a6c                HCD_ResetPort
 .text.HCD_IsDeviceConnected
                0x08004a84       0x1c USB_OTG_Driver/src/usb_hcd.o
                0x08004a84                HCD_IsDeviceConnected
 .text.HCD_GetCurrentFrame
                0x08004aa0       0x1c USB_OTG_Driver/src/usb_hcd.o
                0x08004aa0                HCD_GetCurrentFrame
 .text.HCD_GetURB_State
                0x08004abc       0x24 USB_OTG_Driver/src/usb_hcd.o
                0x08004abc                HCD_GetURB_State
 .text.HCD_GetXferCnt
                0x08004ae0       0x24 USB_OTG_Driver/src/usb_hcd.o
                0x08004ae0                HCD_GetXferCnt
 .text.HCD_SubmitRequest
                0x08004b04       0x3c USB_OTG_Driver/src/usb_hcd.o
                0x08004b04                HCD_SubmitRequest
 .text.USBH_OTG_ISR_Handler
                0x08004b40      0x10c USB_OTG_Driver/src/usb_hcd_int.o
                0x08004b40                USBH_OTG_ISR_Handler
 .text.USB_OTG_USBH_handle_hc_ISR
                0x08004c4c       0x8c USB_OTG_Driver/src/usb_hcd_int.o
 .text.USB_OTG_USBH_handle_sof_ISR
                0x08004cd8       0x2c USB_OTG_Driver/src/usb_hcd_int.o
 .text.USB_OTG_USBH_handle_Disconnect_ISR
                0x08004d04       0x3c USB_OTG_Driver/src/usb_hcd_int.o
 .text.USB_OTG_USBH_handle_nptxfempty_ISR
                0x08004d40      0x188 USB_OTG_Driver/src/usb_hcd_int.o
 .text.USB_OTG_USBH_handle_ptxfempty_ISR
                0x08004ec8      0x188 USB_OTG_Driver/src/usb_hcd_int.o
 .text.USB_OTG_USBH_handle_port_ISR
                0x08005050      0x164 USB_OTG_Driver/src/usb_hcd_int.o
 .text.USB_OTG_USBH_handle_hc_n_Out_ISR
                0x080051b4      0x4f0 USB_OTG_Driver/src/usb_hcd_int.o
 .text.USB_OTG_USBH_handle_hc_n_In_ISR
                0x080056a4      0x5b0 USB_OTG_Driver/src/usb_hcd_int.o
 .text.USB_OTG_USBH_handle_rx_qlvl_ISR
                0x08005c54      0x198 USB_OTG_Driver/src/usb_hcd_int.o
 .text.USB_OTG_USBH_handle_IncompletePeriodicXfer_ISR
                0x08005dec       0x50 USB_OTG_Driver/src/usb_hcd_int.o
 .text.STM_EVAL_LEDInit
                0x08005e3c       0x5c Utilities/stm32f4_discovery.o
                0x08005e3c                STM_EVAL_LEDInit
 .text.STM_EVAL_LEDOn
                0x08005e98       0x30 Utilities/stm32f4_discovery.o
                0x08005e98                STM_EVAL_LEDOn
 .text.STM_EVAL_LEDOff
                0x08005ec8       0x30 Utilities/stm32f4_discovery.o
                0x08005ec8                STM_EVAL_LEDOff
 .text.STM_EVAL_LEDToggle
                0x08005ef8       0x3c Utilities/stm32f4_discovery.o
                0x08005ef8                STM_EVAL_LEDToggle
 .text.get_fattime
                0x08005f34       0x10 fat_fs/src/fattime.o
                0x08005f34                get_fattime
 .text.mem_cpy  0x08005f44       0x3c fat_fs/src/ff.o
 .text.mem_set  0x08005f80       0x34 fat_fs/src/ff.o
 .text.mem_cmp  0x08005fb4       0x50 fat_fs/src/ff.o
 .text.chk_chr  0x08006004       0x38 fat_fs/src/ff.o
 .text.move_window
                0x0800603c       0xb4 fat_fs/src/ff.o
 .text.sync     0x080060f0      0x144 fat_fs/src/ff.o
 .text.get_fat  0x08006234      0x1e4 fat_fs/src/ff.o
                0x08006234                get_fat
 .text.put_fat  0x08006418      0x258 fat_fs/src/ff.o
                0x08006418                put_fat
 .text.remove_chain
                0x08006670       0xa0 fat_fs/src/ff.o
 .text.create_chain
                0x08006710      0x104 fat_fs/src/ff.o
 .text.clust2sect
                0x08006814       0x40 fat_fs/src/ff.o
                0x08006814                clust2sect
 .text.dir_seek
                0x08006854      0x13c fat_fs/src/ff.o
 .text.dir_next
                0x08006990      0x1e4 fat_fs/src/ff.o
 .text.dir_find
                0x08006b74       0x98 fat_fs/src/ff.o
 .text.dir_register
                0x08006c0c       0xc4 fat_fs/src/ff.o
 .text.create_name
                0x08006cd0      0x164 fat_fs/src/ff.o
 .text.follow_path
                0x08006e34      0x104 fat_fs/src/ff.o
 .text.check_fs
                0x08006f38       0xcc fat_fs/src/ff.o
 .text.chk_mounted
                0x08007004      0x4ac fat_fs/src/ff.o
                0x08007004                chk_mounted
 .text.validate
                0x080074b0       0x4c fat_fs/src/ff.o
 .text.f_mount  0x080074fc       0x54 fat_fs/src/ff.o
                0x080074fc                f_mount
 .text.f_open   0x08007550      0x2e8 fat_fs/src/ff.o
                0x08007550                f_open
 .text.f_read   0x08007838      0x318 fat_fs/src/ff.o
                0x08007838                f_read
 .text.f_write  0x08007b50      0x374 fat_fs/src/ff.o
                0x08007b50                f_write
 .text.f_sync   0x08007ec4      0x180 fat_fs/src/ff.o
                0x08007ec4                f_sync
 .text.f_close  0x08008044       0x28 fat_fs/src/ff.o
                0x08008044                f_close
 .text.NVIC_SetPriority
                0x0800806c       0x54 src/main.o
 .text.SysTick_Config
                0x080080c0       0x44 src/main.o
 .text.main     0x08008104       0x88 src/main.o
                0x08008104                main
 .text.TIM_LED_Config
                0x0800818c       0xcc src/main.o
 .text.NMI_Handler
                0x08008258       0x10 src/stm32f4xx_it.o
                0x08008258                NMI_Handler
 .text.HardFault_Handler
                0x08008268        0x8 src/stm32f4xx_it.o
                0x08008268                HardFault_Handler
 .text.MemManage_Handler
                0x08008270        0x8 src/stm32f4xx_it.o
                0x08008270                MemManage_Handler
 .text.BusFault_Handler
                0x08008278        0x8 src/stm32f4xx_it.o
                0x08008278                BusFault_Handler
 .text.UsageFault_Handler
                0x08008280        0x8 src/stm32f4xx_it.o
                0x08008280                UsageFault_Handler
 .text.SVC_Handler
                0x08008288       0x10 src/stm32f4xx_it.o
                0x08008288                SVC_Handler
 .text.DebugMon_Handler
                0x08008298       0x10 src/stm32f4xx_it.o
                0x08008298                DebugMon_Handler
 .text.PendSV_Handler
                0x080082a8       0x10 src/stm32f4xx_it.o
                0x080082a8                PendSV_Handler
 .text.SysTick_Handler
                0x080082b8       0x10 src/stm32f4xx_it.o
                0x080082b8                SysTick_Handler
 .text.EXTI1_IRQHandler
                0x080082c8       0x48 src/stm32f4xx_it.o
                0x080082c8                EXTI1_IRQHandler
 .text.TIM4_IRQHandler
                0x08008310       0xcc src/stm32f4xx_it.o
                0x08008310                TIM4_IRQHandler
 .text.EXTI0_IRQHandler
                0x080083dc       0x50 src/stm32f4xx_it.o
                0x080083dc                EXTI0_IRQHandler
 .text.TIM2_IRQHandler
                0x0800842c        0xc src/stm32f4xx_it.o
                0x0800842c                TIM2_IRQHandler
 .text.OTG_FS_IRQHandler
                0x08008438       0x14 src/stm32f4xx_it.o
                0x08008438                OTG_FS_IRQHandler
 .text.SystemInit
                0x0800844c       0x5c src/system_stm32f4xx.o
                0x0800844c                SystemInit
 .text.SetSysClock
                0x080084a8      0x128 src/system_stm32f4xx.o
 .text.USBH_USR_Init
                0x080085d0       0x10 src/usbh_usr.o
                0x080085d0                USBH_USR_Init
 .text.USBH_USR_DeviceAttached
                0x080085e0       0x38 src/usbh_usr.o
                0x080085e0                USBH_USR_DeviceAttached
 .text.USBH_USR_UnrecoveredError
                0x08008618       0x10 src/usbh_usr.o
                0x08008618                USBH_USR_UnrecoveredError
 .text.USBH_USR_DeviceDisconnected
                0x08008628       0x50 src/usbh_usr.o
                0x08008628                USBH_USR_DeviceDisconnected
 .text.USBH_USR_ResetDevice
                0x08008678       0x10 src/usbh_usr.o
                0x08008678                USBH_USR_ResetDevice
 .text.USBH_USR_DeviceSpeedDetected
                0x08008688       0x18 src/usbh_usr.o
                0x08008688                USBH_USR_DeviceSpeedDetected
 .text.USBH_USR_Device_DescAvailable
                0x080086a0       0x14 src/usbh_usr.o
                0x080086a0                USBH_USR_Device_DescAvailable
 .text.USBH_USR_DeviceAddressAssigned
                0x080086b4       0x10 src/usbh_usr.o
                0x080086b4                USBH_USR_DeviceAddressAssigned
 .text.USBH_USR_Configuration_DescAvailable
                0x080086c4       0x18 src/usbh_usr.o
                0x080086c4                USBH_USR_Configuration_DescAvailable
 .text.USBH_USR_Manufacturer_String
                0x080086dc       0x14 src/usbh_usr.o
                0x080086dc                USBH_USR_Manufacturer_String
 .text.USBH_USR_Product_String
                0x080086f0       0x14 src/usbh_usr.o
                0x080086f0                USBH_USR_Product_String
 .text.USBH_USR_SerialNum_String
                0x08008704       0x14 src/usbh_usr.o
                0x08008704                USBH_USR_SerialNum_String
 .text.USBH_USR_EnumerationDone
                0x08008718       0x14 src/usbh_usr.o
                0x08008718                USBH_USR_EnumerationDone
 .text.USBH_USR_DeviceNotSupported
                0x0800872c       0x10 src/usbh_usr.o
                0x0800872c                USBH_USR_DeviceNotSupported
 .text.USBH_USR_UserInput
                0x0800873c       0x10 src/usbh_usr.o
                0x0800873c                USBH_USR_UserInput
 .text.USBH_USR_OverCurrentDetected
                0x0800874c       0x10 src/usbh_usr.o
                0x0800874c                USBH_USR_OverCurrentDetected
 .text.USBH_USR_MSC_Application
                0x0800875c       0xe8 src/usbh_usr.o
                0x0800875c                USBH_USR_MSC_Application
 .text.USBH_USR_DeInit
                0x08008844       0x18 src/usbh_usr.o
                0x08008844                USBH_USR_DeInit
 .text.Reset_Handler
                0x0800885c       0x48 startup/startup_stm32f4xx.o
                0x0800885c                Reset_Handler
 .text.Default_Handler
                0x080088a4        0x2 startup/startup_stm32f4xx.o
                0x080088a4                RTC_Alarm_IRQHandler
                0x080088a4                HASH_RNG_IRQHandler
                0x080088a4                EXTI2_IRQHandler
                0x080088a4                TIM8_CC_IRQHandler
                0x080088a4                TIM1_CC_IRQHandler
                0x080088a4                DMA2_Stream5_IRQHandler
                0x080088a4                DMA1_Stream5_IRQHandler
                0x080088a4                PVD_IRQHandler
                0x080088a4                SDIO_IRQHandler
                0x080088a4                TAMP_STAMP_IRQHandler
                0x080088a4                CAN2_RX1_IRQHandler
                0x080088a4                EXTI3_IRQHandler
                0x080088a4                TIM8_TRG_COM_TIM14_IRQHandler
                0x080088a4                TIM1_UP_TIM10_IRQHandler
                0x080088a4                TIM8_UP_TIM13_IRQHandler
                0x080088a4                I2C3_ER_IRQHandler
                0x080088a4                I2C2_EV_IRQHandler
                0x080088a4                DMA1_Stream2_IRQHandler
                0x080088a4                CAN1_RX0_IRQHandler
                0x080088a4                FPU_IRQHandler
                0x080088a4                OTG_HS_WKUP_IRQHandler
                0x080088a4                CAN2_SCE_IRQHandler
                0x080088a4                DMA2_Stream2_IRQHandler
                0x080088a4                SPI1_IRQHandler
                0x080088a4                TIM6_DAC_IRQHandler
                0x080088a4                TIM1_BRK_TIM9_IRQHandler
                0x080088a4                DCMI_IRQHandler
                0x080088a4                CAN2_RX0_IRQHandler
                0x080088a4                DMA2_Stream3_IRQHandler
                0x080088a4                USART6_IRQHandler
                0x080088a4                USART3_IRQHandler
                0x080088a4                CRYP_IRQHandler
                0x080088a4                CAN1_RX1_IRQHandler
                0x080088a4                UART5_IRQHandler
                0x080088a4                DMA2_Stream0_IRQHandler
                0x080088a4                I2C1_EV_IRQHandler
                0x080088a4                DMA1_Stream6_IRQHandler
                0x080088a4                DMA1_Stream1_IRQHandler
                0x080088a4                UART4_IRQHandler
                0x080088a4                TIM3_IRQHandler
                0x080088a4                RCC_IRQHandler
                0x080088a4                TIM8_BRK_TIM12_IRQHandler
                0x080088a4                Default_Handler
                0x080088a4                EXTI15_10_IRQHandler
                0x080088a4                ADC_IRQHandler
                0x080088a4                DMA1_Stream7_IRQHandler
                0x080088a4                TIM7_IRQHandler
                0x080088a4                CAN2_TX_IRQHandler
                0x080088a4                TIM5_IRQHandler
                0x080088a4                DMA2_Stream7_IRQHandler
                0x080088a4                I2C3_EV_IRQHandler
                0x080088a4                EXTI9_5_IRQHandler
                0x080088a4                RTC_WKUP_IRQHandler
                0x080088a4                ETH_WKUP_IRQHandler
                0x080088a4                SPI2_IRQHandler
                0x080088a4                OTG_HS_EP1_IN_IRQHandler
                0x080088a4                DMA1_Stream0_IRQHandler
                0x080088a4                CAN1_TX_IRQHandler
                0x080088a4                EXTI4_IRQHandler
                0x080088a4                FSMC_IRQHandler
                0x080088a4                ETH_IRQHandler
                0x080088a4                OTG_HS_EP1_OUT_IRQHandler
                0x080088a4                WWDG_IRQHandler
                0x080088a4                OTG_FS_WKUP_IRQHandler
                0x080088a4                TIM1_TRG_COM_TIM11_IRQHandler
                0x080088a4                OTG_HS_IRQHandler
                0x080088a4                USART2_IRQHandler
                0x080088a4                I2C2_ER_IRQHandler
                0x080088a4                DMA2_Stream1_IRQHandler
                0x080088a4                CAN1_SCE_IRQHandler
                0x080088a4                FLASH_IRQHandler
                0x080088a4                DMA2_Stream4_IRQHandler
                0x080088a4                USART1_IRQHandler
                0x080088a4                SPI3_IRQHandler
                0x080088a4                DMA1_Stream4_IRQHandler
                0x080088a4                I2C1_ER_IRQHandler
                0x080088a4                DMA2_Stream6_IRQHandler
                0x080088a4                DMA1_Stream3_IRQHandler
 *fill*         0x080088a6        0x2 
 .text.__libc_init_array
                0x080088a8       0x50 /home/ghazi/Ac6/SystemWorkbench/plugins/fr.ac6.mcu.externaltools.arm-none.linux64_1.13.1.201707031232/tools/compiler/bin/../lib/gcc/arm-none-eabi/5.4.1/../../../../arm-none-eabi/lib/armv7e-m/fpu/libc.a(lib_a-init.o)
                0x080088a8                __libc_init_array
 .text.startup.register_fini
                0x080088f8       0x14 /home/ghazi/Ac6/SystemWorkbench/plugins/fr.ac6.mcu.externaltools.arm-none.linux64_1.13.1.201707031232/tools/compiler/bin/../lib/gcc/arm-none-eabi/5.4.1/../../../../arm-none-eabi/lib/armv7e-m/fpu/libc.a(lib_a-__call_atexit.o)
 .text.atexit   0x0800890c        0xc /home/ghazi/Ac6/SystemWorkbench/plugins/fr.ac6.mcu.externaltools.arm-none.linux64_1.13.1.201707031232/tools/compiler/bin/../lib/gcc/arm-none-eabi/5.4.1/../../../../arm-none-eabi/lib/armv7e-m/fpu/libc.a(lib_a-atexit.o)
                0x0800890c                atexit
 .text.__libc_fini_array
                0x08008918       0x28 /home/ghazi/Ac6/SystemWorkbench/plugins/fr.ac6.mcu.externaltools.arm-none.linux64_1.13.1.201707031232/tools/compiler/bin/../lib/gcc/arm-none-eabi/5.4.1/../../../../arm-none-eabi/lib/armv7e-m/fpu/libc.a(lib_a-fini.o)
                0x08008918                __libc_fini_array
 .text.__register_exitproc
                0x08008940       0xa4 /home/ghazi/Ac6/SystemWorkbench/plugins/fr.ac6.mcu.externaltools.arm-none.linux64_1.13.1.201707031232/tools/compiler/bin/../lib/gcc/arm-none-eabi/5.4.1/../../../../arm-none-eabi/lib/armv7e-m/fpu/libc.a(lib_a-__atexit.o)
                0x08008940                __register_exitproc
 *(.rodata)
 .rodata        0x080089e4        0x4 USB_HOST_Library/Core/src/usbh_core.o
 .rodata        0x080089e8       0x2d Utilities/stm32f4_discovery.o
                0x080089e8                GPIO_PIN
                0x080089f0                GPIO_CLK
                0x08008a00                BUTTON_PIN
                0x08008a04                BUTTON_CLK
                0x08008a08                BUTTON_EXTI_LINE
                0x08008a0c                BUTTON_PORT_SOURCE
                0x08008a10                BUTTON_PIN_SOURCE
                0x08008a14                BUTTON_IRQn
 *fill*         0x08008a15        0x3 
 .rodata        0x08008a18       0xf6 fat_fs/src/ff.o
 *fill*         0x08008b0e        0x2 
 .rodata        0x08008b10       0x2f src/usbh_usr.o
 *(.rodata*)
 *fill*         0x08008b3f        0x1 
 .rodata._global_impure_ptr
                0x08008b40        0x4 /home/ghazi/Ac6/SystemWorkbench/plugins/fr.ac6.mcu.externaltools.arm-none.linux64_1.13.1.201707031232/tools/compiler/bin/../lib/gcc/arm-none-eabi/5.4.1/../../../../arm-none-eabi/lib/armv7e-m/fpu/libc.a(lib_a-impure.o)
                0x08008b40                _global_impure_ptr
 *(.glue_7)
 .glue_7        0x08008b44        0x0 linker stubs
 *(.glue_7t)
 .glue_7t       0x08008b44        0x0 linker stubs
 *(.eh_frame)
 .eh_frame      0x08008b44        0x0 /home/ghazi/Ac6/SystemWorkbench/plugins/fr.ac6.mcu.externaltools.arm-none.linux64_1.13.1.201707031232/tools/compiler/bin/../lib/gcc/arm-none-eabi/5.4.1/armv7e-m/fpu/crtbegin.o
 *(.init)
 .init          0x08008b44        0x4 /home/ghazi/Ac6/SystemWorkbench/plugins/fr.ac6.mcu.externaltools.arm-none.linux64_1.13.1.201707031232/tools/compiler/bin/../lib/gcc/arm-none-eabi/5.4.1/armv7e-m/fpu/crti.o
                0x08008b44                _init
 .init          0x08008b48        0x8 /home/ghazi/Ac6/SystemWorkbench/plugins/fr.ac6.mcu.externaltools.arm-none.linux64_1.13.1.201707031232/tools/compiler/bin/../lib/gcc/arm-none-eabi/5.4.1/armv7e-m/fpu/crtn.o
 *(.fini)
 .fini          0x08008b50        0x4 /home/ghazi/Ac6/SystemWorkbench/plugins/fr.ac6.mcu.externaltools.arm-none.linux64_1.13.1.201707031232/tools/compiler/bin/../lib/gcc/arm-none-eabi/5.4.1/armv7e-m/fpu/crti.o
                0x08008b50                _fini
 .fini          0x08008b54        0x8 /home/ghazi/Ac6/SystemWorkbench/plugins/fr.ac6.mcu.externaltools.arm-none.linux64_1.13.1.201707031232/tools/compiler/bin/../lib/gcc/arm-none-eabi/5.4.1/armv7e-m/fpu/crtn.o
                0x08008b5c                . = ALIGN (0x4)
                0x08008b5c                _etext = .

.vfp11_veneer   0x08008b5c        0x0
 .vfp11_veneer  0x08008b5c        0x0 linker stubs

.v4_bx          0x08008b5c        0x0
 .v4_bx         0x08008b5c        0x0 linker stubs

.iplt           0x08008b5c        0x0
 .iplt          0x08008b5c        0x0 /home/ghazi/Ac6/SystemWorkbench/plugins/fr.ac6.mcu.externaltools.arm-none.linux64_1.13.1.201707031232/tools/compiler/bin/../lib/gcc/arm-none-eabi/5.4.1/armv7e-m/fpu/crtbegin.o

.rel.dyn        0x08008b5c        0x0
 .rel.iplt      0x08008b5c        0x0 /home/ghazi/Ac6/SystemWorkbench/plugins/fr.ac6.mcu.externaltools.arm-none.linux64_1.13.1.201707031232/tools/compiler/bin/../lib/gcc/arm-none-eabi/5.4.1/armv7e-m/fpu/crtbegin.o

.ARM.extab
 *(.ARM.extab* .gnu.linkonce.armextab.*)

.ARM            0x08008b5c        0x0
                0x08008b5c                __exidx_start = .
 *(.ARM.exidx*)
                0x08008b5c                __exidx_end = .

.preinit_array  0x08008b5c        0x0
                0x08008b5c                PROVIDE (__preinit_array_start, .)
 *(.preinit_array*)
                0x08008b5c                PROVIDE (__preinit_array_end, .)

.init_array     0x08008b5c        0x8
                0x08008b5c                PROVIDE (__init_array_start, .)
 *(SORT(.init_array.*))
 .init_array.00000
                0x08008b5c        0x4 /home/ghazi/Ac6/SystemWorkbench/plugins/fr.ac6.mcu.externaltools.arm-none.linux64_1.13.1.201707031232/tools/compiler/bin/../lib/gcc/arm-none-eabi/5.4.1/../../../../arm-none-eabi/lib/armv7e-m/fpu/libc.a(lib_a-__call_atexit.o)
 *(.init_array*)
 .init_array    0x08008b60        0x4 /home/ghazi/Ac6/SystemWorkbench/plugins/fr.ac6.mcu.externaltools.arm-none.linux64_1.13.1.201707031232/tools/compiler/bin/../lib/gcc/arm-none-eabi/5.4.1/armv7e-m/fpu/crtbegin.o
                0x08008b64                PROVIDE (__init_array_end, .)

.fini_array     0x08008b64        0x4
                0x08008b64                PROVIDE (__fini_array_start, .)
 *(.fini_array*)
 .fini_array    0x08008b64        0x4 /home/ghazi/Ac6/SystemWorkbench/plugins/fr.ac6.mcu.externaltools.arm-none.linux64_1.13.1.201707031232/tools/compiler/bin/../lib/gcc/arm-none-eabi/5.4.1/armv7e-m/fpu/crtbegin.o
 *(SORT(.fini_array.*))
                0x08008b68                PROVIDE (__fini_array_end, .)
                0x08008b68                _sidata = .

.data           0x20000000      0x4d0 load address 0x08008b68
                0x20000000                . = ALIGN (0x4)
                0x20000000                _sdata = .
 *(.data)
 .data          0x20000000       0x10 StdPeriph_Driver/src/stm32f4xx_rcc.o
 .data          0x20000010       0x10 USB_HOST_Library/Class/MSC/src/usbh_msc_core.o
                0x20000010                USBH_MSC_cb
 .data          0x20000020        0x1 USB_HOST_Library/Class/MSC/src/usbh_msc_fatfs.o
 .data          0x20000021        0x1 USB_HOST_Library/Class/MSC/src/usbh_msc_scsi.o
 *fill*         0x20000022        0x2 
 .data          0x20000024        0xc USB_HOST_Library/Core/src/usbh_core.o
                0x20000024                USBH_DeviceConnStatus_cb
 .data          0x20000030       0x14 Utilities/stm32f4_discovery.o
                0x20000030                GPIO_PORT
                0x20000040                BUTTON_PORT
 .data          0x20000044        0x2 src/main.o
                0x20000044                CCR_Val
 .data          0x20000046        0x1 src/stm32f4xx_it.o
                0x20000046                PauseResumeStatus
 *fill*         0x20000047        0x1 
 .data          0x20000048       0x14 src/system_stm32f4xx.o
                0x20000048                SystemCoreClock
                0x2000004c                AHBPrescTable
 .data          0x2000005c       0x48 src/usbh_usr.o
                0x2000005c                USR_Callbacks
 *(.data*)
 *fill*         0x200000a4        0x4 
 .data.impure_data
                0x200000a8      0x428 /home/ghazi/Ac6/SystemWorkbench/plugins/fr.ac6.mcu.externaltools.arm-none.linux64_1.13.1.201707031232/tools/compiler/bin/../lib/gcc/arm-none-eabi/5.4.1/../../../../arm-none-eabi/lib/armv7e-m/fpu/libc.a(lib_a-impure.o)
                0x200004d0                . = ALIGN (0x4)
                0x200004d0                _edata = .

.jcr            0x200004d0        0x0 load address 0x08009038
 .jcr           0x200004d0        0x0 /home/ghazi/Ac6/SystemWorkbench/plugins/fr.ac6.mcu.externaltools.arm-none.linux64_1.13.1.201707031232/tools/compiler/bin/../lib/gcc/arm-none-eabi/5.4.1/armv7e-m/fpu/crtbegin.o

.igot.plt       0x200004d0        0x0 load address 0x08009038
 .igot.plt      0x200004d0        0x0 /home/ghazi/Ac6/SystemWorkbench/plugins/fr.ac6.mcu.externaltools.arm-none.linux64_1.13.1.201707031232/tools/compiler/bin/../lib/gcc/arm-none-eabi/5.4.1/armv7e-m/fpu/crtbegin.o
                0x200004d0                . = ALIGN (0x4)

.bss            0x200004d0     0x1700 load address 0x08009038
                0x200004d0                _sbss = .
                0x200004d0                __bss_start__ = _sbss
 *(.bss)
 .bss           0x200004d0       0x1c /home/ghazi/Ac6/SystemWorkbench/plugins/fr.ac6.mcu.externaltools.arm-none.linux64_1.13.1.201707031232/tools/compiler/bin/../lib/gcc/arm-none-eabi/5.4.1/armv7e-m/fpu/crtbegin.o
 .bss           0x200004ec        0xd USB_HOST_Library/Class/MSC/src/usbh_msc_bot.o
 .bss           0x200004f9        0x2 USB_HOST_Library/Class/MSC/src/usbh_msc_core.o
                0x200004f9                MSCErrorCount
 *fill*         0x200004fb        0x1 
 .bss           0x200004fc        0x2 USB_HOST_Library/Core/src/usbh_core.o
 *fill*         0x200004fe        0x2 
 .bss           0x20000500        0x4 USB_OTG_Driver/src/usb_bsp.o
                0x20000500                BSP_delay
 .bss           0x20000504        0x6 fat_fs/src/ff.o
 .bss           0x2000050a        0x1 src/main.o
                0x2000050a                RepeatState
 *fill*         0x2000050b        0x1 
 .bss           0x2000050c        0x6 src/stm32f4xx_it.o
                0x2000050c                Count
                0x2000050d                LED_Toggle
                0x2000050e                capture
                0x20000510                Time_Rec_Base
 .bss           0x20000512        0x2 src/usbh_usr.o
                0x20000512                Command_index
 *(.bss*)
 *(COMMON)
 COMMON         0x20000514       0x40 USB_HOST_Library/Class/MSC/src/usbh_msc_bot.o
                0x20000514                USBH_MSC_CSWData
                0x20000524                USBH_MSC_BOTXferParam
                0x20000534                USBH_MSC_CBWData
 COMMON         0x20000554       0x54 USB_HOST_Library/Class/MSC/src/usbh_msc_core.o
                0x20000554                MSC_Machine
                0x200005a0                MSC_Setup
 COMMON         0x200005a8      0x410 USB_HOST_Library/Class/MSC/src/usbh_msc_scsi.o
                0x200005a8                USBH_DataInBuffer
                0x200007a8                USBH_MSC_Param
                0x200007b8                USBH_DataOutBuffer
 COMMON         0x200009b8      0x544 src/main.o
                0x200009b8                USB_OTG_Core
                0x20000e68                RCC_Clocks
                0x20000e78                USB_Host
 COMMON         0x20000efc      0xcd4 src/usbh_usr.o
                0x20000efc                fileR
                0x20001320                bytesWritten
                0x20001324                fno
                0x2000133c                file
                0x20001760                read_data
                0x20001784                dir
                0x200017a0                fatfs
                0x20001bd0                . = ALIGN (0x4)
                0x20001bd0                _ebss = .
                0x20001bd0                __bss_end__ = _ebss

._user_heap_stack
                0x20001bd0      0x400 load address 0x0800a738
                0x20001bd0                . = ALIGN (0x8)
                0x20001bd0                PROVIDE (end, .)
                [!provide]                PROVIDE (_end, .)
                0x20001bd0                . = (. + _Min_Heap_Size)
                0x20001fd0                . = (. + _Min_Stack_Size)
 *fill*         0x20001bd0      0x400 
                0x20001fd0                . = ALIGN (0x8)

.memory_b1_text
 *(.mb1text)
 *(.mb1text*)
 *(.mb1rodata)
 *(.mb1rodata*)

/DISCARD/
 libc.a(*)
 libm.a(*)
 libgcc.a(*)

.ARM.attributes
                0x00000000       0x30
 *(.ARM.attributes)
 .ARM.attributes
                0x00000000       0x22 /home/ghazi/Ac6/SystemWorkbench/plugins/fr.ac6.mcu.externaltools.arm-none.linux64_1.13.1.201707031232/tools/compiler/bin/../lib/gcc/arm-none-eabi/5.4.1/armv7e-m/fpu/crti.o
 .ARM.attributes
                0x00000022       0x34 /home/ghazi/Ac6/SystemWorkbench/plugins/fr.ac6.mcu.externaltools.arm-none.linux64_1.13.1.201707031232/tools/compiler/bin/../lib/gcc/arm-none-eabi/5.4.1/armv7e-m/fpu/crtbegin.o
 .ARM.attributes
                0x00000056       0x39 StdPeriph_Driver/src/misc.o
 .ARM.attributes
                0x0000008f       0x39 StdPeriph_Driver/src/stm32f4xx_exti.o
 .ARM.attributes
                0x000000c8       0x39 StdPeriph_Driver/src/stm32f4xx_gpio.o
 .ARM.attributes
                0x00000101       0x39 StdPeriph_Driver/src/stm32f4xx_rcc.o
 .ARM.attributes
                0x0000013a       0x39 StdPeriph_Driver/src/stm32f4xx_tim.o
 .ARM.attributes
                0x00000173       0x39 USB_HOST_Library/Class/MSC/src/usbh_msc_bot.o
 .ARM.attributes
                0x000001ac       0x39 USB_HOST_Library/Class/MSC/src/usbh_msc_core.o
 .ARM.attributes
                0x000001e5       0x39 USB_HOST_Library/Class/MSC/src/usbh_msc_fatfs.o
 .ARM.attributes
                0x0000021e       0x39 USB_HOST_Library/Class/MSC/src/usbh_msc_scsi.o
 .ARM.attributes
                0x00000257       0x39 USB_HOST_Library/Core/src/usbh_core.o
 .ARM.attributes
                0x00000290       0x39 USB_HOST_Library/Core/src/usbh_hcs.o
 .ARM.attributes
                0x000002c9       0x39 USB_HOST_Library/Core/src/usbh_ioreq.o
 .ARM.attributes
                0x00000302       0x39 USB_HOST_Library/Core/src/usbh_stdreq.o
 .ARM.attributes
                0x0000033b       0x39 USB_OTG_Driver/src/usb_bsp.o
 .ARM.attributes
                0x00000374       0x39 USB_OTG_Driver/src/usb_core.o
 .ARM.attributes
                0x000003ad       0x39 USB_OTG_Driver/src/usb_hcd.o
 .ARM.attributes
                0x000003e6       0x39 USB_OTG_Driver/src/usb_hcd_int.o
 .ARM.attributes
                0x0000041f       0x39 Utilities/stm32f4_discovery.o
 .ARM.attributes
                0x00000458       0x39 fat_fs/src/fattime.o
 .ARM.attributes
                0x00000491       0x39 fat_fs/src/ff.o
 .ARM.attributes
                0x000004ca       0x39 src/main.o
 .ARM.attributes
                0x00000503       0x39 src/stm32f4xx_it.o
 .ARM.attributes
                0x0000053c       0x39 src/system_stm32f4xx.o
 .ARM.attributes
                0x00000575       0x39 src/usbh_usr.o
 .ARM.attributes
                0x000005ae       0x21 startup/startup_stm32f4xx.o
 .ARM.attributes
                0x000005cf       0x34 /home/ghazi/Ac6/SystemWorkbench/plugins/fr.ac6.mcu.externaltools.arm-none.linux64_1.13.1.201707031232/tools/compiler/bin/../lib/gcc/arm-none-eabi/5.4.1/../../../../arm-none-eabi/lib/armv7e-m/fpu/libc.a(lib_a-impure.o)
 .ARM.attributes
                0x00000603       0x34 /home/ghazi/Ac6/SystemWorkbench/plugins/fr.ac6.mcu.externaltools.arm-none.linux64_1.13.1.201707031232/tools/compiler/bin/../lib/gcc/arm-none-eabi/5.4.1/../../../../arm-none-eabi/lib/armv7e-m/fpu/libc.a(lib_a-init.o)
 .ARM.attributes
                0x00000637       0x20 /home/ghazi/Ac6/SystemWorkbench/plugins/fr.ac6.mcu.externaltools.arm-none.linux64_1.13.1.201707031232/tools/compiler/bin/../lib/gcc/arm-none-eabi/5.4.1/../../../../arm-none-eabi/lib/armv7e-m/fpu/libc.a(lib_a-strcmp.o)
 .ARM.attributes
                0x00000657       0x34 /home/ghazi/Ac6/SystemWorkbench/plugins/fr.ac6.mcu.externaltools.arm-none.linux64_1.13.1.201707031232/tools/compiler/bin/../lib/gcc/arm-none-eabi/5.4.1/../../../../arm-none-eabi/lib/armv7e-m/fpu/libc.a(lib_a-__call_atexit.o)
 .ARM.attributes
                0x0000068b       0x34 /home/ghazi/Ac6/SystemWorkbench/plugins/fr.ac6.mcu.externaltools.arm-none.linux64_1.13.1.201707031232/tools/compiler/bin/../lib/gcc/arm-none-eabi/5.4.1/../../../../arm-none-eabi/lib/armv7e-m/fpu/libc.a(lib_a-atexit.o)
 .ARM.attributes
                0x000006bf       0x34 /home/ghazi/Ac6/SystemWorkbench/plugins/fr.ac6.mcu.externaltools.arm-none.linux64_1.13.1.201707031232/tools/compiler/bin/../lib/gcc/arm-none-eabi/5.4.1/../../../../arm-none-eabi/lib/armv7e-m/fpu/libc.a(lib_a-fini.o)
 .ARM.attributes
                0x000006f3       0x34 /home/ghazi/Ac6/SystemWorkbench/plugins/fr.ac6.mcu.externaltools.arm-none.linux64_1.13.1.201707031232/tools/compiler/bin/../lib/gcc/arm-none-eabi/5.4.1/../../../../arm-none-eabi/lib/armv7e-m/fpu/libc.a(lib_a-__atexit.o)
 .ARM.attributes
                0x00000727       0x22 /home/ghazi/Ac6/SystemWorkbench/plugins/fr.ac6.mcu.externaltools.arm-none.linux64_1.13.1.201707031232/tools/compiler/bin/../lib/gcc/arm-none-eabi/5.4.1/armv7e-m/fpu/crtn.o
OUTPUT(USB_HOST.elf elf32-littlearm)

.debug_info     0x00000000    0x19238
 .debug_info    0x00000000      0x55e StdPeriph_Driver/src/misc.o
 .debug_info    0x0000055e      0x35f StdPeriph_Driver/src/stm32f4xx_exti.o
 .debug_info    0x000008bd      0x622 StdPeriph_Driver/src/stm32f4xx_gpio.o
 .debug_info    0x00000edf      0xc6b StdPeriph_Driver/src/stm32f4xx_rcc.o
 .debug_info    0x00001b4a     0x1c71 StdPeriph_Driver/src/stm32f4xx_tim.o
 .debug_info    0x000037bb     0x169b USB_HOST_Library/Class/MSC/src/usbh_msc_bot.o
 .debug_info    0x00004e56     0x1623 USB_HOST_Library/Class/MSC/src/usbh_msc_core.o
 .debug_info    0x00006479     0x14de USB_HOST_Library/Class/MSC/src/usbh_msc_fatfs.o
 .debug_info    0x00007957      0xebe USB_HOST_Library/Class/MSC/src/usbh_msc_scsi.o
 .debug_info    0x00008815     0x14d3 USB_HOST_Library/Core/src/usbh_core.o
 .debug_info    0x00009ce8      0xb77 USB_HOST_Library/Core/src/usbh_hcs.o
 .debug_info    0x0000a85f     0x1541 USB_HOST_Library/Core/src/usbh_ioreq.o
 .debug_info    0x0000bda0     0x1732 USB_HOST_Library/Core/src/usbh_stdreq.o
 .debug_info    0x0000d4d2     0x125d USB_OTG_Driver/src/usb_bsp.o
 .debug_info    0x0000e72f     0x2091 USB_OTG_Driver/src/usb_core.o
 .debug_info    0x000107c0      0xcca USB_OTG_Driver/src/usb_hcd.o
 .debug_info    0x0001148a     0x1d75 USB_OTG_Driver/src/usb_hcd_int.o
 .debug_info    0x000131ff      0x8ba Utilities/stm32f4_discovery.o
 .debug_info    0x00013ab9       0xc5 fat_fs/src/fattime.o
 .debug_info    0x00013b7e     0x19f9 fat_fs/src/ff.o
 .debug_info    0x00015577     0x1c98 src/main.o
 .debug_info    0x0001720f      0xd4a src/stm32f4xx_it.o
 .debug_info    0x00017f59      0x5cd src/system_stm32f4xx.o
 .debug_info    0x00018526      0xc98 src/usbh_usr.o
 .debug_info    0x000191be       0x7a startup/startup_stm32f4xx.o

.debug_abbrev   0x00000000     0x307e
 .debug_abbrev  0x00000000      0x14c StdPeriph_Driver/src/misc.o
 .debug_abbrev  0x0000014c      0x1ae StdPeriph_Driver/src/stm32f4xx_exti.o
 .debug_abbrev  0x000002fa      0x1ac StdPeriph_Driver/src/stm32f4xx_gpio.o
 .debug_abbrev  0x000004a6      0x1ea StdPeriph_Driver/src/stm32f4xx_rcc.o
 .debug_abbrev  0x00000690      0x18e StdPeriph_Driver/src/stm32f4xx_tim.o
 .debug_abbrev  0x0000081e      0x242 USB_HOST_Library/Class/MSC/src/usbh_msc_bot.o
 .debug_abbrev  0x00000a60      0x27f USB_HOST_Library/Class/MSC/src/usbh_msc_core.o
 .debug_abbrev  0x00000cdf      0x22d USB_HOST_Library/Class/MSC/src/usbh_msc_fatfs.o
 .debug_abbrev  0x00000f0c      0x1fa USB_HOST_Library/Class/MSC/src/usbh_msc_scsi.o
 .debug_abbrev  0x00001106      0x28e USB_HOST_Library/Core/src/usbh_core.o
 .debug_abbrev  0x00001394      0x1cd USB_HOST_Library/Core/src/usbh_hcs.o
 .debug_abbrev  0x00001561      0x220 USB_HOST_Library/Core/src/usbh_ioreq.o
 .debug_abbrev  0x00001781      0x28a USB_HOST_Library/Core/src/usbh_stdreq.o
 .debug_abbrev  0x00001a0b      0x25b USB_OTG_Driver/src/usb_bsp.o
 .debug_abbrev  0x00001c66      0x2cd USB_OTG_Driver/src/usb_core.o
 .debug_abbrev  0x00001f33      0x1e2 USB_OTG_Driver/src/usb_hcd.o
 .debug_abbrev  0x00002115      0x293 USB_OTG_Driver/src/usb_hcd_int.o
 .debug_abbrev  0x000023a8      0x197 Utilities/stm32f4_discovery.o
 .debug_abbrev  0x0000253f       0x6c fat_fs/src/fattime.o
 .debug_abbrev  0x000025ab      0x26b fat_fs/src/ff.o
 .debug_abbrev  0x00002816      0x2a5 src/main.o
 .debug_abbrev  0x00002abb      0x227 src/stm32f4xx_it.o
 .debug_abbrev  0x00002ce2      0x13d src/system_stm32f4xx.o
 .debug_abbrev  0x00002e1f      0x24d src/usbh_usr.o
 .debug_abbrev  0x0000306c       0x12 startup/startup_stm32f4xx.o

.debug_aranges  0x00000000      0xe10
 .debug_aranges
                0x00000000       0x40 StdPeriph_Driver/src/misc.o
 .debug_aranges
                0x00000040       0x58 StdPeriph_Driver/src/stm32f4xx_exti.o
 .debug_aranges
                0x00000098       0x88 StdPeriph_Driver/src/stm32f4xx_gpio.o
 .debug_aranges
                0x00000120      0x178 StdPeriph_Driver/src/stm32f4xx_rcc.o
 .debug_aranges
                0x00000298      0x2f8 StdPeriph_Driver/src/stm32f4xx_tim.o
 .debug_aranges
                0x00000590       0x38 USB_HOST_Library/Class/MSC/src/usbh_msc_bot.o
 .debug_aranges
                0x000005c8       0x50 USB_HOST_Library/Class/MSC/src/usbh_msc_core.o
 .debug_aranges
                0x00000618       0x40 USB_HOST_Library/Class/MSC/src/usbh_msc_fatfs.o
 .debug_aranges
                0x00000658       0x48 USB_HOST_Library/Class/MSC/src/usbh_msc_scsi.o
 .debug_aranges
                0x000006a0       0x58 USB_HOST_Library/Core/src/usbh_core.o
 .debug_aranges
                0x000006f8       0x48 USB_HOST_Library/Core/src/usbh_hcs.o
 .debug_aranges
                0x00000740       0x60 USB_HOST_Library/Core/src/usbh_ioreq.o
 .debug_aranges
                0x000007a0       0x80 USB_HOST_Library/Core/src/usbh_stdreq.o
 .debug_aranges
                0x00000820       0x70 USB_OTG_Driver/src/usb_bsp.o
 .debug_aranges
                0x00000890      0x100 USB_OTG_Driver/src/usb_core.o
 .debug_aranges
                0x00000990       0x68 USB_OTG_Driver/src/usb_hcd.o
 .debug_aranges
                0x000009f8       0x70 USB_OTG_Driver/src/usb_hcd_int.o
 .debug_aranges
                0x00000a68       0x48 Utilities/stm32f4_discovery.o
 .debug_aranges
                0x00000ab0       0x20 fat_fs/src/fattime.o
 .debug_aranges
                0x00000ad0      0x180 fat_fs/src/ff.o
 .debug_aranges
                0x00000c50       0x38 src/main.o
 .debug_aranges
                0x00000c88       0x88 src/stm32f4xx_it.o
 .debug_aranges
                0x00000d10       0x30 src/system_stm32f4xx.o
 .debug_aranges
                0x00000d40       0xa8 src/usbh_usr.o
 .debug_aranges
                0x00000de8       0x28 startup/startup_stm32f4xx.o

.debug_ranges   0x00000000      0xc88
 .debug_ranges  0x00000000       0x30 StdPeriph_Driver/src/misc.o
 .debug_ranges  0x00000030       0x48 StdPeriph_Driver/src/stm32f4xx_exti.o
 .debug_ranges  0x00000078       0x78 StdPeriph_Driver/src/stm32f4xx_gpio.o
 .debug_ranges  0x000000f0      0x168 StdPeriph_Driver/src/stm32f4xx_rcc.o
 .debug_ranges  0x00000258      0x2e8 StdPeriph_Driver/src/stm32f4xx_tim.o
 .debug_ranges  0x00000540       0x28 USB_HOST_Library/Class/MSC/src/usbh_msc_bot.o
 .debug_ranges  0x00000568       0x40 USB_HOST_Library/Class/MSC/src/usbh_msc_core.o
 .debug_ranges  0x000005a8       0x30 USB_HOST_Library/Class/MSC/src/usbh_msc_fatfs.o
 .debug_ranges  0x000005d8       0x38 USB_HOST_Library/Class/MSC/src/usbh_msc_scsi.o
 .debug_ranges  0x00000610       0x48 USB_HOST_Library/Core/src/usbh_core.o
 .debug_ranges  0x00000658       0x38 USB_HOST_Library/Core/src/usbh_hcs.o
 .debug_ranges  0x00000690       0x50 USB_HOST_Library/Core/src/usbh_ioreq.o
 .debug_ranges  0x000006e0       0x70 USB_HOST_Library/Core/src/usbh_stdreq.o
 .debug_ranges  0x00000750       0x60 USB_OTG_Driver/src/usb_bsp.o
 .debug_ranges  0x000007b0       0xf0 USB_OTG_Driver/src/usb_core.o
 .debug_ranges  0x000008a0       0x58 USB_OTG_Driver/src/usb_hcd.o
 .debug_ranges  0x000008f8       0x60 USB_OTG_Driver/src/usb_hcd_int.o
 .debug_ranges  0x00000958       0x38 Utilities/stm32f4_discovery.o
 .debug_ranges  0x00000990       0x10 fat_fs/src/fattime.o
 .debug_ranges  0x000009a0      0x170 fat_fs/src/ff.o
 .debug_ranges  0x00000b10       0x28 src/main.o
 .debug_ranges  0x00000b38       0x78 src/stm32f4xx_it.o
 .debug_ranges  0x00000bb0       0x20 src/system_stm32f4xx.o
 .debug_ranges  0x00000bd0       0x98 src/usbh_usr.o
 .debug_ranges  0x00000c68       0x20 startup/startup_stm32f4xx.o

.debug_macro    0x00000000    0x1387c
 .debug_macro   0x00000000      0x1c5 StdPeriph_Driver/src/misc.o
 .debug_macro   0x000001c5      0x8b0 StdPeriph_Driver/src/misc.o
 .debug_macro   0x00000a75       0x63 StdPeriph_Driver/src/misc.o
 .debug_macro   0x00000ad8       0x35 StdPeriph_Driver/src/misc.o
 .debug_macro   0x00000b0d       0x22 StdPeriph_Driver/src/misc.o
 .debug_macro   0x00000b2f       0x87 StdPeriph_Driver/src/misc.o
 .debug_macro   0x00000bb6       0x44 StdPeriph_Driver/src/misc.o
 .debug_macro   0x00000bfa       0xfd StdPeriph_Driver/src/misc.o
 .debug_macro   0x00000cf7       0x5e StdPeriph_Driver/src/misc.o
 .debug_macro   0x00000d55      0x1df StdPeriph_Driver/src/misc.o
 .debug_macro   0x00000f34       0x18 StdPeriph_Driver/src/misc.o
 .debug_macro   0x00000f4c       0x42 StdPeriph_Driver/src/misc.o
 .debug_macro   0x00000f8e      0x8cb StdPeriph_Driver/src/misc.o
 .debug_macro   0x00001859     0x8057 StdPeriph_Driver/src/misc.o
 .debug_macro   0x000098b0       0x16 StdPeriph_Driver/src/misc.o
 .debug_macro   0x000098c6      0x44e StdPeriph_Driver/src/misc.o
 .debug_macro   0x00009d14      0x3cf StdPeriph_Driver/src/misc.o
 .debug_macro   0x0000a0e3      0x111 StdPeriph_Driver/src/misc.o
 .debug_macro   0x0000a1f4      0x182 StdPeriph_Driver/src/misc.o
 .debug_macro   0x0000a376       0xb2 StdPeriph_Driver/src/misc.o
 .debug_macro   0x0000a428      0x146 StdPeriph_Driver/src/misc.o
 .debug_macro   0x0000a56e      0x477 StdPeriph_Driver/src/misc.o
 .debug_macro   0x0000a9e5       0xac StdPeriph_Driver/src/misc.o
 .debug_macro   0x0000aa91      0x241 StdPeriph_Driver/src/misc.o
 .debug_macro   0x0000acd2      0x279 StdPeriph_Driver/src/misc.o
 .debug_macro   0x0000af4b       0xb5 StdPeriph_Driver/src/misc.o
 .debug_macro   0x0000b000      0x265 StdPeriph_Driver/src/misc.o
 .debug_macro   0x0000b265      0x2b1 StdPeriph_Driver/src/misc.o
 .debug_macro   0x0000b516       0x64 StdPeriph_Driver/src/misc.o
 .debug_macro   0x0000b57a       0xa6 StdPeriph_Driver/src/misc.o
 .debug_macro   0x0000b620      0x538 StdPeriph_Driver/src/misc.o
 .debug_macro   0x0000bb58       0x40 StdPeriph_Driver/src/misc.o
 .debug_macro   0x0000bb98      0x57a StdPeriph_Driver/src/misc.o
 .debug_macro   0x0000c112      0x341 StdPeriph_Driver/src/misc.o
 .debug_macro   0x0000c453      0x36a StdPeriph_Driver/src/misc.o
 .debug_macro   0x0000c7bd       0xdf StdPeriph_Driver/src/misc.o
 .debug_macro   0x0000c89c      0x73b StdPeriph_Driver/src/misc.o
 .debug_macro   0x0000cfd7      0x220 StdPeriph_Driver/src/misc.o
 .debug_macro   0x0000d1f7       0x34 StdPeriph_Driver/src/misc.o
 .debug_macro   0x0000d22b       0x35 StdPeriph_Driver/src/misc.o
 .debug_macro   0x0000d260       0x79 StdPeriph_Driver/src/misc.o
 .debug_macro   0x0000d2d9      0x1c5 StdPeriph_Driver/src/stm32f4xx_exti.o
 .debug_macro   0x0000d49e       0xa6 StdPeriph_Driver/src/stm32f4xx_exti.o
 .debug_macro   0x0000d544      0x1c3 StdPeriph_Driver/src/stm32f4xx_gpio.o
 .debug_macro   0x0000d707      0x25f StdPeriph_Driver/src/stm32f4xx_gpio.o
 .debug_macro   0x0000d966      0x267 StdPeriph_Driver/src/stm32f4xx_rcc.o
 .debug_macro   0x0000dbcd      0x532 StdPeriph_Driver/src/stm32f4xx_rcc.o
 .debug_macro   0x0000e0ff      0x1ed StdPeriph_Driver/src/stm32f4xx_tim.o
 .debug_macro   0x0000e2ec      0x735 StdPeriph_Driver/src/stm32f4xx_tim.o
 .debug_macro   0x0000ea21      0x292 USB_HOST_Library/Class/MSC/src/usbh_msc_bot.o
 .debug_macro   0x0000ecb3       0x70 USB_HOST_Library/Class/MSC/src/usbh_msc_bot.o
 .debug_macro   0x0000ed23       0x70 USB_HOST_Library/Class/MSC/src/usbh_msc_bot.o
 .debug_macro   0x0000ed93      0x211 USB_HOST_Library/Class/MSC/src/usbh_msc_bot.o
 .debug_macro   0x0000efa4       0x64 USB_HOST_Library/Class/MSC/src/usbh_msc_bot.o
 .debug_macro   0x0000f008      0x1e8 USB_HOST_Library/Class/MSC/src/usbh_msc_bot.o
 .debug_macro   0x0000f1f0       0x1c USB_HOST_Library/Class/MSC/src/usbh_msc_bot.o
 .debug_macro   0x0000f20c       0x2e USB_HOST_Library/Class/MSC/src/usbh_msc_bot.o
 .debug_macro   0x0000f23a       0x28 USB_HOST_Library/Class/MSC/src/usbh_msc_bot.o
 .debug_macro   0x0000f262       0x88 USB_HOST_Library/Class/MSC/src/usbh_msc_bot.o
 .debug_macro   0x0000f2ea       0x1c USB_HOST_Library/Class/MSC/src/usbh_msc_bot.o
 .debug_macro   0x0000f306       0x28 USB_HOST_Library/Class/MSC/src/usbh_msc_bot.o
 .debug_macro   0x0000f32e       0x5e USB_HOST_Library/Class/MSC/src/usbh_msc_bot.o
 .debug_macro   0x0000f38c       0xd4 USB_HOST_Library/Class/MSC/src/usbh_msc_bot.o
 .debug_macro   0x0000f460       0x10 USB_HOST_Library/Class/MSC/src/usbh_msc_bot.o
 .debug_macro   0x0000f470       0x22 USB_HOST_Library/Class/MSC/src/usbh_msc_bot.o
 .debug_macro   0x0000f492      0x281 USB_HOST_Library/Class/MSC/src/usbh_msc_core.o
 .debug_macro   0x0000f713      0x28d USB_HOST_Library/Class/MSC/src/usbh_msc_fatfs.o
 .debug_macro   0x0000f9a0       0x10 USB_HOST_Library/Class/MSC/src/usbh_msc_fatfs.o
 .debug_macro   0x0000f9b0       0x22 USB_HOST_Library/Class/MSC/src/usbh_msc_fatfs.o
 .debug_macro   0x0000f9d2       0x16 USB_HOST_Library/Class/MSC/src/usbh_msc_fatfs.o
 .debug_macro   0x0000f9e8       0x76 USB_HOST_Library/Class/MSC/src/usbh_msc_fatfs.o
 .debug_macro   0x0000fa5e      0x1dc USB_HOST_Library/Class/MSC/src/usbh_msc_fatfs.o
 .debug_macro   0x0000fc3a       0x76 USB_HOST_Library/Class/MSC/src/usbh_msc_fatfs.o
 .debug_macro   0x0000fcb0      0x27f USB_HOST_Library/Class/MSC/src/usbh_msc_scsi.o
 .debug_macro   0x0000ff2f      0x248 USB_HOST_Library/Core/src/usbh_core.o
 .debug_macro   0x00010177       0x16 USB_HOST_Library/Core/src/usbh_core.o
 .debug_macro   0x0001018d       0x2e USB_HOST_Library/Core/src/usbh_core.o
 .debug_macro   0x000101bb      0x225 USB_HOST_Library/Core/src/usbh_hcs.o
 .debug_macro   0x000103e0       0x22 USB_HOST_Library/Core/src/usbh_hcs.o
 .debug_macro   0x00010402      0x21f USB_HOST_Library/Core/src/usbh_ioreq.o
 .debug_macro   0x00010621      0x228 USB_HOST_Library/Core/src/usbh_stdreq.o
 .debug_macro   0x00010849      0x246 USB_OTG_Driver/src/usb_bsp.o
 .debug_macro   0x00010a8f      0x1fc USB_OTG_Driver/src/usb_core.o
 .debug_macro   0x00010c8b      0x206 USB_OTG_Driver/src/usb_hcd.o
 .debug_macro   0x00010e91      0x206 USB_OTG_Driver/src/usb_hcd_int.o
 .debug_macro   0x00011097      0x1c4 Utilities/stm32f4_discovery.o
 .debug_macro   0x0001125b       0x82 Utilities/stm32f4_discovery.o
 .debug_macro   0x000112dd      0x1de fat_fs/src/fattime.o
 .debug_macro   0x000114bb      0x31b fat_fs/src/ff.o
 .debug_macro   0x000117d6       0x7b fat_fs/src/ff.o
 .debug_macro   0x00011851      0x265 fat_fs/src/ff.o
 .debug_macro   0x00011ab6       0x58 fat_fs/src/ff.o
 .debug_macro   0x00011b0e      0x422 src/main.o
 .debug_macro   0x00011f30       0x52 src/main.o
 .debug_macro   0x00011f82       0x35 src/main.o
 .debug_macro   0x00011fb7       0x9c src/main.o
 .debug_macro   0x00012053       0x16 src/main.o
 .debug_macro   0x00012069       0x97 src/main.o
 .debug_macro   0x00012100      0x30d src/main.o
 .debug_macro   0x0001240d       0xfd src/main.o
 .debug_macro   0x0001250a       0x10 src/main.o
 .debug_macro   0x0001251a       0x52 src/main.o
 .debug_macro   0x0001256c       0x1f src/main.o
 .debug_macro   0x0001258b       0x43 src/main.o
 .debug_macro   0x000125ce       0x20 src/main.o
 .debug_macro   0x000125ee      0x187 src/main.o
 .debug_macro   0x00012775       0x10 src/main.o
 .debug_macro   0x00012785       0x1c src/main.o
 .debug_macro   0x000127a1       0x52 src/main.o
 .debug_macro   0x000127f3       0x40 src/main.o
 .debug_macro   0x00012833       0x10 src/main.o
 .debug_macro   0x00012843       0x40 src/main.o
 .debug_macro   0x00012883       0xd7 src/main.o
 .debug_macro   0x0001295a       0x16 src/main.o
 .debug_macro   0x00012970      0x18b src/main.o
 .debug_macro   0x00012afb       0x76 src/main.o
 .debug_macro   0x00012b71      0x25e src/main.o
 .debug_macro   0x00012dcf       0x28 src/main.o
 .debug_macro   0x00012df7       0x64 src/main.o
 .debug_macro   0x00012e5b       0x22 src/main.o
 .debug_macro   0x00012e7d      0x422 src/stm32f4xx_it.o
 .debug_macro   0x0001329f      0x1e6 src/system_stm32f4xx.o
 .debug_macro   0x00013485      0x3f7 src/usbh_usr.o

.debug_line     0x00000000     0xec2f
 .debug_line    0x00000000      0x694 StdPeriph_Driver/src/misc.o
 .debug_line    0x00000694      0x6ed StdPeriph_Driver/src/stm32f4xx_exti.o
 .debug_line    0x00000d81      0x7ac StdPeriph_Driver/src/stm32f4xx_gpio.o
 .debug_line    0x0000152d      0x9f2 StdPeriph_Driver/src/stm32f4xx_rcc.o
 .debug_line    0x00001f1f      0xf0e StdPeriph_Driver/src/stm32f4xx_tim.o
 .debug_line    0x00002e2d      0x9d9 USB_HOST_Library/Class/MSC/src/usbh_msc_bot.o
 .debug_line    0x00003806      0x9a9 USB_HOST_Library/Class/MSC/src/usbh_msc_core.o
 .debug_line    0x000041af      0x9aa USB_HOST_Library/Class/MSC/src/usbh_msc_fatfs.o
 .debug_line    0x00004b59      0xa7a USB_HOST_Library/Class/MSC/src/usbh_msc_scsi.o
 .debug_line    0x000055d3      0xa00 USB_HOST_Library/Core/src/usbh_core.o
 .debug_line    0x00005fd3      0x828 USB_HOST_Library/Core/src/usbh_hcs.o
 .debug_line    0x000067fb      0x86e USB_HOST_Library/Core/src/usbh_ioreq.o
 .debug_line    0x00007069      0x8fc USB_HOST_Library/Core/src/usbh_stdreq.o
 .debug_line    0x00007965      0x84e USB_OTG_Driver/src/usb_bsp.o
 .debug_line    0x000081b3      0xb9f USB_OTG_Driver/src/usb_core.o
 .debug_line    0x00008d52      0x821 USB_OTG_Driver/src/usb_hcd.o
 .debug_line    0x00009573      0x96a USB_OTG_Driver/src/usb_hcd_int.o
 .debug_line    0x00009edd      0x6bf Utilities/stm32f4_discovery.o
 .debug_line    0x0000a59c      0x6d1 fat_fs/src/fattime.o
 .debug_line    0x0000ac6d     0x1743 fat_fs/src/ff.o
 .debug_line    0x0000c3b0      0xaa3 src/main.o
 .debug_line    0x0000ce53      0xb47 src/stm32f4xx_it.o
 .debug_line    0x0000d99a      0x6ae src/system_stm32f4xx.o
 .debug_line    0x0000e048      0xb6c src/usbh_usr.o
 .debug_line    0x0000ebb4       0x7b startup/startup_stm32f4xx.o

.debug_str      0x00000000    0x62604
 .debug_str     0x00000000    0x55ef8 StdPeriph_Driver/src/misc.o
                              0x5609a (size before relaxing)
 .debug_str     0x00055ef8      0x1e5 StdPeriph_Driver/src/stm32f4xx_exti.o
                              0x5601d (size before relaxing)
 .debug_str     0x000560dd      0x305 StdPeriph_Driver/src/stm32f4xx_gpio.o
                              0x56145 (size before relaxing)
 .debug_str     0x000563e2      0xafd StdPeriph_Driver/src/stm32f4xx_rcc.o
                              0x569c6 (size before relaxing)
 .debug_str     0x00056edf      0xc2f StdPeriph_Driver/src/stm32f4xx_tim.o
                              0x56b39 (size before relaxing)
 .debug_str     0x00057b0e     0x3587 USB_HOST_Library/Class/MSC/src/usbh_msc_bot.o
                              0x5957f (size before relaxing)
 .debug_str     0x0005b095      0x22b USB_HOST_Library/Class/MSC/src/usbh_msc_core.o
                              0x59155 (size before relaxing)
 .debug_str     0x0005b2c0      0x2e2 USB_HOST_Library/Class/MSC/src/usbh_msc_fatfs.o
                              0x590cb (size before relaxing)
 .debug_str     0x0005b5a2      0x108 USB_HOST_Library/Class/MSC/src/usbh_msc_scsi.o
                              0x588b5 (size before relaxing)
 .debug_str     0x0005b6aa      0x117 USB_HOST_Library/Core/src/usbh_core.o
                              0x589f7 (size before relaxing)
 .debug_str     0x0005b7c1       0xbd USB_HOST_Library/Core/src/usbh_hcs.o
                              0x57cd8 (size before relaxing)
 .debug_str     0x0005b87e       0xdd USB_HOST_Library/Core/src/usbh_ioreq.o
                              0x58644 (size before relaxing)
 .debug_str     0x0005b95b      0x1e1 USB_HOST_Library/Core/src/usbh_stdreq.o
                              0x587ef (size before relaxing)
 .debug_str     0x0005bb3c      0x7f1 USB_OTG_Driver/src/usb_bsp.o
                              0x57e39 (size before relaxing)
 .debug_str     0x0005c32d      0x9d2 USB_OTG_Driver/src/usb_core.o
                              0x57ea5 (size before relaxing)
 .debug_str     0x0005ccff       0xc9 USB_OTG_Driver/src/usb_hcd.o
                              0x57471 (size before relaxing)
 .debug_str     0x0005cdc8      0x262 USB_OTG_Driver/src/usb_hcd_int.o
                              0x57c6e (size before relaxing)
 .debug_str     0x0005d02a      0x170 Utilities/stm32f4_discovery.o
                              0x56a2a (size before relaxing)
 .debug_str     0x0005d19a       0x24 fat_fs/src/fattime.o
                              0x55f90 (size before relaxing)
 .debug_str     0x0005d1be     0x1157 fat_fs/src/ff.o
                              0x591c1 (size before relaxing)
 .debug_str     0x0005e315     0x3ec4 src/main.o
                              0x5e551 (size before relaxing)
 .debug_str     0x000621d9      0x139 src/stm32f4xx_it.o
                              0x5d473 (size before relaxing)
 .debug_str     0x00062312       0xd7 src/system_stm32f4xx.o
                              0x56090 (size before relaxing)
 .debug_str     0x000623e9      0x21b src/usbh_usr.o
                              0x5cdf3 (size before relaxing)

.comment        0x00000000       0x6e
 .comment       0x00000000       0x6e StdPeriph_Driver/src/misc.o
                                 0x6f (size before relaxing)
 .comment       0x0000006e       0x6f StdPeriph_Driver/src/stm32f4xx_exti.o
 .comment       0x0000006e       0x6f StdPeriph_Driver/src/stm32f4xx_gpio.o
 .comment       0x0000006e       0x6f StdPeriph_Driver/src/stm32f4xx_rcc.o
 .comment       0x0000006e       0x6f StdPeriph_Driver/src/stm32f4xx_tim.o
 .comment       0x0000006e       0x6f USB_HOST_Library/Class/MSC/src/usbh_msc_bot.o
 .comment       0x0000006e       0x6f USB_HOST_Library/Class/MSC/src/usbh_msc_core.o
 .comment       0x0000006e       0x6f USB_HOST_Library/Class/MSC/src/usbh_msc_fatfs.o
 .comment       0x0000006e       0x6f USB_HOST_Library/Class/MSC/src/usbh_msc_scsi.o
 .comment       0x0000006e       0x6f USB_HOST_Library/Core/src/usbh_core.o
 .comment       0x0000006e       0x6f USB_HOST_Library/Core/src/usbh_hcs.o
 .comment       0x0000006e       0x6f USB_HOST_Library/Core/src/usbh_ioreq.o
 .comment       0x0000006e       0x6f USB_HOST_Library/Core/src/usbh_stdreq.o
 .comment       0x0000006e       0x6f USB_OTG_Driver/src/usb_bsp.o
 .comment       0x0000006e       0x6f USB_OTG_Driver/src/usb_core.o
 .comment       0x0000006e       0x6f USB_OTG_Driver/src/usb_hcd.o
 .comment       0x0000006e       0x6f USB_OTG_Driver/src/usb_hcd_int.o
 .comment       0x0000006e       0x6f Utilities/stm32f4_discovery.o
 .comment       0x0000006e       0x6f fat_fs/src/fattime.o
 .comment       0x0000006e       0x6f fat_fs/src/ff.o
 .comment       0x0000006e       0x6f src/main.o
 .comment       0x0000006e       0x6f src/stm32f4xx_it.o
 .comment       0x0000006e       0x6f src/system_stm32f4xx.o
 .comment       0x0000006e       0x6f src/usbh_usr.o

.debug_frame    0x00000000     0x3a30
 .debug_frame   0x00000000       0xd8 StdPeriph_Driver/src/misc.o
 .debug_frame   0x000000d8      0x148 StdPeriph_Driver/src/stm32f4xx_exti.o
 .debug_frame   0x00000220      0x23c StdPeriph_Driver/src/stm32f4xx_gpio.o
 .debug_frame   0x0000045c      0x6d4 StdPeriph_Driver/src/stm32f4xx_rcc.o
 .debug_frame   0x00000b30      0xe54 StdPeriph_Driver/src/stm32f4xx_tim.o
 .debug_frame   0x00001984       0xa4 USB_HOST_Library/Class/MSC/src/usbh_msc_bot.o
 .debug_frame   0x00001a28      0x11c USB_HOST_Library/Class/MSC/src/usbh_msc_core.o
 .debug_frame   0x00001b44       0xcc USB_HOST_Library/Class/MSC/src/usbh_msc_fatfs.o
 .debug_frame   0x00001c10       0xe8 USB_HOST_Library/Class/MSC/src/usbh_msc_scsi.o
 .debug_frame   0x00001cf8      0x144 USB_HOST_Library/Core/src/usbh_core.o
 .debug_frame   0x00001e3c       0xf4 USB_HOST_Library/Core/src/usbh_hcs.o
 .debug_frame   0x00001f30      0x158 USB_HOST_Library/Core/src/usbh_ioreq.o
 .debug_frame   0x00002088      0x1fc USB_HOST_Library/Core/src/usbh_stdreq.o
 .debug_frame   0x00002284      0x18c USB_OTG_Driver/src/usb_bsp.o
 .debug_frame   0x00002410      0x468 USB_OTG_Driver/src/usb_core.o
 .debug_frame   0x00002878      0x190 USB_OTG_Driver/src/usb_hcd.o
 .debug_frame   0x00002a08      0x1ac USB_OTG_Driver/src/usb_hcd_int.o
 .debug_frame   0x00002bb4       0xf4 Utilities/stm32f4_discovery.o
 .debug_frame   0x00002ca8       0x30 fat_fs/src/fattime.o
 .debug_frame   0x00002cd8      0x6bc fat_fs/src/ff.o
 .debug_frame   0x00003394       0xa0 src/main.o
 .debug_frame   0x00003434      0x1a4 src/stm32f4xx_it.o
 .debug_frame   0x000035d8       0x7c src/system_stm32f4xx.o
 .debug_frame   0x00003654      0x270 src/usbh_usr.o
 .debug_frame   0x000038c4       0x2c /home/ghazi/Ac6/SystemWorkbench/plugins/fr.ac6.mcu.externaltools.arm-none.linux64_1.13.1.201707031232/tools/compiler/bin/../lib/gcc/arm-none-eabi/5.4.1/../../../../arm-none-eabi/lib/armv7e-m/fpu/libc.a(lib_a-init.o)
 .debug_frame   0x000038f0       0x68 /home/ghazi/Ac6/SystemWorkbench/plugins/fr.ac6.mcu.externaltools.arm-none.linux64_1.13.1.201707031232/tools/compiler/bin/../lib/gcc/arm-none-eabi/5.4.1/../../../../arm-none-eabi/lib/armv7e-m/fpu/libc.a(lib_a-strcmp.o)
 .debug_frame   0x00003958       0x50 /home/ghazi/Ac6/SystemWorkbench/plugins/fr.ac6.mcu.externaltools.arm-none.linux64_1.13.1.201707031232/tools/compiler/bin/../lib/gcc/arm-none-eabi/5.4.1/../../../../arm-none-eabi/lib/armv7e-m/fpu/libc.a(lib_a-__call_atexit.o)
 .debug_frame   0x000039a8       0x20 /home/ghazi/Ac6/SystemWorkbench/plugins/fr.ac6.mcu.externaltools.arm-none.linux64_1.13.1.201707031232/tools/compiler/bin/../lib/gcc/arm-none-eabi/5.4.1/../../../../arm-none-eabi/lib/armv7e-m/fpu/libc.a(lib_a-atexit.o)
 .debug_frame   0x000039c8       0x34 /home/ghazi/Ac6/SystemWorkbench/plugins/fr.ac6.mcu.externaltools.arm-none.linux64_1.13.1.201707031232/tools/compiler/bin/../lib/gcc/arm-none-eabi/5.4.1/../../../../arm-none-eabi/lib/armv7e-m/fpu/libc.a(lib_a-fini.o)
 .debug_frame   0x000039fc       0x34 /home/ghazi/Ac6/SystemWorkbench/plugins/fr.ac6.mcu.externaltools.arm-none.linux64_1.13.1.201707031232/tools/compiler/bin/../lib/gcc/arm-none-eabi/5.4.1/../../../../arm-none-eabi/lib/armv7e-m/fpu/libc.a(lib_a-__atexit.o)
