Archive member included to satisfy reference by file (symbol)

/home/ghazi/Ac6/SystemWorkbench/plugins/fr.ac6.mcu.externaltools.arm-none.linux64_1.13.1.201707031232/tools/compiler/bin/../lib/gcc/arm-none-eabi/5.4.1/../../../../arm-none-eabi/lib/armv7e-m/fpu/libc.a(lib_a-errno.o)
                              src/syscalls.o (__errno)
/home/ghazi/Ac6/SystemWorkbench/plugins/fr.ac6.mcu.externaltools.arm-none.linux64_1.13.1.201707031232/tools/compiler/bin/../lib/gcc/arm-none-eabi/5.4.1/../../../../arm-none-eabi/lib/armv7e-m/fpu/libc.a(lib_a-exit.o)
                              /home/ghazi/Ac6/SystemWorkbench/plugins/fr.ac6.mcu.externaltools.arm-none.linux64_1.13.1.201707031232/tools/compiler/bin/../lib/gcc/arm-none-eabi/5.4.1/../../../../arm-none-eabi/lib/armv7e-m/fpu/crt0.o (exit)
/home/ghazi/Ac6/SystemWorkbench/plugins/fr.ac6.mcu.externaltools.arm-none.linux64_1.13.1.201707031232/tools/compiler/bin/../lib/gcc/arm-none-eabi/5.4.1/../../../../arm-none-eabi/lib/armv7e-m/fpu/libc.a(lib_a-impure.o)
                              /home/ghazi/Ac6/SystemWorkbench/plugins/fr.ac6.mcu.externaltools.arm-none.linux64_1.13.1.201707031232/tools/compiler/bin/../lib/gcc/arm-none-eabi/5.4.1/../../../../arm-none-eabi/lib/armv7e-m/fpu/libc.a(lib_a-exit.o) (_global_impure_ptr)
/home/ghazi/Ac6/SystemWorkbench/plugins/fr.ac6.mcu.externaltools.arm-none.linux64_1.13.1.201707031232/tools/compiler/bin/../lib/gcc/arm-none-eabi/5.4.1/../../../../arm-none-eabi/lib/armv7e-m/fpu/libc.a(lib_a-init.o)
                              /home/ghazi/Ac6/SystemWorkbench/plugins/fr.ac6.mcu.externaltools.arm-none.linux64_1.13.1.201707031232/tools/compiler/bin/../lib/gcc/arm-none-eabi/5.4.1/../../../../arm-none-eabi/lib/armv7e-m/fpu/crt0.o (__libc_init_array)
/home/ghazi/Ac6/SystemWorkbench/plugins/fr.ac6.mcu.externaltools.arm-none.linux64_1.13.1.201707031232/tools/compiler/bin/../lib/gcc/arm-none-eabi/5.4.1/../../../../arm-none-eabi/lib/armv7e-m/fpu/libc.a(lib_a-memset.o)
                              /home/ghazi/Ac6/SystemWorkbench/plugins/fr.ac6.mcu.externaltools.arm-none.linux64_1.13.1.201707031232/tools/compiler/bin/../lib/gcc/arm-none-eabi/5.4.1/../../../../arm-none-eabi/lib/armv7e-m/fpu/crt0.o (memset)
/home/ghazi/Ac6/SystemWorkbench/plugins/fr.ac6.mcu.externaltools.arm-none.linux64_1.13.1.201707031232/tools/compiler/bin/../lib/gcc/arm-none-eabi/5.4.1/../../../../arm-none-eabi/lib/armv7e-m/fpu/libc.a(lib_a-__call_atexit.o)
                              /home/ghazi/Ac6/SystemWorkbench/plugins/fr.ac6.mcu.externaltools.arm-none.linux64_1.13.1.201707031232/tools/compiler/bin/../lib/gcc/arm-none-eabi/5.4.1/../../../../arm-none-eabi/lib/armv7e-m/fpu/libc.a(lib_a-exit.o) (__call_exitprocs)
/home/ghazi/Ac6/SystemWorkbench/plugins/fr.ac6.mcu.externaltools.arm-none.linux64_1.13.1.201707031232/tools/compiler/bin/../lib/gcc/arm-none-eabi/5.4.1/../../../../arm-none-eabi/lib/armv7e-m/fpu/libc.a(lib_a-atexit.o)
                              /home/ghazi/Ac6/SystemWorkbench/plugins/fr.ac6.mcu.externaltools.arm-none.linux64_1.13.1.201707031232/tools/compiler/bin/../lib/gcc/arm-none-eabi/5.4.1/../../../../arm-none-eabi/lib/armv7e-m/fpu/libc.a(lib_a-__call_atexit.o) (atexit)
/home/ghazi/Ac6/SystemWorkbench/plugins/fr.ac6.mcu.externaltools.arm-none.linux64_1.13.1.201707031232/tools/compiler/bin/../lib/gcc/arm-none-eabi/5.4.1/../../../../arm-none-eabi/lib/armv7e-m/fpu/libc.a(lib_a-fini.o)
                              /home/ghazi/Ac6/SystemWorkbench/plugins/fr.ac6.mcu.externaltools.arm-none.linux64_1.13.1.201707031232/tools/compiler/bin/../lib/gcc/arm-none-eabi/5.4.1/../../../../arm-none-eabi/lib/armv7e-m/fpu/libc.a(lib_a-__call_atexit.o) (__libc_fini_array)
/home/ghazi/Ac6/SystemWorkbench/plugins/fr.ac6.mcu.externaltools.arm-none.linux64_1.13.1.201707031232/tools/compiler/bin/../lib/gcc/arm-none-eabi/5.4.1/../../../../arm-none-eabi/lib/armv7e-m/fpu/libc.a(lib_a-__atexit.o)
                              /home/ghazi/Ac6/SystemWorkbench/plugins/fr.ac6.mcu.externaltools.arm-none.linux64_1.13.1.201707031232/tools/compiler/bin/../lib/gcc/arm-none-eabi/5.4.1/../../../../arm-none-eabi/lib/armv7e-m/fpu/libc.a(lib_a-atexit.o) (__register_exitproc)

Allocating common symbols
Common symbol       size              file

HSEStartUpStatus    0x1               USB_OTG_Driver/src/usb_bsp.o
fileR               0x424             src/usbh_usr.o
USBH_MSC_CSWData    0x10              USB_HOST_Library/Class/MSC/src/usbh_msc_bot.o
bytesWritten        0x2               src/usbh_usr.o
MSC_Machine         0x4a              USB_HOST_Library/Class/MSC/src/usbh_msc_core.o
fno                 0x18              src/usbh_usr.o
USBH_DataInBuffer   0x200             USB_HOST_Library/Class/MSC/src/usbh_msc_scsi.o
USBH_MSC_Param      0x10              USB_HOST_Library/Class/MSC/src/usbh_msc_scsi.o
USBH_MSC_BOTXferParam
                    0x10              USB_HOST_Library/Class/MSC/src/usbh_msc_bot.o
file                0x424             src/flash_api.o
USB_OTG_Core        0x4b0             src/main.o
[...]
Memory Configuration

Name             Origin             Length             Attributes
FLASH            0x08000000         0x00100000         xr
RAM              0x20000000         0x00030000         xrw
MEMORY_B1        0x60000000         0x00000000         xr
*default*        0x00000000         0xffffffff

Linker script and memory map

LOAD /home/ghazi/Ac6/SystemWorkbench/plugins/fr.ac6.mcu.externaltools.arm-none.linux64_1.13.1.201707031232/tools/compiler/bin/../lib/gcc/arm-none-eabi/5.4.1/armv7e-m/fpu/crti.o
LOAD /home/ghazi/Ac6/SystemWorkbench/plugins/fr.ac6.mcu.externaltools.arm-none.linux64_1.13.1.201707031232/tools/compiler/bin/../lib/gcc/arm-none-eabi/5.4.1/armv7e-m/fpu/crtbegin.o
LOAD /home/ghazi/Ac6/SystemWorkbench/plugins/fr.ac6.mcu.externaltools.arm-none.linux64_1.13.1.201707031232/tools/compiler/bin/../lib/gcc/arm-none-eabi/5.4.1/../../../../arm-none-eabi/lib/armv7e-m/fpu/crt0.o
LOAD StdPeriph_Driver/src/misc.o
LOAD StdPeriph_Driver/src/stm32f4xx_adc.o
LOAD StdPeriph_Driver/src/stm32f4xx_can.o
LOAD StdPeriph_Driver/src/stm32f4xx_crc.o
LOAD StdPeriph_Driver/src/stm32f4xx_cryp.o
LOAD StdPeriph_Driver/src/stm32f4xx_cryp_aes.o
LOAD StdPeriph_Driver/src/stm32f4xx_cryp_des.o
LOAD StdPeriph_Driver/src/stm32f4xx_cryp_tdes.o
LOAD StdPeriph_Driver/src/stm32f4xx_dac.o
LOAD StdPeriph_Driver/src/stm32f4xx_dbgmcu.o
LOAD StdPeriph_Driver/src/stm32f4xx_dcmi.o
LOAD StdPeriph_Driver/src/stm32f4xx_dma.o
LOAD StdPeriph_Driver/src/stm32f4xx_exti.o
LOAD StdPeriph_Driver/src/stm32f4xx_flash.o
LOAD StdPeriph_Driver/src/stm32f4xx_fsmc.o
LOAD StdPeriph_Driver/src/stm32f4xx_gpio.o
LOAD StdPeriph_Driver/src/stm32f4xx_hash.o
LOAD StdPeriph_Driver/src/stm32f4xx_hash_md5.o
LOAD StdPeriph_Driver/src/stm32f4xx_hash_sha1.o
LOAD StdPeriph_Driver/src/stm32f4xx_i2c.o
LOAD StdPeriph_Driver/src/stm32f4xx_iwdg.o
LOAD StdPeriph_Driver/src/stm32f4xx_pwr.o
LOAD StdPeriph_Driver/src/stm32f4xx_rcc.o
LOAD StdPeriph_Driver/src/stm32f4xx_rng.o
LOAD StdPeriph_Driver/src/stm32f4xx_rtc.o
LOAD StdPeriph_Driver/src/stm32f4xx_sdio.o
LOAD StdPeriph_Driver/src/stm32f4xx_spi.o
LOAD StdPeriph_Driver/src/stm32f4xx_syscfg.o
LOAD StdPeriph_Driver/src/stm32f4xx_tim.o
LOAD StdPeriph_Driver/src/stm32f4xx_usart.o
LOAD StdPeriph_Driver/src/stm32f4xx_wwdg.o
LOAD USB_HOST_Library/Class/MSC/src/usbh_msc_bot.o
LOAD USB_HOST_Library/Class/MSC/src/usbh_msc_core.o
LOAD USB_HOST_Library/Class/MSC/src/usbh_msc_fatfs.o
LOAD USB_HOST_Library/Class/MSC/src/usbh_msc_scsi.o
LOAD USB_HOST_Library/Core/src/usbh_core.o
LOAD USB_HOST_Library/Core/src/usbh_hcs.o
LOAD USB_HOST_Library/Core/src/usbh_ioreq.o
LOAD USB_HOST_Library/Core/src/usbh_stdreq.o
LOAD USB_OTG_Driver/src/usb_bsp.o
LOAD USB_OTG_Driver/src/usb_core.o
LOAD USB_OTG_Driver/src/usb_hcd.o
LOAD USB_OTG_Driver/src/usb_hcd_int.o
LOAD Utilities/stm32f4_discovery.o
LOAD Utilities/stm32f4_discovery_lis302dl.o
LOAD fat_fs/src/fattime.o
LOAD fat_fs/src/ff.o
LOAD src/flash_api.o
LOAD src/main.o
LOAD src/stm32f4xx_it.o
LOAD src/syscalls.o
LOAD src/system_stm32f4xx.o
LOAD src/usbh_usr.o
LOAD startup/startup_stm32f4xx.o
LOAD /home/ghazi/Ac6/SystemWorkbench/plugins/fr.ac6.mcu.externaltools.arm-none.linux64_1.13.1.201707031232/tools/compiler/bin/../lib/gcc/arm-none-eabi/5.4.1/../../../../arm-none-eabi/lib/armv7e-m/fpu/libm.a
START GROUP
LOAD /home/ghazi/Ac6/SystemWorkbench/plugins/fr.ac6.mcu.externaltools.arm-none.linux64_1.13.1.201707031232/tools/compiler/bin/../lib/gcc/arm-none-eabi/5.4.1/armv7e-m/fpu/libgcc.a
LOAD /home/ghazi/Ac6/SystemWorkbench/plugins/fr.ac6.mcu.externaltools.arm-none.linux64_1.13.1.201707031232/tools/compiler/bin/../lib/gcc/arm-none-eabi/5.4.1/../../../../arm-none-eabi/lib/armv7e-m/fpu/libc.a
END GROUP
LOAD /home/ghazi/Ac6/SystemWorkbench/plugins/fr.ac6.mcu.externaltools.arm-none.linux64_1.13.1.201707031232/tools/compiler/bin/../lib/gcc/arm-none-eabi/5.4.1/armv7e-m/fpu/crtend.o
LOAD /home/ghazi/Ac6/SystemWorkbench/plugins/fr.ac6.mcu.externaltools.arm-none.linux64_1.13.1.201707031232/tools/compiler/bin/../lib/gcc/arm-none-eabi/5.4.1/armv7e-m/fpu/crtn.o
                0x20020000                _estack = 0x20020000
                0x00000000                _Min_Heap_Size = 0x0
                0x00000400                _Min_Stack_Size = 0x400

.isr_vector     0x08000000      0x188
                0x08000000                . = ALIGN (0x4)
 *(.isr_vector)
 .isr_vector    0x08000000      0x188 startup/startup_stm32f4xx.o
                0x08000000                g_pfnVectors
                0x08000188                . = ALIGN (0x4)

.text           0x08000188     0x87ac
                0x08000188                . = ALIGN (0x4)
 *(.text)
 .text          0x08000188       0x5c /home/ghazi/Ac6/SystemWorkbench/plugins/fr.ac6.mcu.externaltools.arm-none.linux64_1.13.1.201707031232/tools/compiler/bin/../lib/gcc/arm-none-eabi/5.4.1/armv7e-m/fpu/crtbegin.o
 *(.text*)
 .text.NVIC_PriorityGroupConfig
                0x080001e4       0x28 StdPeriph_Driver/src/misc.o
                0x080001e4                NVIC_PriorityGroupConfig
 .text.NVIC_Init
                0x0800020c       0xc4 StdPeriph_Driver/src/misc.o
                0x0800020c                NVIC_Init
 .text.NVIC_SetVectorTable
                0x080002d0       0x2c StdPeriph_Driver/src/misc.o
                0x080002d0                NVIC_SetVectorTable
 .text.EXTI_GetITStatus
                0x080002fc       0x48 StdPeriph_Driver/src/stm32f4xx_exti.o
                0x080002fc                EXTI_GetITStatus
 .text.EXTI_ClearITPendingBit
                0x08000344       0x20 StdPeriph_Driver/src/stm32f4xx_exti.o
                0x08000344                EXTI_ClearITPendingBit
 .text.FLASH_Unlock
                0x08000364       0x30 StdPeriph_Driver/src/stm32f4xx_flash.o
                0x08000364                FLASH_Unlock
 .text.FLASH_Lock
                0x08000394       0x20 StdPeriph_Driver/src/stm32f4xx_flash.o
                0x08000394                FLASH_Lock
 .text.FLASH_EraseSector
                0x080003b4       0xc0 StdPeriph_Driver/src/stm32f4xx_flash.o
                0x080003b4                FLASH_EraseSector
 .text.FLASH_ProgramWord
                0x08000474       0x68 StdPeriph_Driver/src/stm32f4xx_flash.o
                0x08000474                FLASH_ProgramWord
 .text.FLASH_ClearFlag
                0x080004dc       0x20 StdPeriph_Driver/src/stm32f4xx_flash.o
                0x080004dc                FLASH_ClearFlag
 .text.FLASH_GetStatus
                0x080004fc       0x68 StdPeriph_Driver/src/stm32f4xx_flash.o
                0x080004fc                FLASH_GetStatus
 .text.FLASH_WaitForLastOperation
                0x08000564       0x30 StdPeriph_Driver/src/stm32f4xx_flash.o
                0x08000564                FLASH_WaitForLastOperation
 .text.GPIO_Init
                0x08000594      0x11c StdPeriph_Driver/src/stm32f4xx_gpio.o
                0x08000594                GPIO_Init
 .text.GPIO_SetBits
                0x080006b0       0x20 StdPeriph_Driver/src/stm32f4xx_gpio.o
                0x080006b0                GPIO_SetBits
 .text.GPIO_ResetBits
                0x080006d0       0x20 StdPeriph_Driver/src/stm32f4xx_gpio.o
                0x080006d0                GPIO_ResetBits
 .text.GPIO_PinAFConfig
                0x080006f0       0x94 StdPeriph_Driver/src/stm32f4xx_gpio.o
                0x080006f0                GPIO_PinAFConfig
 .text.RCC_GetClocksFreq
                0x08000784      0x154 StdPeriph_Driver/src/stm32f4xx_rcc.o
                0x08000784                RCC_GetClocksFreq
 .text.RCC_AHB1PeriphClockCmd
                0x080008d8       0x40 StdPeriph_Driver/src/stm32f4xx_rcc.o
                0x080008d8                RCC_AHB1PeriphClockCmd
 .text.RCC_AHB2PeriphClockCmd
                0x08000918       0x40 StdPeriph_Driver/src/stm32f4xx_rcc.o
                0x08000918                RCC_AHB2PeriphClockCmd
 .text.RCC_APB1PeriphClockCmd
                0x08000958       0x40 StdPeriph_Driver/src/stm32f4xx_rcc.o
                0x08000958                RCC_APB1PeriphClockCmd
 .text.RCC_APB2PeriphClockCmd
                0x08000998       0x40 StdPeriph_Driver/src/stm32f4xx_rcc.o
                0x08000998                RCC_APB2PeriphClockCmd
 .text.TIM_TimeBaseInit
                0x080009d8       0xd8 StdPeriph_Driver/src/stm32f4xx_tim.o
                0x080009d8                TIM_TimeBaseInit
 .text.TIM_ARRPreloadConfig
                0x08000ab0       0x40 StdPeriph_Driver/src/stm32f4xx_tim.o
                0x08000ab0                TIM_ARRPreloadConfig
 .text.TIM_Cmd  0x08000af0       0x40 StdPeriph_Driver/src/stm32f4xx_tim.o
                0x08000af0                TIM_Cmd
 .text.TIM_OC1Init
                0x08000b30       0xf4 StdPeriph_Driver/src/stm32f4xx_tim.o
                0x08000b30                TIM_OC1Init
 .text.TIM_SetCompare1
                0x08000c24       0x1c StdPeriph_Driver/src/stm32f4xx_tim.o
                0x08000c24                TIM_SetCompare1
 .text.TIM_OC1PreloadConfig
                0x08000c40       0x38 StdPeriph_Driver/src/stm32f4xx_tim.o
                0x08000c40                TIM_OC1PreloadConfig
 .text.TIM_GetCapture1
                0x08000c78       0x18 StdPeriph_Driver/src/stm32f4xx_tim.o
                0x08000c78                TIM_GetCapture1
 .text.TIM_ITConfig
                0x08000c90       0x48 StdPeriph_Driver/src/stm32f4xx_tim.o
                0x08000c90                TIM_ITConfig
 .text.TIM_GetITStatus
                0x08000cd8       0x54 StdPeriph_Driver/src/stm32f4xx_tim.o
                0x08000cd8                TIM_GetITStatus
 .text.TIM_ClearITPendingBit
                0x08000d2c       0x24 StdPeriph_Driver/src/stm32f4xx_tim.o
                0x08000d2c                TIM_ClearITPendingBit
 .text.USBH_MSC_Init
                0x08000d50       0x58 USB_HOST_Library/Class/MSC/src/usbh_msc_bot.o
                0x08000d50                USBH_MSC_Init
 .text.USBH_MSC_HandleBOTXfer
                0x08000da8      0x3a0 USB_HOST_Library/Class/MSC/src/usbh_msc_bot.o
                0x08000da8                USBH_MSC_HandleBOTXfer
 .text.USBH_MSC_BOT_Abort
                0x08001148       0x74 USB_HOST_Library/Class/MSC/src/usbh_msc_bot.o
                0x08001148                USBH_MSC_BOT_Abort
 .text.USBH_MSC_DecodeCSW
                0x080011bc       0xa0 USB_HOST_Library/Class/MSC/src/usbh_msc_bot.o
                0x080011bc                USBH_MSC_DecodeCSW
 .text.USBH_MSC_InterfaceInit
                0x0800125c      0x114 USB_HOST_Library/Class/MSC/src/usbh_msc_core.o
 .text.USBH_MSC_InterfaceDeInit
                0x08001370       0x64 USB_HOST_Library/Class/MSC/src/usbh_msc_core.o
 .text.USBH_MSC_ClassRequest
                0x080013d4       0x28 USB_HOST_Library/Class/MSC/src/usbh_msc_core.o
 .text.USBH_MSC_Handle
                0x080013fc      0x238 USB_HOST_Library/Class/MSC/src/usbh_msc_core.o
 .text.USBH_MSC_BOTReset
                0x08001634       0x40 USB_HOST_Library/Class/MSC/src/usbh_msc_core.o
 .text.USBH_MSC_GETMaxLUN
                0x08001674       0x44 USB_HOST_Library/Class/MSC/src/usbh_msc_core.o
 .text.USBH_MSC_ErrorHandle
                0x080016b8       0x5c USB_HOST_Library/Class/MSC/src/usbh_msc_core.o
                0x080016b8                USBH_MSC_ErrorHandle
 .text.disk_initialize
                0x08001714       0x3c USB_HOST_Library/Class/MSC/src/usbh_msc_fatfs.o
                0x08001714                disk_initialize
 .text.disk_status
                0x08001750       0x2c USB_HOST_Library/Class/MSC/src/usbh_msc_fatfs.o
                0x08001750                disk_status
 .text.disk_read
                0x0800177c       0x98 USB_HOST_Library/Class/MSC/src/usbh_msc_fatfs.o
                0x0800177c                disk_read
 .text.disk_write
                0x08001814       0xa8 USB_HOST_Library/Class/MSC/src/usbh_msc_fatfs.o
                0x08001814                disk_write
 .text.disk_ioctl
                0x080018bc       0x98 USB_HOST_Library/Class/MSC/src/usbh_msc_fatfs.o
                0x080018bc                disk_ioctl
 .text.USBH_MSC_TestUnitReady
                0x08001954       0xdc USB_HOST_Library/Class/MSC/src/usbh_msc_scsi.o
                0x08001954                USBH_MSC_TestUnitReady
 .text.USBH_MSC_ReadCapacity10
                0x08001a30      0x120 USB_HOST_Library/Class/MSC/src/usbh_msc_scsi.o
                0x08001a30                USBH_MSC_ReadCapacity10
 .text.USBH_MSC_ModeSense6
                0x08001b50      0x100 USB_HOST_Library/Class/MSC/src/usbh_msc_scsi.o
                0x08001b50                USBH_MSC_ModeSense6
 .text.USBH_MSC_RequestSense
                0x08001c50      0x11c USB_HOST_Library/Class/MSC/src/usbh_msc_scsi.o
                0x08001c50                USBH_MSC_RequestSense
 .text.USBH_MSC_Write10
                0x08001d6c      0x100 USB_HOST_Library/Class/MSC/src/usbh_msc_scsi.o
                0x08001d6c                USBH_MSC_Write10
 .text.USBH_MSC_Read10
                0x08001e6c      0x128 USB_HOST_Library/Class/MSC/src/usbh_msc_scsi.o
                0x08001e6c                USBH_MSC_Read10
 .text.USBH_Connect
                0x08001f94       0x2c USB_HOST_Library/Core/src/usbh_core.o
                0x08001f94                USBH_Connect
 .text.USBH_Disconnect
                0x08001fc0       0x2c USB_HOST_Library/Core/src/usbh_core.o
                0x08001fc0                USBH_Disconnect
 .text.USBH_Init
                0x08001fec       0x74 USB_HOST_Library/Core/src/usbh_core.o
                0x08001fec                USBH_Init
 .text.USBH_DeInit
                0x08002060       0x60 USB_HOST_Library/Core/src/usbh_core.o
                0x08002060                USBH_DeInit
 .text.USBH_Process
                0x080020c0      0x280 USB_HOST_Library/Core/src/usbh_core.o
                0x080020c0                USBH_Process
 .text.USBH_ErrorHandle
                0x08002340       0x48 USB_HOST_Library/Core/src/usbh_core.o
                0x08002340                USBH_ErrorHandle
 .text.USBH_HandleEnum
                0x08002388      0x2e0 USB_HOST_Library/Core/src/usbh_core.o
 .text.USBH_HandleControl
                0x08002668      0x350 USB_HOST_Library/Core/src/usbh_core.o
                0x08002668                USBH_HandleControl
 .text.USBH_Open_Channel
                0x080029b8       0xf8 USB_HOST_Library/Core/src/usbh_hcs.o
                0x080029b8                USBH_Open_Channel
 .text.USBH_Modify_Channel
                0x08002ab0       0x98 USB_HOST_Library/Core/src/usbh_hcs.o
                0x08002ab0                USBH_Modify_Channel
 .text.USBH_Alloc_Channel
                0x08002b48       0x4c USB_HOST_Library/Core/src/usbh_hcs.o
                0x08002b48                USBH_Alloc_Channel
 .text.USBH_Free_Channel
                0x08002b94       0x44 USB_HOST_Library/Core/src/usbh_hcs.o
                0x08002b94                USBH_Free_Channel
 .text.USBH_DeAllocate_AllChannel
                0x08002bd8       0x38 USB_HOST_Library/Core/src/usbh_hcs.o
                0x08002bd8                USBH_DeAllocate_AllChannel
 .text.USBH_GetFreeChannel
                0x08002c10       0x48 USB_HOST_Library/Core/src/usbh_hcs.o
 .text.USBH_CtlReq
                0x08002c58       0x8c USB_HOST_Library/Core/src/usbh_ioreq.o
                0x08002c58                USBH_CtlReq
 .text.USBH_CtlSendSetup
                0x08002ce4       0x68 USB_HOST_Library/Core/src/usbh_ioreq.o
                0x08002ce4                USBH_CtlSendSetup
 .text.USBH_CtlSendData
                0x08002d4c       0xac USB_HOST_Library/Core/src/usbh_ioreq.o
                0x08002d4c                USBH_CtlSendData
 .text.USBH_CtlReceiveData
                0x08002df8       0x70 USB_HOST_Library/Core/src/usbh_ioreq.o
                0x08002df8                USBH_CtlReceiveData
 .text.USBH_BulkSendData
                0x08002e68       0x94 USB_HOST_Library/Core/src/usbh_ioreq.o
                0x08002e68                USBH_BulkSendData
 .text.USBH_BulkReceiveData
                0x08002efc       0x94 USB_HOST_Library/Core/src/usbh_ioreq.o
                0x08002efc                USBH_BulkReceiveData
 .text.USBH_SubmitSetupRequest
                0x08002f90       0x3c USB_HOST_Library/Core/src/usbh_ioreq.o
 .text.USBH_Get_DevDesc
                0x08002fcc       0x54 USB_HOST_Library/Core/src/usbh_stdreq.o
                0x08002fcc                USBH_Get_DevDesc
 .text.USBH_Get_CfgDesc
                0x08003020       0x60 USB_HOST_Library/Core/src/usbh_stdreq.o
                0x08003020                USBH_Get_CfgDesc
 .text.USBH_Get_StringDesc
                0x08003080       0x58 USB_HOST_Library/Core/src/usbh_stdreq.o
                0x08003080                USBH_Get_StringDesc
 .text.USBH_GetDescriptor
                0x080030d8       0x68 USB_HOST_Library/Core/src/usbh_stdreq.o
                0x080030d8                USBH_GetDescriptor
 .text.USBH_SetAddress
                0x08003140       0x44 USB_HOST_Library/Core/src/usbh_stdreq.o
                0x08003140                USBH_SetAddress
 .text.USBH_SetCfg
                0x08003184       0x44 USB_HOST_Library/Core/src/usbh_stdreq.o
                0x08003184                USBH_SetCfg
 .text.USBH_ClrFeature
                0x080031c8       0x78 USB_HOST_Library/Core/src/usbh_stdreq.o
                0x080031c8                USBH_ClrFeature
 .text.USBH_ParseDevDesc
                0x08003240       0xe0 USB_HOST_Library/Core/src/usbh_stdreq.o
 .text.USBH_ParseCfgDesc
                0x08003320      0x154 USB_HOST_Library/Core/src/usbh_stdreq.o
 .text.USBH_ParseInterfaceDesc
                0x08003474       0x60 USB_HOST_Library/Core/src/usbh_stdreq.o
 .text.USBH_ParseEPDesc
                0x080034d4       0x5c USB_HOST_Library/Core/src/usbh_stdreq.o
 .text.USBH_ParseStringDesc
                0x08003530       0x68 USB_HOST_Library/Core/src/usbh_stdreq.o
 .text.USBH_GetNextDesc
                0x08003598       0x38 USB_HOST_Library/Core/src/usbh_stdreq.o
 .text.USB_OTG_BSP_Init
                0x080035d0       0x9c USB_OTG_Driver/src/usb_bsp.o
                0x080035d0                USB_OTG_BSP_Init
 .text.USB_OTG_BSP_EnableInterrupt
                0x0800366c       0x4c USB_OTG_Driver/src/usb_bsp.o
                0x0800366c                USB_OTG_BSP_EnableInterrupt
 .text.USB_OTG_BSP_DriveVBUS
                0x080036b8       0x30 USB_OTG_Driver/src/usb_bsp.o
                0x080036b8                USB_OTG_BSP_DriveVBUS
 .text.USB_OTG_BSP_ConfigVBUS
                0x080036e8       0x4c USB_OTG_Driver/src/usb_bsp.o
                0x080036e8                USB_OTG_BSP_ConfigVBUS
 .text.USB_OTG_BSP_TimeInit
                0x08003734       0x40 USB_OTG_Driver/src/usb_bsp.o
 .text.USB_OTG_BSP_uDelay
                0x08003774       0x18 USB_OTG_Driver/src/usb_bsp.o
                0x08003774                USB_OTG_BSP_uDelay
 .text.USB_OTG_BSP_mDelay
                0x0800378c       0x18 USB_OTG_Driver/src/usb_bsp.o
                0x0800378c                USB_OTG_BSP_mDelay
 .text.USB_OTG_BSP_TimerIRQ
                0x080037a4       0x44 USB_OTG_Driver/src/usb_bsp.o
                0x080037a4                USB_OTG_BSP_TimerIRQ
 .text.BSP_Delay
                0x080037e8       0x3c USB_OTG_Driver/src/usb_bsp.o
 .text.BSP_SetTime
                0x08003824       0x84 USB_OTG_Driver/src/usb_bsp.o
 .text.USB_OTG_EnableCommonInt
                0x080038a8       0x44 USB_OTG_Driver/src/usb_core.o
 .text.USB_OTG_CoreReset
                0x080038ec       0x90 USB_OTG_Driver/src/usb_core.o
 .text.USB_OTG_WritePacket
                0x0800397c       0x78 USB_OTG_Driver/src/usb_core.o
                0x0800397c                USB_OTG_WritePacket
 .text.USB_OTG_ReadPacket
                0x080039f4       0x58 USB_OTG_Driver/src/usb_core.o
                0x080039f4                USB_OTG_ReadPacket
 .text.USB_OTG_SelectCore
                0x08003a4c      0x174 USB_OTG_Driver/src/usb_core.o
                0x08003a4c                USB_OTG_SelectCore
 .text.USB_OTG_CoreInit
                0x08003bc0      0x1dc USB_OTG_Driver/src/usb_core.o
                0x08003bc0                USB_OTG_CoreInit
 .text.USB_OTG_EnableGlobalInt
                0x08003d9c       0x38 USB_OTG_Driver/src/usb_core.o
                0x08003d9c                USB_OTG_EnableGlobalInt
 .text.USB_OTG_DisableGlobalInt
                0x08003dd4       0x38 USB_OTG_Driver/src/usb_core.o
                0x08003dd4                USB_OTG_DisableGlobalInt
 .text.USB_OTG_FlushTxFifo
                0x08003e0c       0x74 USB_OTG_Driver/src/usb_core.o
                0x08003e0c                USB_OTG_FlushTxFifo
 .text.USB_OTG_FlushRxFifo
                0x08003e80       0x60 USB_OTG_Driver/src/usb_core.o
                0x08003e80                USB_OTG_FlushRxFifo
 .text.USB_OTG_SetCurrentMode
                0x08003ee0       0x60 USB_OTG_Driver/src/usb_core.o
                0x08003ee0                USB_OTG_SetCurrentMode
 .text.USB_OTG_GetMode
                0x08003f40       0x20 USB_OTG_Driver/src/usb_core.o
                0x08003f40                USB_OTG_GetMode
 .text.USB_OTG_IsHostMode
                0x08003f60       0x24 USB_OTG_Driver/src/usb_core.o
                0x08003f60                USB_OTG_IsHostMode
 .text.USB_OTG_ReadCoreItr
                0x08003f84       0x30 USB_OTG_Driver/src/usb_core.o
                0x08003f84                USB_OTG_ReadCoreItr
 .text.USB_OTG_CoreInitHost
                0x08003fb4       0xe0 USB_OTG_Driver/src/usb_core.o
                0x08003fb4                USB_OTG_CoreInitHost
 .text.USB_OTG_IsEvenFrame
                0x08004094       0x28 USB_OTG_Driver/src/usb_core.o
                0x08004094                USB_OTG_IsEvenFrame
 .text.USB_OTG_DriveVbus
                0x080040bc       0x7c USB_OTG_Driver/src/usb_core.o
                0x080040bc                USB_OTG_DriveVbus
 .text.USB_OTG_EnableHostInt
                0x08004138       0x80 USB_OTG_Driver/src/usb_core.o
                0x08004138                USB_OTG_EnableHostInt
 .text.USB_OTG_InitFSLSPClkSel
                0x080041b8       0x38 USB_OTG_Driver/src/usb_core.o
                0x080041b8                USB_OTG_InitFSLSPClkSel
 .text.USB_OTG_ReadHPRT0
                0x080041f0       0x40 USB_OTG_Driver/src/usb_core.o
                0x080041f0                USB_OTG_ReadHPRT0
 .text.USB_OTG_ReadHostAllChannels_intr
                0x08004230       0x1c USB_OTG_Driver/src/usb_core.o
                0x08004230                USB_OTG_ReadHostAllChannels_intr
 .text.USB_OTG_ResetPort
                0x0800424c       0x4c USB_OTG_Driver/src/usb_core.o
                0x0800424c                USB_OTG_ResetPort
 .text.USB_OTG_HC_Init
                0x08004298      0x298 USB_OTG_Driver/src/usb_core.o
                0x08004298                USB_OTG_HC_Init
 .text.USB_OTG_HC_StartXfer
                0x08004530      0x2b0 USB_OTG_Driver/src/usb_core.o
                0x08004530                USB_OTG_HC_StartXfer
 .text.USB_OTG_HC_Halt
                0x080047e0       0x9c USB_OTG_Driver/src/usb_core.o
                0x080047e0                USB_OTG_HC_Halt
 .text.USB_OTG_HC_DoPing
                0x0800487c       0x74 USB_OTG_Driver/src/usb_core.o
                0x0800487c                USB_OTG_HC_DoPing
 .text.HCD_Init
                0x080048f0       0x8c USB_OTG_Driver/src/usb_hcd.o
                0x080048f0                HCD_Init
 .text.HCD_GetCurrentSpeed
                0x0800497c       0x28 USB_OTG_Driver/src/usb_hcd.o
                0x0800497c                HCD_GetCurrentSpeed
 .text.HCD_ResetPort
                0x080049a4       0x18 USB_OTG_Driver/src/usb_hcd.o
                0x080049a4                HCD_ResetPort
 .text.HCD_IsDeviceConnected
                0x080049bc       0x1c USB_OTG_Driver/src/usb_hcd.o
                0x080049bc                HCD_IsDeviceConnected
 .text.HCD_GetCurrentFrame
                0x080049d8       0x1c USB_OTG_Driver/src/usb_hcd.o
                0x080049d8                HCD_GetCurrentFrame
 .text.HCD_GetURB_State
                0x080049f4       0x24 USB_OTG_Driver/src/usb_hcd.o
                0x080049f4                HCD_GetURB_State
 .text.HCD_GetXferCnt
                0x08004a18       0x24 USB_OTG_Driver/src/usb_hcd.o
                0x08004a18                HCD_GetXferCnt
 .text.HCD_SubmitRequest
                0x08004a3c       0x3c USB_OTG_Driver/src/usb_hcd.o
                0x08004a3c                HCD_SubmitRequest
 .text.USBH_OTG_ISR_Handler
                0x08004a78      0x10c USB_OTG_Driver/src/usb_hcd_int.o
                0x08004a78                USBH_OTG_ISR_Handler
 .text.USB_OTG_USBH_handle_hc_ISR
                0x08004b84       0x8c USB_OTG_Driver/src/usb_hcd_int.o
 .text.USB_OTG_USBH_handle_sof_ISR
                0x08004c10       0x2c USB_OTG_Driver/src/usb_hcd_int.o
 .text.USB_OTG_USBH_handle_Disconnect_ISR
                0x08004c3c       0x3c USB_OTG_Driver/src/usb_hcd_int.o
 .text.USB_OTG_USBH_handle_nptxfempty_ISR
                0x08004c78      0x188 USB_OTG_Driver/src/usb_hcd_int.o
 .text.USB_OTG_USBH_handle_ptxfempty_ISR
                0x08004e00      0x188 USB_OTG_Driver/src/usb_hcd_int.o
 .text.USB_OTG_USBH_handle_port_ISR
                0x08004f88      0x164 USB_OTG_Driver/src/usb_hcd_int.o
 .text.USB_OTG_USBH_handle_hc_n_Out_ISR
                0x080050ec      0x4f0 USB_OTG_Driver/src/usb_hcd_int.o
 .text.USB_OTG_USBH_handle_hc_n_In_ISR
                0x080055dc      0x5b0 USB_OTG_Driver/src/usb_hcd_int.o
 .text.USB_OTG_USBH_handle_rx_qlvl_ISR
                0x08005b8c      0x198 USB_OTG_Driver/src/usb_hcd_int.o
 .text.USB_OTG_USBH_handle_IncompletePeriodicXfer_ISR
                0x08005d24       0x50 USB_OTG_Driver/src/usb_hcd_int.o
 .text.STM_EVAL_LEDInit
                0x08005d74       0x5c Utilities/stm32f4_discovery.o
                0x08005d74                STM_EVAL_LEDInit
 .text.STM_EVAL_LEDOn
                0x08005dd0       0x30 Utilities/stm32f4_discovery.o
                0x08005dd0                STM_EVAL_LEDOn
 .text.STM_EVAL_LEDOff
                0x08005e00       0x30 Utilities/stm32f4_discovery.o
                0x08005e00                STM_EVAL_LEDOff
 .text.STM_EVAL_LEDToggle
                0x08005e30       0x3c Utilities/stm32f4_discovery.o
                0x08005e30                STM_EVAL_LEDToggle
 .text.get_fattime
                0x08005e6c       0x10 fat_fs/src/fattime.o
                0x08005e6c                get_fattime
 .text.mem_cpy  0x08005e7c       0x3c fat_fs/src/ff.o
 .text.mem_set  0x08005eb8       0x34 fat_fs/src/ff.o
 .text.mem_cmp  0x08005eec       0x50 fat_fs/src/ff.o
 .text.chk_chr  0x08005f3c       0x38 fat_fs/src/ff.o
 .text.move_window
                0x08005f74       0xb4 fat_fs/src/ff.o
 .text.sync     0x08006028      0x144 fat_fs/src/ff.o
 .text.get_fat  0x0800616c      0x1e4 fat_fs/src/ff.o
                0x0800616c                get_fat
 .text.put_fat  0x08006350      0x258 fat_fs/src/ff.o
                0x08006350                put_fat
 .text.remove_chain
                0x080065a8       0xa0 fat_fs/src/ff.o
 .text.create_chain
                0x08006648      0x104 fat_fs/src/ff.o
 .text.clust2sect
                0x0800674c       0x40 fat_fs/src/ff.o
                0x0800674c                clust2sect
 .text.dir_seek
                0x0800678c      0x13c fat_fs/src/ff.o
 .text.dir_next
                0x080068c8      0x1e4 fat_fs/src/ff.o
 .text.dir_find
                0x08006aac       0x98 fat_fs/src/ff.o
 .text.dir_register
                0x08006b44       0xc4 fat_fs/src/ff.o
 .text.create_name
                0x08006c08      0x164 fat_fs/src/ff.o
 .text.follow_path
                0x08006d6c      0x104 fat_fs/src/ff.o
 .text.check_fs
                0x08006e70       0xcc fat_fs/src/ff.o
 .text.chk_mounted
                0x08006f3c      0x4ac fat_fs/src/ff.o
                0x08006f3c                chk_mounted
 .text.validate
                0x080073e8       0x4c fat_fs/src/ff.o
 .text.f_mount  0x08007434       0x54 fat_fs/src/ff.o
                0x08007434                f_mount
 .text.f_open   0x08007488      0x2e8 fat_fs/src/ff.o
                0x08007488                f_open
 .text.f_read   0x08007770      0x318 fat_fs/src/ff.o
                0x08007770                f_read
 .text.f_sync   0x08007a88      0x180 fat_fs/src/ff.o
                0x08007a88                f_sync
 .text.f_close  0x08007c08       0x28 fat_fs/src/ff.o
                0x08007c08                f_close
 .text.Program_flash
                0x08007c30      0x168 src/flash_api.o
                0x08007c30                Program_flash
 .text.GetSector
                0x08007d98      0x13c src/flash_api.o
                0x08007d98                GetSector
 .text.NVIC_SetPriority
                0x08007ed4       0x54 src/main.o
 .text.SysTick_Config
                0x08007f28       0x44 src/main.o
 .text.main     0x08007f6c       0x88 src/main.o
                0x08007f6c                main
 .text.TIM_LED_Config
                0x08007ff4       0xcc src/main.o
 .text.NMI_Handler
                0x080080c0       0x10 src/stm32f4xx_it.o
                0x080080c0                NMI_Handler
 .text.HardFault_Handler
                0x080080d0        0x8 src/stm32f4xx_it.o
                0x080080d0                HardFault_Handler
 .text.MemManage_Handler
                0x080080d8        0x8 src/stm32f4xx_it.o
                0x080080d8                MemManage_Handler
 .text.BusFault_Handler
                0x080080e0        0x8 src/stm32f4xx_it.o
                0x080080e0                BusFault_Handler
 .text.UsageFault_Handler
                0x080080e8        0x8 src/stm32f4xx_it.o
                0x080080e8                UsageFault_Handler
 .text.SVC_Handler
                0x080080f0       0x10 src/stm32f4xx_it.o
                0x080080f0                SVC_Handler
 .text.DebugMon_Handler
                0x08008100       0x10 src/stm32f4xx_it.o
                0x08008100                DebugMon_Handler
 .text.PendSV_Handler
                0x08008110       0x10 src/stm32f4xx_it.o
                0x08008110                PendSV_Handler
 .text.SysTick_Handler
                0x08008120       0x10 src/stm32f4xx_it.o
                0x08008120                SysTick_Handler
 .text.EXTI1_IRQHandler
                0x08008130       0x48 src/stm32f4xx_it.o
                0x08008130                EXTI1_IRQHandler
 .text.TIM4_IRQHandler
                0x08008178       0xcc src/stm32f4xx_it.o
                0x08008178                TIM4_IRQHandler
 .text.EXTI0_IRQHandler
                0x08008244       0x50 src/stm32f4xx_it.o
                0x08008244                EXTI0_IRQHandler
 .text.TIM2_IRQHandler
                0x08008294        0xc src/stm32f4xx_it.o
                0x08008294                TIM2_IRQHandler
 .text.OTG_FS_IRQHandler
                0x080082a0       0x14 src/stm32f4xx_it.o
                0x080082a0                OTG_FS_IRQHandler
 .text.SystemInit
                0x080082b4       0x5c src/system_stm32f4xx.o
                0x080082b4                SystemInit
 .text.SetSysClock
                0x08008310      0x128 src/system_stm32f4xx.o
 .text.USBH_USR_Init
                0x08008438       0x10 src/usbh_usr.o
                0x08008438                USBH_USR_Init
 .text.USBH_USR_DeviceAttached
                0x08008448       0x38 src/usbh_usr.o
                0x08008448                USBH_USR_DeviceAttached
 .text.USBH_USR_UnrecoveredError
                0x08008480       0x10 src/usbh_usr.o
                0x08008480                USBH_USR_UnrecoveredError
 .text.USBH_USR_DeviceDisconnected
                0x08008490       0x50 src/usbh_usr.o
                0x08008490                USBH_USR_DeviceDisconnected
 .text.USBH_USR_ResetDevice
                0x080084e0       0x10 src/usbh_usr.o
                0x080084e0                USBH_USR_ResetDevice
 .text.USBH_USR_DeviceSpeedDetected
                0x080084f0       0x18 src/usbh_usr.o
                0x080084f0                USBH_USR_DeviceSpeedDetected
 .text.USBH_USR_Device_DescAvailable
                0x08008508       0x14 src/usbh_usr.o
                0x08008508                USBH_USR_Device_DescAvailable
 .text.USBH_USR_DeviceAddressAssigned
                0x0800851c       0x10 src/usbh_usr.o
                0x0800851c                USBH_USR_DeviceAddressAssigned
 .text.USBH_USR_Configuration_DescAvailable
                0x0800852c       0x18 src/usbh_usr.o
                0x0800852c                USBH_USR_Configuration_DescAvailable
 .text.USBH_USR_Manufacturer_String
                0x08008544       0x14 src/usbh_usr.o
                0x08008544                USBH_USR_Manufacturer_String
 .text.USBH_USR_Product_String
                0x08008558       0x14 src/usbh_usr.o
                0x08008558                USBH_USR_Product_String
 .text.USBH_USR_SerialNum_String
                0x0800856c       0x14 src/usbh_usr.o
                0x0800856c                USBH_USR_SerialNum_String
 .text.USBH_USR_EnumerationDone
                0x08008580       0x14 src/usbh_usr.o
                0x08008580                USBH_USR_EnumerationDone
 .text.USBH_USR_DeviceNotSupported
                0x08008594       0x10 src/usbh_usr.o
                0x08008594                USBH_USR_DeviceNotSupported
 .text.USBH_USR_UserInput
                0x080085a4       0x10 src/usbh_usr.o
                0x080085a4                USBH_USR_UserInput
 .text.USBH_USR_OverCurrentDetected
                0x080085b4       0x10 src/usbh_usr.o
                0x080085b4                USBH_USR_OverCurrentDetected
 .text.USBH_USR_MSC_Application
                0x080085c4       0x78 src/usbh_usr.o
                0x080085c4                USBH_USR_MSC_Application
 .text.USBH_USR_DeInit
                0x0800863c       0x18 src/usbh_usr.o
                0x0800863c                USBH_USR_DeInit
 .text.Reset_Handler
                0x08008654       0x48 startup/startup_stm32f4xx.o
                0x08008654                Reset_Handler
 .text.Default_Handler
                0x0800869c        0x2 startup/startup_stm32f4xx.o
                0x0800869c                RTC_Alarm_IRQHandler
                0x0800869c                HASH_RNG_IRQHandler
                0x0800869c                EXTI2_IRQHandler
                0x0800869c                TIM8_CC_IRQHandler
                0x0800869c                TIM1_CC_IRQHandler
                0x0800869c                DMA2_Stream5_IRQHandler
                0x0800869c                DMA1_Stream5_IRQHandler
                0x0800869c                PVD_IRQHandler
                0x0800869c                SDIO_IRQHandler
                0x0800869c                TAMP_STAMP_IRQHandler
                0x0800869c                CAN2_RX1_IRQHandler
                0x0800869c                EXTI3_IRQHandler
                0x0800869c                TIM8_TRG_COM_TIM14_IRQHandler
                0x0800869c                TIM1_UP_TIM10_IRQHandler
                0x0800869c                TIM8_UP_TIM13_IRQHandler
                0x0800869c                I2C3_ER_IRQHandler
                0x0800869c                I2C2_EV_IRQHandler
                0x0800869c                DMA1_Stream2_IRQHandler
                0x0800869c                CAN1_RX0_IRQHandler
                0x0800869c                FPU_IRQHandler
                0x0800869c                OTG_HS_WKUP_IRQHandler
                0x0800869c                CAN2_SCE_IRQHandler
                0x0800869c                DMA2_Stream2_IRQHandler
                0x0800869c                SPI1_IRQHandler
                0x0800869c                TIM6_DAC_IRQHandler
                0x0800869c                TIM1_BRK_TIM9_IRQHandler
                0x0800869c                DCMI_IRQHandler
                0x0800869c                CAN2_RX0_IRQHandler
                0x0800869c                DMA2_Stream3_IRQHandler
                0x0800869c                USART6_IRQHandler
                0x0800869c                USART3_IRQHandler
                0x0800869c                CRYP_IRQHandler
                0x0800869c                CAN1_RX1_IRQHandler
                0x0800869c                UART5_IRQHandler
                0x0800869c                DMA2_Stream0_IRQHandler
                0x0800869c                I2C1_EV_IRQHandler
                0x0800869c                DMA1_Stream6_IRQHandler
                0x0800869c                DMA1_Stream1_IRQHandler
                0x0800869c                UART4_IRQHandler
                0x0800869c                TIM3_IRQHandler
                0x0800869c                RCC_IRQHandler
                0x0800869c                TIM8_BRK_TIM12_IRQHandler
                0x0800869c                Default_Handler
                0x0800869c                EXTI15_10_IRQHandler
                0x0800869c                ADC_IRQHandler
                0x0800869c                DMA1_Stream7_IRQHandler
                0x0800869c                TIM7_IRQHandler
                0x0800869c                CAN2_TX_IRQHandler
                0x0800869c                TIM5_IRQHandler
                0x0800869c                DMA2_Stream7_IRQHandler
                0x0800869c                I2C3_EV_IRQHandler
                0x0800869c                EXTI9_5_IRQHandler
                0x0800869c                RTC_WKUP_IRQHandler
                0x0800869c                ETH_WKUP_IRQHandler
                0x0800869c                SPI2_IRQHandler
                0x0800869c                OTG_HS_EP1_IN_IRQHandler
                0x0800869c                DMA1_Stream0_IRQHandler
                0x0800869c                CAN1_TX_IRQHandler
                0x0800869c                EXTI4_IRQHandler
                0x0800869c                FSMC_IRQHandler
                0x0800869c                ETH_IRQHandler
                0x0800869c                OTG_HS_EP1_OUT_IRQHandler
                0x0800869c                WWDG_IRQHandler
                0x0800869c                OTG_FS_WKUP_IRQHandler
                0x0800869c                TIM1_TRG_COM_TIM11_IRQHandler
                0x0800869c                OTG_HS_IRQHandler
                0x0800869c                USART2_IRQHandler
                0x0800869c                I2C2_ER_IRQHandler
                0x0800869c                DMA2_Stream1_IRQHandler
                0x0800869c                CAN1_SCE_IRQHandler
                0x0800869c                FLASH_IRQHandler
                0x0800869c                DMA2_Stream4_IRQHandler
                0x0800869c                USART1_IRQHandler
                0x0800869c                SPI3_IRQHandler
                0x0800869c                DMA1_Stream4_IRQHandler
                0x0800869c                I2C1_ER_IRQHandler
                0x0800869c                DMA2_Stream6_IRQHandler
                0x0800869c                DMA1_Stream3_IRQHandler
 *fill*         0x0800869e        0x2 
 .text.__libc_init_array
                0x080086a0       0x50 /home/ghazi/Ac6/SystemWorkbench/plugins/fr.ac6.mcu.externaltools.arm-none.linux64_1.13.1.201707031232/tools/compiler/bin/../lib/gcc/arm-none-eabi/5.4.1/../../../../arm-none-eabi/lib/armv7e-m/fpu/libc.a(lib_a-init.o)
                0x080086a0                __libc_init_array
 .text.startup.register_fini
                0x080086f0       0x14 /home/ghazi/Ac6/SystemWorkbench/plugins/fr.ac6.mcu.externaltools.arm-none.linux64_1.13.1.201707031232/tools/compiler/bin/../lib/gcc/arm-none-eabi/5.4.1/../../../../arm-none-eabi/lib/armv7e-m/fpu/libc.a(lib_a-__call_atexit.o)
 .text.atexit   0x08008704        0xc /home/ghazi/Ac6/SystemWorkbench/plugins/fr.ac6.mcu.externaltools.arm-none.linux64_1.13.1.201707031232/tools/compiler/bin/../lib/gcc/arm-none-eabi/5.4.1/../../../../arm-none-eabi/lib/armv7e-m/fpu/libc.a(lib_a-atexit.o)
                0x08008704                atexit
 .text.__libc_fini_array
                0x08008710       0x28 /home/ghazi/Ac6/SystemWorkbench/plugins/fr.ac6.mcu.externaltools.arm-none.linux64_1.13.1.201707031232/tools/compiler/bin/../lib/gcc/arm-none-eabi/5.4.1/../../../../arm-none-eabi/lib/armv7e-m/fpu/libc.a(lib_a-fini.o)
                0x08008710                __libc_fini_array
 .text.__register_exitproc
                0x08008738       0xa4 /home/ghazi/Ac6/SystemWorkbench/plugins/fr.ac6.mcu.externaltools.arm-none.linux64_1.13.1.201707031232/tools/compiler/bin/../lib/gcc/arm-none-eabi/5.4.1/../../../../arm-none-eabi/lib/armv7e-m/fpu/libc.a(lib_a-__atexit.o)
                0x08008738                __register_exitproc
 *(.rodata)
 .rodata        0x080087dc        0x4 USB_HOST_Library/Core/src/usbh_core.o
 .rodata        0x080087e0       0x2d Utilities/stm32f4_discovery.o
                0x080087e0                GPIO_PIN
                0x080087e8                GPIO_CLK
                0x080087f8                BUTTON_PIN
                0x080087fc                BUTTON_CLK
                0x08008800                BUTTON_EXTI_LINE
                0x08008804                BUTTON_PORT_SOURCE
                0x08008808                BUTTON_PIN_SOURCE
                0x0800880c                BUTTON_IRQn
 *fill*         0x0800880d        0x3 
 .rodata        0x08008810       0xf6 fat_fs/src/ff.o
 *fill*         0x08008906        0x2 
 .rodata        0x08008908        0xd src/flash_api.o
 *(.rodata*)
 *fill*         0x08008915        0x3 
 .rodata._global_impure_ptr
                0x08008918        0x4 /home/ghazi/Ac6/SystemWorkbench/plugins/fr.ac6.mcu.externaltools.arm-none.linux64_1.13.1.201707031232/tools/compiler/bin/../lib/gcc/arm-none-eabi/5.4.1/../../../../arm-none-eabi/lib/armv7e-m/fpu/libc.a(lib_a-impure.o)
                0x08008918                _global_impure_ptr
 *(.glue_7)
 .glue_7        0x0800891c        0x0 linker stubs
 *(.glue_7t)
 .glue_7t       0x0800891c        0x0 linker stubs
 *(.eh_frame)
 .eh_frame      0x0800891c        0x0 /home/ghazi/Ac6/SystemWorkbench/plugins/fr.ac6.mcu.externaltools.arm-none.linux64_1.13.1.201707031232/tools/compiler/bin/../lib/gcc/arm-none-eabi/5.4.1/armv7e-m/fpu/crtbegin.o
 *(.init)
 .init          0x0800891c        0x4 /home/ghazi/Ac6/SystemWorkbench/plugins/fr.ac6.mcu.externaltools.arm-none.linux64_1.13.1.201707031232/tools/compiler/bin/../lib/gcc/arm-none-eabi/5.4.1/armv7e-m/fpu/crti.o
                0x0800891c                _init
 .init          0x08008920        0x8 /home/ghazi/Ac6/SystemWorkbench/plugins/fr.ac6.mcu.externaltools.arm-none.linux64_1.13.1.201707031232/tools/compiler/bin/../lib/gcc/arm-none-eabi/5.4.1/armv7e-m/fpu/crtn.o
 *(.fini)
 .fini          0x08008928        0x4 /home/ghazi/Ac6/SystemWorkbench/plugins/fr.ac6.mcu.externaltools.arm-none.linux64_1.13.1.201707031232/tools/compiler/bin/../lib/gcc/arm-none-eabi/5.4.1/armv7e-m/fpu/crti.o
                0x08008928                _fini
 .fini          0x0800892c        0x8 /home/ghazi/Ac6/SystemWorkbench/plugins/fr.ac6.mcu.externaltools.arm-none.linux64_1.13.1.201707031232/tools/compiler/bin/../lib/gcc/arm-none-eabi/5.4.1/armv7e-m/fpu/crtn.o
                0x08008934                . = ALIGN (0x4)
                0x08008934                _etext = .

.vfp11_veneer   0x08008934        0x0
 .vfp11_veneer  0x08008934        0x0 linker stubs

.v4_bx          0x08008934        0x0
 .v4_bx         0x08008934        0x0 linker stubs

.iplt           0x08008934        0x0
 .iplt          0x08008934        0x0 /home/ghazi/Ac6/SystemWorkbench/plugins/fr.ac6.mcu.externaltools.arm-none.linux64_1.13.1.201707031232/tools/compiler/bin/../lib/gcc/arm-none-eabi/5.4.1/armv7e-m/fpu/crtbegin.o

.rel.dyn        0x08008934        0x0
 .rel.iplt      0x08008934        0x0 /home/ghazi/Ac6/SystemWorkbench/plugins/fr.ac6.mcu.externaltools.arm-none.linux64_1.13.1.201707031232/tools/compiler/bin/../lib/gcc/arm-none-eabi/5.4.1/armv7e-m/fpu/crtbegin.o

.ARM.extab
 *(.ARM.extab* .gnu.linkonce.armextab.*)

.ARM            0x08008934        0x0
                0x08008934                __exidx_start = .
 *(.ARM.exidx*)
                0x08008934                __exidx_end = .

.preinit_array  0x08008934        0x0
                0x08008934                PROVIDE (__preinit_array_start, .)
 *(.preinit_array*)
                0x08008934                PROVIDE (__preinit_array_end, .)

.init_array     0x08008934        0x8
                0x08008934                PROVIDE (__init_array_start, .)
 *(SORT(.init_array.*))
 .init_array.00000
                0x08008934        0x4 /home/ghazi/Ac6/SystemWorkbench/plugins/fr.ac6.mcu.externaltools.arm-none.linux64_1.13.1.201707031232/tools/compiler/bin/../lib/gcc/arm-none-eabi/5.4.1/../../../../arm-none-eabi/lib/armv7e-m/fpu/libc.a(lib_a-__call_atexit.o)
 *(.init_array*)
 .init_array    0x08008938        0x4 /home/ghazi/Ac6/SystemWorkbench/plugins/fr.ac6.mcu.externaltools.arm-none.linux64_1.13.1.201707031232/tools/compiler/bin/../lib/gcc/arm-none-eabi/5.4.1/armv7e-m/fpu/crtbegin.o
                0x0800893c                PROVIDE (__init_array_end, .)

.fini_array     0x0800893c        0x4
                0x0800893c                PROVIDE (__fini_array_start, .)
 *(.fini_array*)
 .fini_array    0x0800893c        0x4 /home/ghazi/Ac6/SystemWorkbench/plugins/fr.ac6.mcu.externaltools.arm-none.linux64_1.13.1.201707031232/tools/compiler/bin/../lib/gcc/arm-none-eabi/5.4.1/armv7e-m/fpu/crtbegin.o
 *(SORT(.fini_array.*))
                0x08008940                PROVIDE (__fini_array_end, .)
                0x08008940                _sidata = .

.data           0x20000000      0x4d0 load address 0x08008940
                0x20000000                . = ALIGN (0x4)
                0x20000000                _sdata = .
 *(.data)
 .data          0x20000000       0x10 StdPeriph_Driver/src/stm32f4xx_rcc.o
 .data          0x20000010       0x10 USB_HOST_Library/Class/MSC/src/usbh_msc_core.o
                0x20000010                USBH_MSC_cb
 .data          0x20000020        0x1 USB_HOST_Library/Class/MSC/src/usbh_msc_fatfs.o
 .data          0x20000021        0x1 USB_HOST_Library/Class/MSC/src/usbh_msc_scsi.o
 *fill*         0x20000022        0x2 
 .data          0x20000024        0xc USB_HOST_Library/Core/src/usbh_core.o
                0x20000024                USBH_DeviceConnStatus_cb
 .data          0x20000030       0x14 Utilities/stm32f4_discovery.o
                0x20000030                GPIO_PORT
                0x20000040                BUTTON_PORT
 .data          0x20000044        0x2 src/main.o
                0x20000044                CCR_Val
 .data          0x20000046        0x1 src/stm32f4xx_it.o
                0x20000046                PauseResumeStatus
 *fill*         0x20000047        0x1 
 .data          0x20000048       0x14 src/system_stm32f4xx.o
                0x20000048                SystemCoreClock
                0x2000004c                AHBPrescTable
 .data          0x2000005c       0x48 src/usbh_usr.o
                0x2000005c                USR_Callbacks
 *(.data*)
 *fill*         0x200000a4        0x4 
 .data.impure_data
                0x200000a8      0x428 /home/ghazi/Ac6/SystemWorkbench/plugins/fr.ac6.mcu.externaltools.arm-none.linux64_1.13.1.201707031232/tools/compiler/bin/../lib/gcc/arm-none-eabi/5.4.1/../../../../arm-none-eabi/lib/armv7e-m/fpu/libc.a(lib_a-impure.o)
                0x200004d0                . = ALIGN (0x4)
                0x200004d0                _edata = .

.jcr            0x200004d0        0x0 load address 0x08008e10
 .jcr           0x200004d0        0x0 /home/ghazi/Ac6/SystemWorkbench/plugins/fr.ac6.mcu.externaltools.arm-none.linux64_1.13.1.201707031232/tools/compiler/bin/../lib/gcc/arm-none-eabi/5.4.1/armv7e-m/fpu/crtbegin.o

.igot.plt       0x200004d0        0x0 load address 0x08008e10
 .igot.plt      0x200004d0        0x0 /home/ghazi/Ac6/SystemWorkbench/plugins/fr.ac6.mcu.externaltools.arm-none.linux64_1.13.1.201707031232/tools/compiler/bin/../lib/gcc/arm-none-eabi/5.4.1/armv7e-m/fpu/crtbegin.o
                0x200004d0                . = ALIGN (0x4)

.bss            0x200004d0     0x171c load address 0x08008e10
                0x200004d0                _sbss = .
                0x200004d0                __bss_start__ = _sbss
 *(.bss)
 .bss           0x200004d0       0x1c /home/ghazi/Ac6/SystemWorkbench/plugins/fr.ac6.mcu.externaltools.arm-none.linux64_1.13.1.201707031232/tools/compiler/bin/../lib/gcc/arm-none-eabi/5.4.1/armv7e-m/fpu/crtbegin.o
 .bss           0x200004ec        0xd USB_HOST_Library/Class/MSC/src/usbh_msc_bot.o
 .bss           0x200004f9        0x2 USB_HOST_Library/Class/MSC/src/usbh_msc_core.o
                0x200004f9                MSCErrorCount
 *fill*         0x200004fb        0x1 
 .bss           0x200004fc        0x2 USB_HOST_Library/Core/src/usbh_core.o
 *fill*         0x200004fe        0x2 
 .bss           0x20000500        0x4 USB_OTG_Driver/src/usb_bsp.o
                0x20000500                BSP_delay
 .bss           0x20000504        0x6 fat_fs/src/ff.o
 *fill*         0x2000050a        0x2 
 .bss           0x2000050c       0x18 src/flash_api.o
                0x2000050c                StartSector
                0x20000510                EndSector
                0x20000514                Address
                0x20000518                i
                0x2000051c                data32
                0x20000520                MemoryProgramStatus
 .bss           0x20000524        0x1 src/main.o
                0x20000524                RepeatState
 *fill*         0x20000525        0x1 
 .bss           0x20000526        0x6 src/stm32f4xx_it.o
                0x20000526                Count
                0x20000527                LED_Toggle
                0x20000528                capture
                0x2000052a                Time_Rec_Base
 .bss           0x2000052c        0x2 src/usbh_usr.o
                0x2000052c                Command_index
 *(.bss*)
 *(COMMON)
 *fill*         0x2000052e        0x2 
 COMMON         0x20000530       0x40 USB_HOST_Library/Class/MSC/src/usbh_msc_bot.o
                0x20000530                USBH_MSC_CSWData
                0x20000540                USBH_MSC_BOTXferParam
                0x20000550                USBH_MSC_CBWData
 COMMON         0x20000570       0x54 USB_HOST_Library/Class/MSC/src/usbh_msc_core.o
                0x20000570                MSC_Machine
                0x200005bc                MSC_Setup
 COMMON         0x200005c4      0x410 USB_HOST_Library/Class/MSC/src/usbh_msc_scsi.o
                0x200005c4                USBH_DataInBuffer
                0x200007c4                USBH_MSC_Param
                0x200007d4                USBH_DataOutBuffer
 COMMON         0x200009d4      0x424 src/flash_api.o
                0x200009d4                file
 COMMON         0x20000df8      0x544 src/main.o
                0x20000df8                USB_OTG_Core
                0x200012a8                RCC_Clocks
                0x200012b8                USB_Host
 COMMON         0x2000133c      0x8b0 src/usbh_usr.o
                0x2000133c                fileR
                0x20001760                bytesWritten
                0x20001764                fno
                0x2000177c                read_data
                0x200017a0                dir
                0x200017bc                fatfs
                0x20001bec                . = ALIGN (0x4)
                0x20001bec                _ebss = .
                0x20001bec                __bss_end__ = _ebss

._user_heap_stack
                0x20001bec      0x404 load address 0x0800a52c
                0x20001bf0                . = ALIGN (0x8)
 *fill*         0x20001bec        0x4 
                0x20001bf0                PROVIDE (end, .)
                [!provide]                PROVIDE (_end, .)
                0x20001bf0                . = (. + _Min_Heap_Size)
                0x20001ff0                . = (. + _Min_Stack_Size)
 *fill*         0x20001bf0      0x400 
                0x20001ff0                . = ALIGN (0x8)

.memory_b1_text
 *(.mb1text)
 *(.mb1text*)
 *(.mb1rodata)
 *(.mb1rodata*)

/DISCARD/
 libc.a(*)
 libm.a(*)
 libgcc.a(*)

.ARM.attributes
                0x00000000       0x30
 *(.ARM.attributes)
 .ARM.attributes
                0x00000000       0x22 /home/ghazi/Ac6/SystemWorkbench/plugins/fr.ac6.mcu.externaltools.arm-none.linux64_1.13.1.201707031232/tools/compiler/bin/../lib/gcc/arm-none-eabi/5.4.1/armv7e-m/fpu/crti.o
 .ARM.attributes
                0x00000022       0x34 /home/ghazi/Ac6/SystemWorkbench/plugins/fr.ac6.mcu.externaltools.arm-none.linux64_1.13.1.201707031232/tools/compiler/bin/../lib/gcc/arm-none-eabi/5.4.1/armv7e-m/fpu/crtbegin.o
 .ARM.attributes
                0x00000056       0x39 StdPeriph_Driver/src/misc.o
 .ARM.attributes
                0x0000008f       0x39 StdPeriph_Driver/src/stm32f4xx_exti.o
 .ARM.attributes
                0x000000c8       0x39 StdPeriph_Driver/src/stm32f4xx_flash.o
 .ARM.attributes
                0x00000101       0x39 StdPeriph_Driver/src/stm32f4xx_gpio.o
 .ARM.attributes
                0x0000013a       0x39 StdPeriph_Driver/src/stm32f4xx_rcc.o
 .ARM.attributes
                0x00000173       0x39 StdPeriph_Driver/src/stm32f4xx_tim.o
 .ARM.attributes
                0x000001ac       0x39 USB_HOST_Library/Class/MSC/src/usbh_msc_bot.o
 .ARM.attributes
                0x000001e5       0x39 USB_HOST_Library/Class/MSC/src/usbh_msc_core.o
 .ARM.attributes
                0x0000021e       0x39 USB_HOST_Library/Class/MSC/src/usbh_msc_fatfs.o
 .ARM.attributes
                0x00000257       0x39 USB_HOST_Library/Class/MSC/src/usbh_msc_scsi.o
 .ARM.attributes
                0x00000290       0x39 USB_HOST_Library/Core/src/usbh_core.o
 .ARM.attributes
                0x000002c9       0x39 USB_HOST_Library/Core/src/usbh_hcs.o
 .ARM.attributes
                0x00000302       0x39 USB_HOST_Library/Core/src/usbh_ioreq.o
 .ARM.attributes
                0x0000033b       0x39 USB_HOST_Library/Core/src/usbh_stdreq.o
 .ARM.attributes
                0x00000374       0x39 USB_OTG_Driver/src/usb_bsp.o
 .ARM.attributes
                0x000003ad       0x39 USB_OTG_Driver/src/usb_core.o
 .ARM.attributes
                0x000003e6       0x39 USB_OTG_Driver/src/usb_hcd.o
 .ARM.attributes
                0x0000041f       0x39 USB_OTG_Driver/src/usb_hcd_int.o
 .ARM.attributes
                0x00000458       0x39 Utilities/stm32f4_discovery.o
 .ARM.attributes
                0x00000491       0x39 fat_fs/src/fattime.o
 .ARM.attributes
                0x000004ca       0x39 fat_fs/src/ff.o
 .ARM.attributes
                0x00000503       0x39 src/flash_api.o
 .ARM.attributes
                0x0000053c       0x39 src/main.o
 .ARM.attributes
                0x00000575       0x39 src/stm32f4xx_it.o
 .ARM.attributes
                0x000005ae       0x39 src/system_stm32f4xx.o
 .ARM.attributes
                0x000005e7       0x39 src/usbh_usr.o
 .ARM.attributes
                0x00000620       0x21 startup/startup_stm32f4xx.o
 .ARM.attributes
                0x00000641       0x34 /home/ghazi/Ac6/SystemWorkbench/plugins/fr.ac6.mcu.externaltools.arm-none.linux64_1.13.1.201707031232/tools/compiler/bin/../lib/gcc/arm-none-eabi/5.4.1/../../../../arm-none-eabi/lib/armv7e-m/fpu/libc.a(lib_a-impure.o)
 .ARM.attributes
                0x00000675       0x34 /home/ghazi/Ac6/SystemWorkbench/plugins/fr.ac6.mcu.externaltools.arm-none.linux64_1.13.1.201707031232/tools/compiler/bin/../lib/gcc/arm-none-eabi/5.4.1/../../../../arm-none-eabi/lib/armv7e-m/fpu/libc.a(lib_a-init.o)
 .ARM.attributes
                0x000006a9       0x34 /home/ghazi/Ac6/SystemWorkbench/plugins/fr.ac6.mcu.externaltools.arm-none.linux64_1.13.1.201707031232/tools/compiler/bin/../lib/gcc/arm-none-eabi/5.4.1/../../../../arm-none-eabi/lib/armv7e-m/fpu/libc.a(lib_a-__call_atexit.o)
 .ARM.attributes
                0x000006dd       0x34 /home/ghazi/Ac6/SystemWorkbench/plugins/fr.ac6.mcu.externaltools.arm-none.linux64_1.13.1.201707031232/tools/compiler/bin/../lib/gcc/arm-none-eabi/5.4.1/../../../../arm-none-eabi/lib/armv7e-m/fpu/libc.a(lib_a-atexit.o)
 .ARM.attributes
                0x00000711       0x34 /home/ghazi/Ac6/SystemWorkbench/plugins/fr.ac6.mcu.externaltools.arm-none.linux64_1.13.1.201707031232/tools/compiler/bin/../lib/gcc/arm-none-eabi/5.4.1/../../../../arm-none-eabi/lib/armv7e-m/fpu/libc.a(lib_a-fini.o)
 .ARM.attributes
                0x00000745       0x34 /home/ghazi/Ac6/SystemWorkbench/plugins/fr.ac6.mcu.externaltools.arm-none.linux64_1.13.1.201707031232/tools/compiler/bin/../lib/gcc/arm-none-eabi/5.4.1/../../../../arm-none-eabi/lib/armv7e-m/fpu/libc.a(lib_a-__atexit.o)
 .ARM.attributes
                0x00000779       0x22 /home/ghazi/Ac6/SystemWorkbench/plugins/fr.ac6.mcu.externaltools.arm-none.linux64_1.13.1.201707031232/tools/compiler/bin/../lib/gcc/arm-none-eabi/5.4.1/armv7e-m/fpu/crtn.o
OUTPUT(USB_HOST.elf elf32-littlearm)

.debug_info     0x00000000    0x1a67a
 .debug_info    0x00000000      0x55e StdPeriph_Driver/src/misc.o
 .debug_info    0x0000055e      0x35f StdPeriph_Driver/src/stm32f4xx_exti.o
 .debug_info    0x000008bd      0x72f StdPeriph_Driver/src/stm32f4xx_flash.o
 .debug_info    0x00000fec      0x622 StdPeriph_Driver/src/stm32f4xx_gpio.o
 .debug_info    0x0000160e      0xc6b StdPeriph_Driver/src/stm32f4xx_rcc.o
 .debug_info    0x00002279     0x1c71 StdPeriph_Driver/src/stm32f4xx_tim.o
 .debug_info    0x00003eea     0x169b USB_HOST_Library/Class/MSC/src/usbh_msc_bot.o
 .debug_info    0x00005585     0x1623 USB_HOST_Library/Class/MSC/src/usbh_msc_core.o
 .debug_info    0x00006ba8     0x14de USB_HOST_Library/Class/MSC/src/usbh_msc_fatfs.o
 .debug_info    0x00008086      0xebe USB_HOST_Library/Class/MSC/src/usbh_msc_scsi.o
 .debug_info    0x00008f44     0x14d3 USB_HOST_Library/Core/src/usbh_core.o
 .debug_info    0x0000a417      0xb77 USB_HOST_Library/Core/src/usbh_hcs.o
 .debug_info    0x0000af8e     0x1541 USB_HOST_Library/Core/src/usbh_ioreq.o
 .debug_info    0x0000c4cf     0x1732 USB_HOST_Library/Core/src/usbh_stdreq.o
 .debug_info    0x0000dc01     0x125d USB_OTG_Driver/src/usb_bsp.o
 .debug_info    0x0000ee5e     0x2091 USB_OTG_Driver/src/usb_core.o
 .debug_info    0x00010eef      0xcca USB_OTG_Driver/src/usb_hcd.o
 .debug_info    0x00011bb9     0x1d75 USB_OTG_Driver/src/usb_hcd_int.o
 .debug_info    0x0001392e      0x8ba Utilities/stm32f4_discovery.o
 .debug_info    0x000141e8       0xc5 fat_fs/src/fattime.o
 .debug_info    0x000142ad     0x19f9 fat_fs/src/ff.o
 .debug_info    0x00015ca6      0xd2f src/flash_api.o
 .debug_info    0x000169d5     0x1c98 src/main.o
 .debug_info    0x0001866d      0xd4a src/stm32f4xx_it.o
 .debug_info    0x000193b7      0x5cd src/system_stm32f4xx.o
 .debug_info    0x00019984      0xc7c src/usbh_usr.o
 .debug_info    0x0001a600       0x7a startup/startup_stm32f4xx.o

.debug_abbrev   0x00000000     0x3401
 .debug_abbrev  0x00000000      0x14c StdPeriph_Driver/src/misc.o
 .debug_abbrev  0x0000014c      0x1ae StdPeriph_Driver/src/stm32f4xx_exti.o
 .debug_abbrev  0x000002fa      0x1b7 StdPeriph_Driver/src/stm32f4xx_flash.o
 .debug_abbrev  0x000004b1      0x1ac StdPeriph_Driver/src/stm32f4xx_gpio.o
 .debug_abbrev  0x0000065d      0x1ea StdPeriph_Driver/src/stm32f4xx_rcc.o
 .debug_abbrev  0x00000847      0x18e StdPeriph_Driver/src/stm32f4xx_tim.o
 .debug_abbrev  0x000009d5      0x242 USB_HOST_Library/Class/MSC/src/usbh_msc_bot.o
 .debug_abbrev  0x00000c17      0x27f USB_HOST_Library/Class/MSC/src/usbh_msc_core.o
 .debug_abbrev  0x00000e96      0x22d USB_HOST_Library/Class/MSC/src/usbh_msc_fatfs.o
 .debug_abbrev  0x000010c3      0x1fa USB_HOST_Library/Class/MSC/src/usbh_msc_scsi.o
 .debug_abbrev  0x000012bd      0x28e USB_HOST_Library/Core/src/usbh_core.o
 .debug_abbrev  0x0000154b      0x1cd USB_HOST_Library/Core/src/usbh_hcs.o
 .debug_abbrev  0x00001718      0x220 USB_HOST_Library/Core/src/usbh_ioreq.o
 .debug_abbrev  0x00001938      0x28a USB_HOST_Library/Core/src/usbh_stdreq.o
 .debug_abbrev  0x00001bc2      0x25b USB_OTG_Driver/src/usb_bsp.o
 .debug_abbrev  0x00001e1d      0x2cd USB_OTG_Driver/src/usb_core.o
 .debug_abbrev  0x000020ea      0x1e2 USB_OTG_Driver/src/usb_hcd.o
 .debug_abbrev  0x000022cc      0x293 USB_OTG_Driver/src/usb_hcd_int.o
 .debug_abbrev  0x0000255f      0x197 Utilities/stm32f4_discovery.o
 .debug_abbrev  0x000026f6       0x6c fat_fs/src/fattime.o
 .debug_abbrev  0x00002762      0x26b fat_fs/src/ff.o
 .debug_abbrev  0x000029cd      0x1ed src/flash_api.o
 .debug_abbrev  0x00002bba      0x2a5 src/main.o
 .debug_abbrev  0x00002e5f      0x227 src/stm32f4xx_it.o
 .debug_abbrev  0x00003086      0x13d src/system_stm32f4xx.o
 .debug_abbrev  0x000031c3      0x22c src/usbh_usr.o
 .debug_abbrev  0x000033ef       0x12 startup/startup_stm32f4xx.o

.debug_aranges  0x00000000      0xf40
 .debug_aranges
                0x00000000       0x40 StdPeriph_Driver/src/misc.o
 .debug_aranges
                0x00000040       0x58 StdPeriph_Driver/src/stm32f4xx_exti.o
 .debug_aranges
                0x00000098      0x108 StdPeriph_Driver/src/stm32f4xx_flash.o
 .debug_aranges
                0x000001a0       0x88 StdPeriph_Driver/src/stm32f4xx_gpio.o
 .debug_aranges
                0x00000228      0x178 StdPeriph_Driver/src/stm32f4xx_rcc.o
 .debug_aranges
                0x000003a0      0x2f8 StdPeriph_Driver/src/stm32f4xx_tim.o
 .debug_aranges
                0x00000698       0x38 USB_HOST_Library/Class/MSC/src/usbh_msc_bot.o
 .debug_aranges
                0x000006d0       0x50 USB_HOST_Library/Class/MSC/src/usbh_msc_core.o
 .debug_aranges
                0x00000720       0x40 USB_HOST_Library/Class/MSC/src/usbh_msc_fatfs.o
 .debug_aranges
                0x00000760       0x48 USB_HOST_Library/Class/MSC/src/usbh_msc_scsi.o
 .debug_aranges
                0x000007a8       0x58 USB_HOST_Library/Core/src/usbh_core.o
 .debug_aranges
                0x00000800       0x48 USB_HOST_Library/Core/src/usbh_hcs.o
 .debug_aranges
                0x00000848       0x60 USB_HOST_Library/Core/src/usbh_ioreq.o
 .debug_aranges
                0x000008a8       0x80 USB_HOST_Library/Core/src/usbh_stdreq.o
 .debug_aranges
                0x00000928       0x70 USB_OTG_Driver/src/usb_bsp.o
 .debug_aranges
                0x00000998      0x100 USB_OTG_Driver/src/usb_core.o
 .debug_aranges
                0x00000a98       0x68 USB_OTG_Driver/src/usb_hcd.o
 .debug_aranges
                0x00000b00       0x70 USB_OTG_Driver/src/usb_hcd_int.o
 .debug_aranges
                0x00000b70       0x48 Utilities/stm32f4_discovery.o
 .debug_aranges
                0x00000bb8       0x20 fat_fs/src/fattime.o
 .debug_aranges
                0x00000bd8      0x180 fat_fs/src/ff.o
 .debug_aranges
                0x00000d58       0x28 src/flash_api.o
 .debug_aranges
                0x00000d80       0x38 src/main.o
 .debug_aranges
                0x00000db8       0x88 src/stm32f4xx_it.o
 .debug_aranges
                0x00000e40       0x30 src/system_stm32f4xx.o
 .debug_aranges
                0x00000e70       0xa8 src/usbh_usr.o
 .debug_aranges
                0x00000f18       0x28 startup/startup_stm32f4xx.o

.debug_ranges   0x00000000      0xd98
 .debug_ranges  0x00000000       0x30 StdPeriph_Driver/src/misc.o
 .debug_ranges  0x00000030       0x48 StdPeriph_Driver/src/stm32f4xx_exti.o
 .debug_ranges  0x00000078       0xf8 StdPeriph_Driver/src/stm32f4xx_flash.o
 .debug_ranges  0x00000170       0x78 StdPeriph_Driver/src/stm32f4xx_gpio.o
 .debug_ranges  0x000001e8      0x168 StdPeriph_Driver/src/stm32f4xx_rcc.o
 .debug_ranges  0x00000350      0x2e8 StdPeriph_Driver/src/stm32f4xx_tim.o
 .debug_ranges  0x00000638       0x28 USB_HOST_Library/Class/MSC/src/usbh_msc_bot.o
 .debug_ranges  0x00000660       0x40 USB_HOST_Library/Class/MSC/src/usbh_msc_core.o
 .debug_ranges  0x000006a0       0x30 USB_HOST_Library/Class/MSC/src/usbh_msc_fatfs.o
 .debug_ranges  0x000006d0       0x38 USB_HOST_Library/Class/MSC/src/usbh_msc_scsi.o
 .debug_ranges  0x00000708       0x48 USB_HOST_Library/Core/src/usbh_core.o
 .debug_ranges  0x00000750       0x38 USB_HOST_Library/Core/src/usbh_hcs.o
 .debug_ranges  0x00000788       0x50 USB_HOST_Library/Core/src/usbh_ioreq.o
 .debug_ranges  0x000007d8       0x70 USB_HOST_Library/Core/src/usbh_stdreq.o
 .debug_ranges  0x00000848       0x60 USB_OTG_Driver/src/usb_bsp.o
 .debug_ranges  0x000008a8       0xf0 USB_OTG_Driver/src/usb_core.o
 .debug_ranges  0x00000998       0x58 USB_OTG_Driver/src/usb_hcd.o
 .debug_ranges  0x000009f0       0x60 USB_OTG_Driver/src/usb_hcd_int.o
 .debug_ranges  0x00000a50       0x38 Utilities/stm32f4_discovery.o
 .debug_ranges  0x00000a88       0x10 fat_fs/src/fattime.o
 .debug_ranges  0x00000a98      0x170 fat_fs/src/ff.o
 .debug_ranges  0x00000c08       0x18 src/flash_api.o
 .debug_ranges  0x00000c20       0x28 src/main.o
 .debug_ranges  0x00000c48       0x78 src/stm32f4xx_it.o
 .debug_ranges  0x00000cc0       0x20 src/system_stm32f4xx.o
 .debug_ranges  0x00000ce0       0x98 src/usbh_usr.o
 .debug_ranges  0x00000d78       0x20 startup/startup_stm32f4xx.o

.debug_macro    0x00000000    0x13f3c
 .debug_macro   0x00000000      0x1c5 StdPeriph_Driver/src/misc.o
 .debug_macro   0x000001c5      0x8b0 StdPeriph_Driver/src/misc.o
 .debug_macro   0x00000a75       0x63 StdPeriph_Driver/src/misc.o
 .debug_macro   0x00000ad8       0x35 StdPeriph_Driver/src/misc.o
 .debug_macro   0x00000b0d       0x22 StdPeriph_Driver/src/misc.o
 .debug_macro   0x00000b2f       0x87 StdPeriph_Driver/src/misc.o
 .debug_macro   0x00000bb6       0x44 StdPeriph_Driver/src/misc.o
 .debug_macro   0x00000bfa       0xfd StdPeriph_Driver/src/misc.o
 .debug_macro   0x00000cf7       0x5e StdPeriph_Driver/src/misc.o
 .debug_macro   0x00000d55      0x1df StdPeriph_Driver/src/misc.o
 .debug_macro   0x00000f34       0x18 StdPeriph_Driver/src/misc.o
 .debug_macro   0x00000f4c       0x42 StdPeriph_Driver/src/misc.o
 .debug_macro   0x00000f8e      0x8cb StdPeriph_Driver/src/misc.o
 .debug_macro   0x00001859     0x8057 StdPeriph_Driver/src/misc.o
 .debug_macro   0x000098b0       0x16 StdPeriph_Driver/src/misc.o
 .debug_macro   0x000098c6      0x44e StdPeriph_Driver/src/misc.o
 .debug_macro   0x00009d14      0x3cf StdPeriph_Driver/src/misc.o
 .debug_macro   0x0000a0e3      0x111 StdPeriph_Driver/src/misc.o
 .debug_macro   0x0000a1f4      0x182 StdPeriph_Driver/src/misc.o
 .debug_macro   0x0000a376       0xb2 StdPeriph_Driver/src/misc.o
 .debug_macro   0x0000a428      0x146 StdPeriph_Driver/src/misc.o
 .debug_macro   0x0000a56e      0x477 StdPeriph_Driver/src/misc.o
 .debug_macro   0x0000a9e5       0xac StdPeriph_Driver/src/misc.o
 .debug_macro   0x0000aa91      0x241 StdPeriph_Driver/src/misc.o
 .debug_macro   0x0000acd2      0x279 StdPeriph_Driver/src/misc.o
 .debug_macro   0x0000af4b       0xb5 StdPeriph_Driver/src/misc.o
 .debug_macro   0x0000b000      0x265 StdPeriph_Driver/src/misc.o
 .debug_macro   0x0000b265      0x2b1 StdPeriph_Driver/src/misc.o
 .debug_macro   0x0000b516       0x64 StdPeriph_Driver/src/misc.o
 .debug_macro   0x0000b57a       0xa6 StdPeriph_Driver/src/misc.o
 .debug_macro   0x0000b620      0x538 StdPeriph_Driver/src/misc.o
 .debug_macro   0x0000bb58       0x40 StdPeriph_Driver/src/misc.o
 .debug_macro   0x0000bb98      0x57a StdPeriph_Driver/src/misc.o
 .debug_macro   0x0000c112      0x341 StdPeriph_Driver/src/misc.o
 .debug_macro   0x0000c453      0x36a StdPeriph_Driver/src/misc.o
 .debug_macro   0x0000c7bd       0xdf StdPeriph_Driver/src/misc.o
 .debug_macro   0x0000c89c      0x73b StdPeriph_Driver/src/misc.o
 .debug_macro   0x0000cfd7      0x220 StdPeriph_Driver/src/misc.o
 .debug_macro   0x0000d1f7       0x34 StdPeriph_Driver/src/misc.o
 .debug_macro   0x0000d22b       0x35 StdPeriph_Driver/src/misc.o
 .debug_macro   0x0000d260       0x79 StdPeriph_Driver/src/misc.o
 .debug_macro   0x0000d2d9      0x1c5 StdPeriph_Driver/src/stm32f4xx_exti.o
 .debug_macro   0x0000d49e       0xa6 StdPeriph_Driver/src/stm32f4xx_exti.o
 .debug_macro   0x0000d544      0x1c5 StdPeriph_Driver/src/stm32f4xx_flash.o
 .debug_macro   0x0000d709      0x23b StdPeriph_Driver/src/stm32f4xx_flash.o
 .debug_macro   0x0000d944      0x1c3 StdPeriph_Driver/src/stm32f4xx_gpio.o
 .debug_macro   0x0000db07      0x25f StdPeriph_Driver/src/stm32f4xx_gpio.o
 .debug_macro   0x0000dd66      0x267 StdPeriph_Driver/src/stm32f4xx_rcc.o
 .debug_macro   0x0000dfcd      0x532 StdPeriph_Driver/src/stm32f4xx_rcc.o
 .debug_macro   0x0000e4ff      0x1ed StdPeriph_Driver/src/stm32f4xx_tim.o
 .debug_macro   0x0000e6ec      0x735 StdPeriph_Driver/src/stm32f4xx_tim.o
 .debug_macro   0x0000ee21      0x292 USB_HOST_Library/Class/MSC/src/usbh_msc_bot.o
 .debug_macro   0x0000f0b3       0x70 USB_HOST_Library/Class/MSC/src/usbh_msc_bot.o
 .debug_macro   0x0000f123       0x70 USB_HOST_Library/Class/MSC/src/usbh_msc_bot.o
 .debug_macro   0x0000f193      0x211 USB_HOST_Library/Class/MSC/src/usbh_msc_bot.o
 .debug_macro   0x0000f3a4       0x64 USB_HOST_Library/Class/MSC/src/usbh_msc_bot.o
 .debug_macro   0x0000f408      0x1e8 USB_HOST_Library/Class/MSC/src/usbh_msc_bot.o
 .debug_macro   0x0000f5f0       0x1c USB_HOST_Library/Class/MSC/src/usbh_msc_bot.o
 .debug_macro   0x0000f60c       0x2e USB_HOST_Library/Class/MSC/src/usbh_msc_bot.o
 .debug_macro   0x0000f63a       0x28 USB_HOST_Library/Class/MSC/src/usbh_msc_bot.o
 .debug_macro   0x0000f662       0x88 USB_HOST_Library/Class/MSC/src/usbh_msc_bot.o
 .debug_macro   0x0000f6ea       0x1c USB_HOST_Library/Class/MSC/src/usbh_msc_bot.o
 .debug_macro   0x0000f706       0x28 USB_HOST_Library/Class/MSC/src/usbh_msc_bot.o
 .debug_macro   0x0000f72e       0x5e USB_HOST_Library/Class/MSC/src/usbh_msc_bot.o
 .debug_macro   0x0000f78c       0xd4 USB_HOST_Library/Class/MSC/src/usbh_msc_bot.o
 .debug_macro   0x0000f860       0x10 USB_HOST_Library/Class/MSC/src/usbh_msc_bot.o
 .debug_macro   0x0000f870       0x22 USB_HOST_Library/Class/MSC/src/usbh_msc_bot.o
 .debug_macro   0x0000f892      0x281 USB_HOST_Library/Class/MSC/src/usbh_msc_core.o
 .debug_macro   0x0000fb13      0x28d USB_HOST_Library/Class/MSC/src/usbh_msc_fatfs.o
 .debug_macro   0x0000fda0       0x10 USB_HOST_Library/Class/MSC/src/usbh_msc_fatfs.o
 .debug_macro   0x0000fdb0       0x22 USB_HOST_Library/Class/MSC/src/usbh_msc_fatfs.o
 .debug_macro   0x0000fdd2       0x16 USB_HOST_Library/Class/MSC/src/usbh_msc_fatfs.o
 .debug_macro   0x0000fde8       0x76 USB_HOST_Library/Class/MSC/src/usbh_msc_fatfs.o
 .debug_macro   0x0000fe5e      0x1dc USB_HOST_Library/Class/MSC/src/usbh_msc_fatfs.o
 .debug_macro   0x0001003a       0x76 USB_HOST_Library/Class/MSC/src/usbh_msc_fatfs.o
 .debug_macro   0x000100b0      0x27f USB_HOST_Library/Class/MSC/src/usbh_msc_scsi.o
 .debug_macro   0x0001032f      0x248 USB_HOST_Library/Core/src/usbh_core.o
 .debug_macro   0x00010577       0x16 USB_HOST_Library/Core/src/usbh_core.o
 .debug_macro   0x0001058d       0x2e USB_HOST_Library/Core/src/usbh_core.o
 .debug_macro   0x000105bb      0x225 USB_HOST_Library/Core/src/usbh_hcs.o
 .debug_macro   0x000107e0       0x22 USB_HOST_Library/Core/src/usbh_hcs.o
 .debug_macro   0x00010802      0x21f USB_HOST_Library/Core/src/usbh_ioreq.o
 .debug_macro   0x00010a21      0x228 USB_HOST_Library/Core/src/usbh_stdreq.o
 .debug_macro   0x00010c49      0x246 USB_OTG_Driver/src/usb_bsp.o
 .debug_macro   0x00010e8f      0x1fc USB_OTG_Driver/src/usb_core.o
 .debug_macro   0x0001108b      0x206 USB_OTG_Driver/src/usb_hcd.o
 .debug_macro   0x00011291      0x206 USB_OTG_Driver/src/usb_hcd_int.o
 .debug_macro   0x00011497      0x1c4 Utilities/stm32f4_discovery.o
 .debug_macro   0x0001165b       0x82 Utilities/stm32f4_discovery.o
 .debug_macro   0x000116dd      0x1de fat_fs/src/fattime.o
 .debug_macro   0x000118bb      0x31b fat_fs/src/ff.o
 .debug_macro   0x00011bd6       0x7b fat_fs/src/ff.o
 .debug_macro   0x00011c51      0x265 fat_fs/src/ff.o
 .debug_macro   0x00011eb6       0x58 fat_fs/src/ff.o
 .debug_macro   0x00011f0e      0x259 src/flash_api.o
 .debug_macro   0x00012167       0x5e src/flash_api.o
 .debug_macro   0x000121c5       0x76 src/flash_api.o
 .debug_macro   0x0001223b      0x422 src/main.o
 .debug_macro   0x0001265d       0x52 src/main.o
 .debug_macro   0x000126af       0x35 src/main.o
 .debug_macro   0x000126e4       0x9c src/main.o
 .debug_macro   0x00012780       0x16 src/main.o
 .debug_macro   0x00012796       0x97 src/main.o
 .debug_macro   0x0001282d      0x30d src/main.o
 .debug_macro   0x00012b3a       0xfd src/main.o
 .debug_macro   0x00012c37       0x10 src/main.o
 .debug_macro   0x00012c47       0x52 src/main.o
 .debug_macro   0x00012c99       0x1f src/main.o
 .debug_macro   0x00012cb8       0x43 src/main.o
 .debug_macro   0x00012cfb       0x20 src/main.o
 .debug_macro   0x00012d1b      0x187 src/main.o
 .debug_macro   0x00012ea2       0x10 src/main.o
 .debug_macro   0x00012eb2       0x1c src/main.o
 .debug_macro   0x00012ece       0x52 src/main.o
 .debug_macro   0x00012f20       0x40 src/main.o
 .debug_macro   0x00012f60       0x10 src/main.o
 .debug_macro   0x00012f70       0x40 src/main.o
 .debug_macro   0x00012fb0       0xd7 src/main.o
 .debug_macro   0x00013087       0x16 src/main.o
 .debug_macro   0x0001309d      0x18b src/main.o
 .debug_macro   0x00013228      0x25e src/main.o
 .debug_macro   0x00013486       0x28 src/main.o
 .debug_macro   0x000134ae       0x64 src/main.o
 .debug_macro   0x00013512       0x22 src/main.o
 .debug_macro   0x00013534      0x422 src/stm32f4xx_it.o
 .debug_macro   0x00013956      0x1e6 src/system_stm32f4xx.o
 .debug_macro   0x00013b3c      0x400 src/usbh_usr.o

.debug_line     0x00000000     0xfdda
 .debug_line    0x00000000      0x694 StdPeriph_Driver/src/misc.o
 .debug_line    0x00000694      0x6ed StdPeriph_Driver/src/stm32f4xx_exti.o
 .debug_line    0x00000d81      0x8cb StdPeriph_Driver/src/stm32f4xx_flash.o
 .debug_line    0x0000164c      0x7ac StdPeriph_Driver/src/stm32f4xx_gpio.o
 .debug_line    0x00001df8      0x9f2 StdPeriph_Driver/src/stm32f4xx_rcc.o
 .debug_line    0x000027ea      0xf0e StdPeriph_Driver/src/stm32f4xx_tim.o
 .debug_line    0x000036f8      0x9d9 USB_HOST_Library/Class/MSC/src/usbh_msc_bot.o
 .debug_line    0x000040d1      0x9a9 USB_HOST_Library/Class/MSC/src/usbh_msc_core.o
 .debug_line    0x00004a7a      0x9aa USB_HOST_Library/Class/MSC/src/usbh_msc_fatfs.o
 .debug_line    0x00005424      0xa7a USB_HOST_Library/Class/MSC/src/usbh_msc_scsi.o
 .debug_line    0x00005e9e      0xa00 USB_HOST_Library/Core/src/usbh_core.o
 .debug_line    0x0000689e      0x828 USB_HOST_Library/Core/src/usbh_hcs.o
 .debug_line    0x000070c6      0x86e USB_HOST_Library/Core/src/usbh_ioreq.o
 .debug_line    0x00007934      0x8fc USB_HOST_Library/Core/src/usbh_stdreq.o
 .debug_line    0x00008230      0x84e USB_OTG_Driver/src/usb_bsp.o
 .debug_line    0x00008a7e      0xb9f USB_OTG_Driver/src/usb_core.o
 .debug_line    0x0000961d      0x821 USB_OTG_Driver/src/usb_hcd.o
 .debug_line    0x00009e3e      0x96a USB_OTG_Driver/src/usb_hcd_int.o
 .debug_line    0x0000a7a8      0x6bf Utilities/stm32f4_discovery.o
 .debug_line    0x0000ae67      0x6d1 fat_fs/src/fattime.o
 .debug_line    0x0000b538     0x1743 fat_fs/src/ff.o
 .debug_line    0x0000cc7b      0x8e5 src/flash_api.o
 .debug_line    0x0000d560      0xaa3 src/main.o
 .debug_line    0x0000e003      0xb47 src/stm32f4xx_it.o
 .debug_line    0x0000eb4a      0x6ae src/system_stm32f4xx.o
 .debug_line    0x0000f1f8      0xb67 src/usbh_usr.o
 .debug_line    0x0000fd5f       0x7b startup/startup_stm32f4xx.o

.debug_str      0x00000000    0x62a2f
 .debug_str     0x00000000    0x55ef8 StdPeriph_Driver/src/misc.o
                              0x5609a (size before relaxing)
 .debug_str     0x00055ef8      0x1e5 StdPeriph_Driver/src/stm32f4xx_exti.o
                              0x5601d (size before relaxing)
 .debug_str     0x000560dd      0x3d8 StdPeriph_Driver/src/stm32f4xx_flash.o
                              0x56257 (size before relaxing)
 .debug_str     0x000564b5      0x2fa StdPeriph_Driver/src/stm32f4xx_gpio.o
                              0x56145 (size before relaxing)
 .debug_str     0x000567af      0xafd StdPeriph_Driver/src/stm32f4xx_rcc.o
                              0x569c6 (size before relaxing)
 .debug_str     0x000572ac      0xc2f StdPeriph_Driver/src/stm32f4xx_tim.o
                              0x56b39 (size before relaxing)
 .debug_str     0x00057edb     0x3587 USB_HOST_Library/Class/MSC/src/usbh_msc_bot.o
                              0x5957f (size before relaxing)
 .debug_str     0x0005b462      0x22b USB_HOST_Library/Class/MSC/src/usbh_msc_core.o
                              0x59155 (size before relaxing)
 .debug_str     0x0005b68d      0x2e2 USB_HOST_Library/Class/MSC/src/usbh_msc_fatfs.o
                              0x590cb (size before relaxing)
 .debug_str     0x0005b96f      0x108 USB_HOST_Library/Class/MSC/src/usbh_msc_scsi.o
                              0x588b5 (size before relaxing)
 .debug_str     0x0005ba77      0x117 USB_HOST_Library/Core/src/usbh_core.o
                              0x589f7 (size before relaxing)
 .debug_str     0x0005bb8e       0xbd USB_HOST_Library/Core/src/usbh_hcs.o
                              0x57cd8 (size before relaxing)
 .debug_str     0x0005bc4b       0xdd USB_HOST_Library/Core/src/usbh_ioreq.o
                              0x58644 (size before relaxing)
 .debug_str     0x0005bd28      0x1e1 USB_HOST_Library/Core/src/usbh_stdreq.o
                              0x587ef (size before relaxing)
 .debug_str     0x0005bf09      0x7f1 USB_OTG_Driver/src/usb_bsp.o
                              0x57e39 (size before relaxing)
 .debug_str     0x0005c6fa      0x9d2 USB_OTG_Driver/src/usb_core.o
                              0x57ea5 (size before relaxing)
 .debug_str     0x0005d0cc       0xc9 USB_OTG_Driver/src/usb_hcd.o
                              0x57471 (size before relaxing)
 .debug_str     0x0005d195      0x262 USB_OTG_Driver/src/usb_hcd_int.o
                              0x57c6e (size before relaxing)
 .debug_str     0x0005d3f7      0x170 Utilities/stm32f4_discovery.o
                              0x56a2a (size before relaxing)
 .debug_str     0x0005d567       0x24 fat_fs/src/fattime.o
                              0x55f90 (size before relaxing)
 .debug_str     0x0005d58b     0x1157 fat_fs/src/ff.o
                              0x591c1 (size before relaxing)
 .debug_str     0x0005e6e2      0x30e src/flash_api.o
                              0x58e11 (size before relaxing)
 .debug_str     0x0005e9f0     0x3c46 src/main.o
                              0x5e559 (size before relaxing)
 .debug_str     0x00062636      0x139 src/stm32f4xx_it.o
                              0x5d47b (size before relaxing)
 .debug_str     0x0006276f       0xbb src/system_stm32f4xx.o
                              0x56090 (size before relaxing)
 .debug_str     0x0006282a      0x205 src/usbh_usr.o
                              0x5d07a (size before relaxing)

.comment        0x00000000       0x6e
 .comment       0x00000000       0x6e StdPeriph_Driver/src/misc.o
                                 0x6f (size before relaxing)
 .comment       0x0000006e       0x6f StdPeriph_Driver/src/stm32f4xx_exti.o
 .comment       0x0000006e       0x6f StdPeriph_Driver/src/stm32f4xx_flash.o
 .comment       0x0000006e       0x6f StdPeriph_Driver/src/stm32f4xx_gpio.o
 .comment       0x0000006e       0x6f StdPeriph_Driver/src/stm32f4xx_rcc.o
 .comment       0x0000006e       0x6f StdPeriph_Driver/src/stm32f4xx_tim.o
 .comment       0x0000006e       0x6f USB_HOST_Library/Class/MSC/src/usbh_msc_bot.o
 .comment       0x0000006e       0x6f USB_HOST_Library/Class/MSC/src/usbh_msc_core.o
 .comment       0x0000006e       0x6f USB_HOST_Library/Class/MSC/src/usbh_msc_fatfs.o
 .comment       0x0000006e       0x6f USB_HOST_Library/Class/MSC/src/usbh_msc_scsi.o
 .comment       0x0000006e       0x6f USB_HOST_Library/Core/src/usbh_core.o
 .comment       0x0000006e       0x6f USB_HOST_Library/Core/src/usbh_hcs.o
 .comment       0x0000006e       0x6f USB_HOST_Library/Core/src/usbh_ioreq.o
 .comment       0x0000006e       0x6f USB_HOST_Library/Core/src/usbh_stdreq.o
 .comment       0x0000006e       0x6f USB_OTG_Driver/src/usb_bsp.o
 .comment       0x0000006e       0x6f USB_OTG_Driver/src/usb_core.o
 .comment       0x0000006e       0x6f USB_OTG_Driver/src/usb_hcd.o
 .comment       0x0000006e       0x6f USB_OTG_Driver/src/usb_hcd_int.o
 .comment       0x0000006e       0x6f Utilities/stm32f4_discovery.o
 .comment       0x0000006e       0x6f fat_fs/src/fattime.o
 .comment       0x0000006e       0x6f fat_fs/src/ff.o
 .comment       0x0000006e       0x6f src/flash_api.o
 .comment       0x0000006e       0x6f src/main.o
 .comment       0x0000006e       0x6f src/stm32f4xx_it.o
 .comment       0x0000006e       0x6f src/system_stm32f4xx.o
 .comment       0x0000006e       0x6f src/usbh_usr.o

.debug_frame    0x00000000     0x3e74
 .debug_frame   0x00000000       0xd8 StdPeriph_Driver/src/misc.o
 .debug_frame   0x000000d8      0x148 StdPeriph_Driver/src/stm32f4xx_exti.o
 .debug_frame   0x00000220      0x450 StdPeriph_Driver/src/stm32f4xx_flash.o
 .debug_frame   0x00000670      0x23c StdPeriph_Driver/src/stm32f4xx_gpio.o
 .debug_frame   0x000008ac      0x6d4 StdPeriph_Driver/src/stm32f4xx_rcc.o
 .debug_frame   0x00000f80      0xe54 StdPeriph_Driver/src/stm32f4xx_tim.o
 .debug_frame   0x00001dd4       0xa4 USB_HOST_Library/Class/MSC/src/usbh_msc_bot.o
 .debug_frame   0x00001e78      0x11c USB_HOST_Library/Class/MSC/src/usbh_msc_core.o
 .debug_frame   0x00001f94       0xcc USB_HOST_Library/Class/MSC/src/usbh_msc_fatfs.o
 .debug_frame   0x00002060       0xe8 USB_HOST_Library/Class/MSC/src/usbh_msc_scsi.o
 .debug_frame   0x00002148      0x144 USB_HOST_Library/Core/src/usbh_core.o
 .debug_frame   0x0000228c       0xf4 USB_HOST_Library/Core/src/usbh_hcs.o
 .debug_frame   0x00002380      0x158 USB_HOST_Library/Core/src/usbh_ioreq.o
 .debug_frame   0x000024d8      0x1fc USB_HOST_Library/Core/src/usbh_stdreq.o
 .debug_frame   0x000026d4      0x18c USB_OTG_Driver/src/usb_bsp.o
 .debug_frame   0x00002860      0x468 USB_OTG_Driver/src/usb_core.o
 .debug_frame   0x00002cc8      0x190 USB_OTG_Driver/src/usb_hcd.o
 .debug_frame   0x00002e58      0x1ac USB_OTG_Driver/src/usb_hcd_int.o
 .debug_frame   0x00003004       0xf4 Utilities/stm32f4_discovery.o
 .debug_frame   0x000030f8       0x30 fat_fs/src/fattime.o
 .debug_frame   0x00003128      0x6bc fat_fs/src/ff.o
 .debug_frame   0x000037e4       0x5c src/flash_api.o
 .debug_frame   0x00003840       0xa0 src/main.o
 .debug_frame   0x000038e0      0x1a4 src/stm32f4xx_it.o
 .debug_frame   0x00003a84       0x7c src/system_stm32f4xx.o
 .debug_frame   0x00003b00      0x270 src/usbh_usr.o
 .debug_frame   0x00003d70       0x2c /home/ghazi/Ac6/SystemWorkbench/plugins/fr.ac6.mcu.externaltools.arm-none.linux64_1.13.1.201707031232/tools/compiler/bin/../lib/gcc/arm-none-eabi/5.4.1/../../../../arm-none-eabi/lib/armv7e-m/fpu/libc.a(lib_a-init.o)
 .debug_frame   0x00003d9c       0x50 /home/ghazi/Ac6/SystemWorkbench/plugins/fr.ac6.mcu.externaltools.arm-none.linux64_1.13.1.201707031232/tools/compiler/bin/../lib/gcc/arm-none-eabi/5.4.1/../../../../arm-none-eabi/lib/armv7e-m/fpu/libc.a(lib_a-__call_atexit.o)
 .debug_frame   0x00003dec       0x20 /home/ghazi/Ac6/SystemWorkbench/plugins/fr.ac6.mcu.externaltools.arm-none.linux64_1.13.1.201707031232/tools/compiler/bin/../lib/gcc/arm-none-eabi/5.4.1/../../../../arm-none-eabi/lib/armv7e-m/fpu/libc.a(lib_a-atexit.o)
 .debug_frame   0x00003e0c       0x34 /home/ghazi/Ac6/SystemWorkbench/plugins/fr.ac6.mcu.externaltools.arm-none.linux64_1.13.1.201707031232/tools/compiler/bin/../lib/gcc/arm-none-eabi/5.4.1/../../../../arm-none-eabi/lib/armv7e-m/fpu/libc.a(lib_a-fini.o)
 .debug_frame   0x00003e40       0x34 /home/ghazi/Ac6/SystemWorkbench/plugins/fr.ac6.mcu.externaltools.arm-none.linux64_1.13.1.201707031232/tools/compiler/bin/../lib/gcc/arm-none-eabi/5.4.1/../../../../arm-none-eabi/lib/armv7e-m/fpu/libc.a(lib_a-__atexit.o)
